<!doctype html public "-//w3c//dtd html 4.0 transitional//en">
<html><head>
<title>Static Call Graph - [.\Output\Radtel_RT900.axf]</title></head>
<body><HR>
<H1>Static Call Graph for image .\Output\Radtel_RT900.axf</H1><HR>
<BR><P>#&#060CALLGRAPH&#062# ARM Linker, 5060422: Last Updated: Wed Mar 05 09:03:42 2025
<BR><P>
<H3>Maximum Stack Usage =       4456 bytes + Unknown(Cycles, Untraceable Function Pointers)</H3><H3>
Call chain for Maximum Stack Depth:</H3>
main &rArr; AppRunTask &rArr; KeyProcess_Search &rArr; FastEnterChMemMenu &rArr; Menu_EnterNextLevel &rArr; Menu_SaveSelectItem &rArr; EnterResetMode &rArr; App_10msTask &rArr; PTT_ScanTask &rArr; AlarmFuncSwitch &rArr; Radio_EnterTxMode &rArr; ExitAllFunction &rArr; Menu_ExitMode &rArr; Flash_SaveChannelData &rArr; Flash_ModifyChannelData &rArr; SpiFlash_WriteBytes &rArr; SpiFlash_WriteByte_InPage &rArr; SpiFlash_CheckBusy &rArr; SpiFlash_ReadStatus &rArr; SpiFlash_SendByte
<P>
<H3>
Mutually Recursive functions
</H3> <LI><a href="#[12]">ADC1_COMP_IRQHandler</a>&nbsp;&nbsp;&nbsp;&rArr;&nbsp;&nbsp;&nbsp;<a href="#[12]">ADC1_COMP_IRQHandler</a><BR>
</UL>
<P>
<H3>
Function Pointers
</H3><UL>
 <LI><a href="#[12]">ADC1_COMP_IRQHandler</a> from startup_bt32f0x.o(.text) referenced from startup_bt32f0x.o(RESET)
 <LI><a href="#[24]">ALU_IRQHandler</a> from startup_bt32f0x.o(.text) referenced from startup_bt32f0x.o(RESET)
 <LI><a href="#[f]">DMA1_Channel1_IRQHandler</a> from startup_bt32f0x.o(.text) referenced from startup_bt32f0x.o(RESET)
 <LI><a href="#[10]">DMA1_Channel2_3_IRQHandler</a> from startup_bt32f0x.o(.text) referenced from startup_bt32f0x.o(RESET)
 <LI><a href="#[11]">DMA1_Channel4_5_IRQHandler</a> from bt32f0x_it.o(i.DMA1_Channel4_5_IRQHandler) referenced from startup_bt32f0x.o(RESET)
 <LI><a href="#[b]">EXTI0_1_IRQHandler</a> from startup_bt32f0x.o(.text) referenced from startup_bt32f0x.o(RESET)
 <LI><a href="#[c]">EXTI2_3_IRQHandler</a> from startup_bt32f0x.o(.text) referenced from startup_bt32f0x.o(RESET)
 <LI><a href="#[d]">EXTI4_15_IRQHandler</a> from startup_bt32f0x.o(.text) referenced from startup_bt32f0x.o(RESET)
 <LI><a href="#[9]">FLASH_IRQHandler</a> from startup_bt32f0x.o(.text) referenced from startup_bt32f0x.o(RESET)
 <LI><a href="#[2]">HardFault_Handler</a> from bt32f0x_it.o(i.HardFault_Handler) referenced from startup_bt32f0x.o(RESET)
 <LI><a href="#[1d]">I2C1_IRQHandler</a> from startup_bt32f0x.o(.text) referenced from startup_bt32f0x.o(RESET)
 <LI><a href="#[1e]">I2C2_IRQHandler</a> from startup_bt32f0x.o(.text) referenced from startup_bt32f0x.o(RESET)
 <LI><a href="#[1]">NMI_Handler</a> from bt32f0x_it.o(i.NMI_Handler) referenced from startup_bt32f0x.o(RESET)
 <LI><a href="#[7]">PVD_IRQHandler</a> from startup_bt32f0x.o(.text) referenced from startup_bt32f0x.o(RESET)
 <LI><a href="#[4]">PendSV_Handler</a> from bt32f0x_it.o(i.PendSV_Handler) referenced from startup_bt32f0x.o(RESET)
 <LI><a href="#[a]">RCC_IRQHandler</a> from startup_bt32f0x.o(.text) referenced from startup_bt32f0x.o(RESET)
 <LI><a href="#[8]">RTC_IRQHandler</a> from startup_bt32f0x.o(.text) referenced from startup_bt32f0x.o(RESET)
 <LI><a href="#[0]">Reset_Handler</a> from startup_bt32f0x.o(.text) referenced from startup_bt32f0x.o(RESET)
 <LI><a href="#[1f]">SPI1_IRQHandler</a> from startup_bt32f0x.o(.text) referenced from startup_bt32f0x.o(RESET)
 <LI><a href="#[20]">SPI2_IRQHandler</a> from startup_bt32f0x.o(.text) referenced from startup_bt32f0x.o(RESET)
 <LI><a href="#[3]">SVC_Handler</a> from bt32f0x_it.o(i.SVC_Handler) referenced from startup_bt32f0x.o(RESET)
 <LI><a href="#[5]">SysTick_Handler</a> from bt32f0x_it.o(i.SysTick_Handler) referenced from startup_bt32f0x.o(RESET)
 <LI><a href="#[26]">SystemInit</a> from system_bt32f0x.o(i.SystemInit) referenced from startup_bt32f0x.o(.text)
 <LI><a href="#[19]">TIM14_IRQHandler</a> from startup_bt32f0x.o(.text) referenced from startup_bt32f0x.o(RESET)
 <LI><a href="#[1a]">TIM15_IRQHandler</a> from startup_bt32f0x.o(.text) referenced from startup_bt32f0x.o(RESET)
 <LI><a href="#[1b]">TIM16_IRQHandler</a> from startup_bt32f0x.o(.text) referenced from startup_bt32f0x.o(RESET)
 <LI><a href="#[1c]">TIM17_IRQHandler</a> from startup_bt32f0x.o(.text) referenced from startup_bt32f0x.o(RESET)
 <LI><a href="#[13]">TIM1_BRK_UP_TRG_COM_IRQHandler</a> from startup_bt32f0x.o(.text) referenced from startup_bt32f0x.o(RESET)
 <LI><a href="#[14]">TIM1_CC_IRQHandler</a> from startup_bt32f0x.o(.text) referenced from startup_bt32f0x.o(RESET)
 <LI><a href="#[15]">TIM2_IRQHandler</a> from startup_bt32f0x.o(.text) referenced from startup_bt32f0x.o(RESET)
 <LI><a href="#[16]">TIM3_IRQHandler</a> from startup_bt32f0x.o(.text) referenced from startup_bt32f0x.o(RESET)
 <LI><a href="#[17]">TIM6_IRQHandler</a> from startup_bt32f0x.o(.text) referenced from startup_bt32f0x.o(RESET)
 <LI><a href="#[18]">TIM7_IRQHandler</a> from startup_bt32f0x.o(.text) referenced from startup_bt32f0x.o(RESET)
 <LI><a href="#[e]">TS_IRQHandler</a> from startup_bt32f0x.o(.text) referenced from startup_bt32f0x.o(RESET)
 <LI><a href="#[21]">USART1_IRQHandler</a> from bt32f0x_it.o(i.USART1_IRQHandler) referenced from startup_bt32f0x.o(RESET)
 <LI><a href="#[22]">USART2_IRQHandler</a> from bt32f0x_it.o(i.USART2_IRQHandler) referenced from startup_bt32f0x.o(RESET)
 <LI><a href="#[23]">USART3_6IRQHandler</a> from startup_bt32f0x.o(.text) referenced from startup_bt32f0x.o(RESET)
 <LI><a href="#[6]">WWDG_IRQHandler</a> from startup_bt32f0x.o(.text) referenced from startup_bt32f0x.o(RESET)
 <LI><a href="#[27]">__main</a> from entry.o(.ARM.Collect$$$$00000000) referenced from startup_bt32f0x.o(.text)
 <LI><a href="#[28]">_sputc</a> from printf8.o(i._sputc) referenced from printf8.o(i.__0sprintf$8)
 <LI><a href="#[25]">main</a> from main.o(i.main) referenced from entry9a.o(.ARM.Collect$$$$0000000B)
</UL>
<P>
<H3>
Global Symbols
</H3>
<P><STRONG><a name="[27]"></a>__main</STRONG> (Thumb, 0 bytes, Stack size unknown bytes, entry.o(.ARM.Collect$$$$00000000))
<BR>[Address Reference Count : 1]<UL><LI> startup_bt32f0x.o(.text)
</UL>
<P><STRONG><a name="[239]"></a>_main_stk</STRONG> (Thumb, 0 bytes, Stack size unknown bytes, entry2.o(.ARM.Collect$$$$00000001))

<P><STRONG><a name="[29]"></a>_main_scatterload</STRONG> (Thumb, 0 bytes, Stack size unknown bytes, entry5.o(.ARM.Collect$$$$00000004))
<BR><BR>[Calls]<UL><LI><a href="#[2a]">&gt;&gt;</a>&nbsp;&nbsp;&nbsp;__scatterload
</UL>

<P><STRONG><a name="[37]"></a>__main_after_scatterload</STRONG> (Thumb, 0 bytes, Stack size unknown bytes, entry5.o(.ARM.Collect$$$$00000004))
<BR><BR>[Called By]<UL><LI><a href="#[2a]">&gt;&gt;</a>&nbsp;&nbsp;&nbsp;__scatterload
</UL>

<P><STRONG><a name="[23a]"></a>_main_clock</STRONG> (Thumb, 0 bytes, Stack size unknown bytes, entry7b.o(.ARM.Collect$$$$00000008))

<P><STRONG><a name="[23b]"></a>_main_cpp_init</STRONG> (Thumb, 0 bytes, Stack size unknown bytes, entry8b.o(.ARM.Collect$$$$0000000A))

<P><STRONG><a name="[23c]"></a>_main_init</STRONG> (Thumb, 0 bytes, Stack size unknown bytes, entry9a.o(.ARM.Collect$$$$0000000B))

<P><STRONG><a name="[23d]"></a>__rt_final_cpp</STRONG> (Thumb, 0 bytes, Stack size unknown bytes, entry10a.o(.ARM.Collect$$$$0000000D))

<P><STRONG><a name="[23e]"></a>__rt_final_exit</STRONG> (Thumb, 0 bytes, Stack size unknown bytes, entry11a.o(.ARM.Collect$$$$0000000F))

<P><STRONG><a name="[0]"></a>Reset_Handler</STRONG> (Thumb, 8 bytes, Stack size 0 bytes, startup_bt32f0x.o(.text))
<BR>[Address Reference Count : 1]<UL><LI> startup_bt32f0x.o(RESET)
</UL>
<P><STRONG><a name="[12]"></a>ADC1_COMP_IRQHandler</STRONG> (Thumb, 0 bytes, Stack size 0 bytes, startup_bt32f0x.o(.text))
<BR><BR>[Calls]<UL><LI><a href="#[12]">&gt;&gt;</a>&nbsp;&nbsp;&nbsp;ADC1_COMP_IRQHandler
</UL>
<BR>[Called By]<UL><LI><a href="#[12]">&gt;&gt;</a>&nbsp;&nbsp;&nbsp;ADC1_COMP_IRQHandler
</UL>
<BR>[Address Reference Count : 1]<UL><LI> startup_bt32f0x.o(RESET)
</UL>
<P><STRONG><a name="[24]"></a>ALU_IRQHandler</STRONG> (Thumb, 0 bytes, Stack size 0 bytes, startup_bt32f0x.o(.text))
<BR>[Address Reference Count : 1]<UL><LI> startup_bt32f0x.o(RESET)
</UL>
<P><STRONG><a name="[f]"></a>DMA1_Channel1_IRQHandler</STRONG> (Thumb, 0 bytes, Stack size 0 bytes, startup_bt32f0x.o(.text))
<BR>[Address Reference Count : 1]<UL><LI> startup_bt32f0x.o(RESET)
</UL>
<P><STRONG><a name="[10]"></a>DMA1_Channel2_3_IRQHandler</STRONG> (Thumb, 0 bytes, Stack size 0 bytes, startup_bt32f0x.o(.text))
<BR>[Address Reference Count : 1]<UL><LI> startup_bt32f0x.o(RESET)
</UL>
<P><STRONG><a name="[b]"></a>EXTI0_1_IRQHandler</STRONG> (Thumb, 0 bytes, Stack size 0 bytes, startup_bt32f0x.o(.text))
<BR>[Address Reference Count : 1]<UL><LI> startup_bt32f0x.o(RESET)
</UL>
<P><STRONG><a name="[c]"></a>EXTI2_3_IRQHandler</STRONG> (Thumb, 0 bytes, Stack size 0 bytes, startup_bt32f0x.o(.text))
<BR>[Address Reference Count : 1]<UL><LI> startup_bt32f0x.o(RESET)
</UL>
<P><STRONG><a name="[d]"></a>EXTI4_15_IRQHandler</STRONG> (Thumb, 0 bytes, Stack size 0 bytes, startup_bt32f0x.o(.text))
<BR>[Address Reference Count : 1]<UL><LI> startup_bt32f0x.o(RESET)
</UL>
<P><STRONG><a name="[9]"></a>FLASH_IRQHandler</STRONG> (Thumb, 0 bytes, Stack size 0 bytes, startup_bt32f0x.o(.text))
<BR>[Address Reference Count : 1]<UL><LI> startup_bt32f0x.o(RESET)
</UL>
<P><STRONG><a name="[1d]"></a>I2C1_IRQHandler</STRONG> (Thumb, 0 bytes, Stack size 0 bytes, startup_bt32f0x.o(.text))
<BR>[Address Reference Count : 1]<UL><LI> startup_bt32f0x.o(RESET)
</UL>
<P><STRONG><a name="[1e]"></a>I2C2_IRQHandler</STRONG> (Thumb, 0 bytes, Stack size 0 bytes, startup_bt32f0x.o(.text))
<BR>[Address Reference Count : 1]<UL><LI> startup_bt32f0x.o(RESET)
</UL>
<P><STRONG><a name="[7]"></a>PVD_IRQHandler</STRONG> (Thumb, 0 bytes, Stack size 0 bytes, startup_bt32f0x.o(.text))
<BR>[Address Reference Count : 1]<UL><LI> startup_bt32f0x.o(RESET)
</UL>
<P><STRONG><a name="[a]"></a>RCC_IRQHandler</STRONG> (Thumb, 0 bytes, Stack size 0 bytes, startup_bt32f0x.o(.text))
<BR>[Address Reference Count : 1]<UL><LI> startup_bt32f0x.o(RESET)
</UL>
<P><STRONG><a name="[8]"></a>RTC_IRQHandler</STRONG> (Thumb, 0 bytes, Stack size 0 bytes, startup_bt32f0x.o(.text))
<BR>[Address Reference Count : 1]<UL><LI> startup_bt32f0x.o(RESET)
</UL>
<P><STRONG><a name="[1f]"></a>SPI1_IRQHandler</STRONG> (Thumb, 0 bytes, Stack size 0 bytes, startup_bt32f0x.o(.text))
<BR>[Address Reference Count : 1]<UL><LI> startup_bt32f0x.o(RESET)
</UL>
<P><STRONG><a name="[20]"></a>SPI2_IRQHandler</STRONG> (Thumb, 0 bytes, Stack size 0 bytes, startup_bt32f0x.o(.text))
<BR>[Address Reference Count : 1]<UL><LI> startup_bt32f0x.o(RESET)
</UL>
<P><STRONG><a name="[19]"></a>TIM14_IRQHandler</STRONG> (Thumb, 0 bytes, Stack size 0 bytes, startup_bt32f0x.o(.text))
<BR>[Address Reference Count : 1]<UL><LI> startup_bt32f0x.o(RESET)
</UL>
<P><STRONG><a name="[1a]"></a>TIM15_IRQHandler</STRONG> (Thumb, 0 bytes, Stack size 0 bytes, startup_bt32f0x.o(.text))
<BR>[Address Reference Count : 1]<UL><LI> startup_bt32f0x.o(RESET)
</UL>
<P><STRONG><a name="[1b]"></a>TIM16_IRQHandler</STRONG> (Thumb, 0 bytes, Stack size 0 bytes, startup_bt32f0x.o(.text))
<BR>[Address Reference Count : 1]<UL><LI> startup_bt32f0x.o(RESET)
</UL>
<P><STRONG><a name="[1c]"></a>TIM17_IRQHandler</STRONG> (Thumb, 0 bytes, Stack size 0 bytes, startup_bt32f0x.o(.text))
<BR>[Address Reference Count : 1]<UL><LI> startup_bt32f0x.o(RESET)
</UL>
<P><STRONG><a name="[13]"></a>TIM1_BRK_UP_TRG_COM_IRQHandler</STRONG> (Thumb, 0 bytes, Stack size 0 bytes, startup_bt32f0x.o(.text))
<BR>[Address Reference Count : 1]<UL><LI> startup_bt32f0x.o(RESET)
</UL>
<P><STRONG><a name="[14]"></a>TIM1_CC_IRQHandler</STRONG> (Thumb, 0 bytes, Stack size 0 bytes, startup_bt32f0x.o(.text))
<BR>[Address Reference Count : 1]<UL><LI> startup_bt32f0x.o(RESET)
</UL>
<P><STRONG><a name="[15]"></a>TIM2_IRQHandler</STRONG> (Thumb, 0 bytes, Stack size 0 bytes, startup_bt32f0x.o(.text))
<BR>[Address Reference Count : 1]<UL><LI> startup_bt32f0x.o(RESET)
</UL>
<P><STRONG><a name="[16]"></a>TIM3_IRQHandler</STRONG> (Thumb, 0 bytes, Stack size 0 bytes, startup_bt32f0x.o(.text))
<BR>[Address Reference Count : 1]<UL><LI> startup_bt32f0x.o(RESET)
</UL>
<P><STRONG><a name="[17]"></a>TIM6_IRQHandler</STRONG> (Thumb, 0 bytes, Stack size 0 bytes, startup_bt32f0x.o(.text))
<BR>[Address Reference Count : 1]<UL><LI> startup_bt32f0x.o(RESET)
</UL>
<P><STRONG><a name="[18]"></a>TIM7_IRQHandler</STRONG> (Thumb, 0 bytes, Stack size 0 bytes, startup_bt32f0x.o(.text))
<BR>[Address Reference Count : 1]<UL><LI> startup_bt32f0x.o(RESET)
</UL>
<P><STRONG><a name="[e]"></a>TS_IRQHandler</STRONG> (Thumb, 0 bytes, Stack size 0 bytes, startup_bt32f0x.o(.text))
<BR>[Address Reference Count : 1]<UL><LI> startup_bt32f0x.o(RESET)
</UL>
<P><STRONG><a name="[23]"></a>USART3_6IRQHandler</STRONG> (Thumb, 0 bytes, Stack size 0 bytes, startup_bt32f0x.o(.text))
<BR>[Address Reference Count : 1]<UL><LI> startup_bt32f0x.o(RESET)
</UL>
<P><STRONG><a name="[6]"></a>WWDG_IRQHandler</STRONG> (Thumb, 0 bytes, Stack size 0 bytes, startup_bt32f0x.o(.text))
<BR>[Address Reference Count : 1]<UL><LI> startup_bt32f0x.o(RESET)
</UL>
<P><STRONG><a name="[23f]"></a>__aeabi_uidiv</STRONG> (Thumb, 0 bytes, Stack size 12 bytes, uidiv.o(.text), UNUSED)

<P><STRONG><a name="[8a]"></a>__aeabi_uidivmod</STRONG> (Thumb, 44 bytes, Stack size 12 bytes, uidiv.o(.text))
<BR><BR>[Stack]<UL><LI>Max Depth = 12<LI>Call Chain = __aeabi_uidivmod
</UL>
<BR>[Called By]<UL><LI><a href="#[217]">&gt;&gt;</a>&nbsp;&nbsp;&nbsp;SysTickHandler
<LI><a href="#[1bd]">&gt;&gt;</a>&nbsp;&nbsp;&nbsp;RCC_GetClocksFreq
<LI><a href="#[1a7]">&gt;&gt;</a>&nbsp;&nbsp;&nbsp;VfoFreqUp
<LI><a href="#[1a6]">&gt;&gt;</a>&nbsp;&nbsp;&nbsp;VfoFreqDown
<LI><a href="#[18c]">&gt;&gt;</a>&nbsp;&nbsp;&nbsp;Radio_ReverseSwitch
<LI><a href="#[118]">&gt;&gt;</a>&nbsp;&nbsp;&nbsp;DualModeFastSwitch
<LI><a href="#[b7]">&gt;&gt;</a>&nbsp;&nbsp;&nbsp;ChDisModeFastSwitch
<LI><a href="#[184]">&gt;&gt;</a>&nbsp;&nbsp;&nbsp;SideKey_Process
<LI><a href="#[158]">&gt;&gt;</a>&nbsp;&nbsp;&nbsp;FmDisplayFreq
<LI><a href="#[89]">&gt;&gt;</a>&nbsp;&nbsp;&nbsp;Audio_PlayChanNum
<LI><a href="#[15b]">&gt;&gt;</a>&nbsp;&nbsp;&nbsp;SeekActiveFmChUp
<LI><a href="#[49]">&gt;&gt;</a>&nbsp;&nbsp;&nbsp;Rfic_SetToneFreq
<LI><a href="#[4d]">&gt;&gt;</a>&nbsp;&nbsp;&nbsp;Rfic_SetPA
<LI><a href="#[e3]">&gt;&gt;</a>&nbsp;&nbsp;&nbsp;CheckProgromMode
<LI><a href="#[a9]">&gt;&gt;</a>&nbsp;&nbsp;&nbsp;SysTick_Init
<LI><a href="#[221]">&gt;&gt;</a>&nbsp;&nbsp;&nbsp;USART_Init
<LI><a href="#[233]">&gt;&gt;</a>&nbsp;&nbsp;&nbsp;WeatherDisplayFreq
<LI><a href="#[1c6]">&gt;&gt;</a>&nbsp;&nbsp;&nbsp;Rfic_ConfigRxMode
<LI><a href="#[19c]">&gt;&gt;</a>&nbsp;&nbsp;&nbsp;WeatherChannelUp
<LI><a href="#[71]">&gt;&gt;</a>&nbsp;&nbsp;&nbsp;BatteryCheckTask
<LI><a href="#[199]">&gt;&gt;</a>&nbsp;&nbsp;&nbsp;SearchFreqModeDisplayStepMsg
<LI><a href="#[1fa]">&gt;&gt;</a>&nbsp;&nbsp;&nbsp;SearchFreqModeDisplayDCSData
<LI><a href="#[51]">&gt;&gt;</a>&nbsp;&nbsp;&nbsp;SearchFreqTask
<LI><a href="#[12e]">&gt;&gt;</a>&nbsp;&nbsp;&nbsp;QTScanDisplayHome
<LI><a href="#[1bc]">&gt;&gt;</a>&nbsp;&nbsp;&nbsp;QTScanDisplay
<LI><a href="#[52]">&gt;&gt;</a>&nbsp;&nbsp;&nbsp;TaskRemoteScanQT
<LI><a href="#[c1]">&gt;&gt;</a>&nbsp;&nbsp;&nbsp;SeekActiveChannel_Up
<LI><a href="#[131]">&gt;&gt;</a>&nbsp;&nbsp;&nbsp;ResetRadioFunData
<LI><a href="#[be]">&gt;&gt;</a>&nbsp;&nbsp;&nbsp;CheckFreqInRange
<LI><a href="#[1ac]">&gt;&gt;</a>&nbsp;&nbsp;&nbsp;Menu_SaveSelectItem
<LI><a href="#[1a4]">&gt;&gt;</a>&nbsp;&nbsp;&nbsp;LongIntoI2C
<LI><a href="#[1df]">&gt;&gt;</a>&nbsp;&nbsp;&nbsp;Rfic_SQLSetup
<LI><a href="#[1e1]">&gt;&gt;</a>&nbsp;&nbsp;&nbsp;Rfic_GetTxPAPara
<LI><a href="#[1db]">&gt;&gt;</a>&nbsp;&nbsp;&nbsp;Rfic_BandInitial
<LI><a href="#[b0]">&gt;&gt;</a>&nbsp;&nbsp;&nbsp;CTCSS_WithRfic
<LI><a href="#[d8]">&gt;&gt;</a>&nbsp;&nbsp;&nbsp;CheckFreqInTxFreqRange
<LI><a href="#[d5]">&gt;&gt;</a>&nbsp;&nbsp;&nbsp;CheckCanTxOverRange
<LI><a href="#[1da]">&gt;&gt;</a>&nbsp;&nbsp;&nbsp;Reset21Chans
<LI><a href="#[1a9]">&gt;&gt;</a>&nbsp;&nbsp;&nbsp;Menu_GetSubItemString
<LI><a href="#[16f]">&gt;&gt;</a>&nbsp;&nbsp;&nbsp;GetCtcssDisBuf
<LI><a href="#[102]">&gt;&gt;</a>&nbsp;&nbsp;&nbsp;DisplayInputVfoScan
<LI><a href="#[100]">&gt;&gt;</a>&nbsp;&nbsp;&nbsp;DisplayInputOffect
<LI><a href="#[fd]">&gt;&gt;</a>&nbsp;&nbsp;&nbsp;DisplayInputChFreq
<LI><a href="#[107]">&gt;&gt;</a>&nbsp;&nbsp;&nbsp;DisplayRssiValue
<LI><a href="#[f3]">&gt;&gt;</a>&nbsp;&nbsp;&nbsp;DisplayCurFreq
<LI><a href="#[201]">&gt;&gt;</a>&nbsp;&nbsp;&nbsp;SelectPinYin
<LI><a href="#[200]">&gt;&gt;</a>&nbsp;&nbsp;&nbsp;SelectHZ
<LI><a href="#[1ff]">&gt;&gt;</a>&nbsp;&nbsp;&nbsp;SelectBD
<LI><a href="#[99]">&gt;&gt;</a>&nbsp;&nbsp;&nbsp;DisplaySelectPy
</UL>

<P><STRONG><a name="[35]"></a>__rt_ctype_table</STRONG> (Thumb, 4 bytes, Stack size 0 bytes, ctype_o.o(.text))
<BR><BR>[Called By]<UL><LI><a href="#[30]">&gt;&gt;</a>&nbsp;&nbsp;&nbsp;strtol
</UL>

<P><STRONG><a name="[a3]"></a>__aeabi_memcpy</STRONG> (Thumb, 36 bytes, Stack size 0 bytes, memcpya.o(.text))
<BR><BR>[Called By]<UL><LI><a href="#[110]">&gt;&gt;</a>&nbsp;&nbsp;&nbsp;DtmfSendCodeOn
<LI><a href="#[e1]">&gt;&gt;</a>&nbsp;&nbsp;&nbsp;Flash_SaveVfoData
<LI><a href="#[e0]">&gt;&gt;</a>&nbsp;&nbsp;&nbsp;Flash_SaveRadioImfosData
<LI><a href="#[ff]">&gt;&gt;</a>&nbsp;&nbsp;&nbsp;DisplayInputDtmf
<LI><a href="#[a2]">&gt;&gt;</a>&nbsp;&nbsp;&nbsp;BatteryInitLevel
<LI><a href="#[130]">&gt;&gt;</a>&nbsp;&nbsp;&nbsp;ResetVfoModeData
<LI><a href="#[131]">&gt;&gt;</a>&nbsp;&nbsp;&nbsp;ResetRadioFunData
<LI><a href="#[14d]">&gt;&gt;</a>&nbsp;&nbsp;&nbsp;Flash_ModifyChannelData
<LI><a href="#[1b5]">&gt;&gt;</a>&nbsp;&nbsp;&nbsp;SaveChMemory
<LI><a href="#[1ac]">&gt;&gt;</a>&nbsp;&nbsp;&nbsp;Menu_SaveSelectItem
<LI><a href="#[151]">&gt;&gt;</a>&nbsp;&nbsp;&nbsp;Flash_ReadRadioImfosData
<LI><a href="#[ce]">&gt;&gt;</a>&nbsp;&nbsp;&nbsp;Flash_ReadVfoData
<LI><a href="#[12b]">&gt;&gt;</a>&nbsp;&nbsp;&nbsp;ProgromWriteReadData
<LI><a href="#[120]">&gt;&gt;</a>&nbsp;&nbsp;&nbsp;HandleProgromCmd
<LI><a href="#[1da]">&gt;&gt;</a>&nbsp;&nbsp;&nbsp;Reset21Chans
<LI><a href="#[21b]">&gt;&gt;</a>&nbsp;&nbsp;&nbsp;TranStrToMiddle
<LI><a href="#[f6]">&gt;&gt;</a>&nbsp;&nbsp;&nbsp;FillChannelName2Buf
</UL>

<P><STRONG><a name="[1f9]"></a>__aeabi_memcpy4</STRONG> (Thumb, 0 bytes, Stack size 0 bytes, memcpya.o(.text))
<BR><BR>[Called By]<UL><LI><a href="#[25]">&gt;&gt;</a>&nbsp;&nbsp;&nbsp;main
<LI><a href="#[1b5]">&gt;&gt;</a>&nbsp;&nbsp;&nbsp;SaveChMemory
</UL>

<P><STRONG><a name="[240]"></a>__aeabi_memcpy8</STRONG> (Thumb, 0 bytes, Stack size 0 bytes, memcpya.o(.text), UNUSED)

<P><STRONG><a name="[2c]"></a>__aeabi_memset</STRONG> (Thumb, 14 bytes, Stack size 0 bytes, memseta.o(.text))
<BR><BR>[Called By]<UL><LI><a href="#[101]">&gt;&gt;</a>&nbsp;&nbsp;&nbsp;DisplayInputVfoFreq
<LI><a href="#[15e]">&gt;&gt;</a>&nbsp;&nbsp;&nbsp;FmDisplayInputFreq
<LI><a href="#[157]">&gt;&gt;</a>&nbsp;&nbsp;&nbsp;FmDisplayInputChNum
<LI><a href="#[ff]">&gt;&gt;</a>&nbsp;&nbsp;&nbsp;DisplayInputDtmf
<LI><a href="#[170]">&gt;&gt;</a>&nbsp;&nbsp;&nbsp;GetDtmfEditCode
<LI><a href="#[199]">&gt;&gt;</a>&nbsp;&nbsp;&nbsp;SearchFreqModeDisplayStepMsg
<LI><a href="#[1fa]">&gt;&gt;</a>&nbsp;&nbsp;&nbsp;SearchFreqModeDisplayDCSData
<LI><a href="#[198]">&gt;&gt;</a>&nbsp;&nbsp;&nbsp;QTScanDisplayStatus
<LI><a href="#[1bc]">&gt;&gt;</a>&nbsp;&nbsp;&nbsp;QTScanDisplay
<LI><a href="#[131]">&gt;&gt;</a>&nbsp;&nbsp;&nbsp;ResetRadioFunData
<LI><a href="#[1ac]">&gt;&gt;</a>&nbsp;&nbsp;&nbsp;Menu_SaveSelectItem
<LI><a href="#[12b]">&gt;&gt;</a>&nbsp;&nbsp;&nbsp;ProgromWriteReadData
<LI><a href="#[1a9]">&gt;&gt;</a>&nbsp;&nbsp;&nbsp;Menu_GetSubItemString
<LI><a href="#[102]">&gt;&gt;</a>&nbsp;&nbsp;&nbsp;DisplayInputVfoScan
<LI><a href="#[100]">&gt;&gt;</a>&nbsp;&nbsp;&nbsp;DisplayInputOffect
<LI><a href="#[fd]">&gt;&gt;</a>&nbsp;&nbsp;&nbsp;DisplayInputChFreq
<LI><a href="#[21b]">&gt;&gt;</a>&nbsp;&nbsp;&nbsp;TranStrToMiddle
<LI><a href="#[f6]">&gt;&gt;</a>&nbsp;&nbsp;&nbsp;FillChannelName2Buf
<LI><a href="#[99]">&gt;&gt;</a>&nbsp;&nbsp;&nbsp;DisplaySelectPy
<LI><a href="#[2d]">&gt;&gt;</a>&nbsp;&nbsp;&nbsp;_memset$wrapper
<LI><a href="#[2b]">&gt;&gt;</a>&nbsp;&nbsp;&nbsp;__aeabi_memclr
</UL>

<P><STRONG><a name="[241]"></a>__aeabi_memset4</STRONG> (Thumb, 0 bytes, Stack size 0 bytes, memseta.o(.text), UNUSED)

<P><STRONG><a name="[242]"></a>__aeabi_memset8</STRONG> (Thumb, 0 bytes, Stack size 0 bytes, memseta.o(.text), UNUSED)

<P><STRONG><a name="[2b]"></a>__aeabi_memclr</STRONG> (Thumb, 4 bytes, Stack size 0 bytes, memseta.o(.text))
<BR><BR>[Calls]<UL><LI><a href="#[2c]">&gt;&gt;</a>&nbsp;&nbsp;&nbsp;__aeabi_memset
</UL>
<BR>[Called By]<UL><LI><a href="#[b8]">&gt;&gt;</a>&nbsp;&nbsp;&nbsp;ResetInputBuf
<LI><a href="#[1ba]">&gt;&gt;</a>&nbsp;&nbsp;&nbsp;ProgromInit
<LI><a href="#[bd]">&gt;&gt;</a>&nbsp;&nbsp;&nbsp;ChannelCheckActiveAll
<LI><a href="#[a2]">&gt;&gt;</a>&nbsp;&nbsp;&nbsp;BatteryInitLevel
<LI><a href="#[12f]">&gt;&gt;</a>&nbsp;&nbsp;&nbsp;EnterResetMode
<LI><a href="#[10e]">&gt;&gt;</a>&nbsp;&nbsp;&nbsp;DrowInputWindow
<LI><a href="#[9b]">&gt;&gt;</a>&nbsp;&nbsp;&nbsp;ClearPyIndex
<LI><a href="#[e8]">&gt;&gt;</a>&nbsp;&nbsp;&nbsp;ClearInputBuffer
</UL>

<P><STRONG><a name="[7a]"></a>__aeabi_memclr4</STRONG> (Thumb, 0 bytes, Stack size 0 bytes, memseta.o(.text))
<BR><BR>[Called By]<UL><LI><a href="#[e0]">&gt;&gt;</a>&nbsp;&nbsp;&nbsp;Flash_SaveRadioImfosData
<LI><a href="#[e2]">&gt;&gt;</a>&nbsp;&nbsp;&nbsp;Flash_SaveChannelData
<LI><a href="#[79]">&gt;&gt;</a>&nbsp;&nbsp;&nbsp;AudioHard_Init
<LI><a href="#[21c]">&gt;&gt;</a>&nbsp;&nbsp;&nbsp;UI_DisplayPowerOn
<LI><a href="#[bd]">&gt;&gt;</a>&nbsp;&nbsp;&nbsp;ChannelCheckActiveAll
<LI><a href="#[1b5]">&gt;&gt;</a>&nbsp;&nbsp;&nbsp;SaveChMemory
<LI><a href="#[151]">&gt;&gt;</a>&nbsp;&nbsp;&nbsp;Flash_ReadRadioImfosData
<LI><a href="#[1da]">&gt;&gt;</a>&nbsp;&nbsp;&nbsp;Reset21Chans
<LI><a href="#[1aa]">&gt;&gt;</a>&nbsp;&nbsp;&nbsp;UpdateMenuDisplay
<LI><a href="#[f5]">&gt;&gt;</a>&nbsp;&nbsp;&nbsp;LCD_DisplayText
<LI><a href="#[f9]">&gt;&gt;</a>&nbsp;&nbsp;&nbsp;LCD_DisplayNum6X9
<LI><a href="#[f2]">&gt;&gt;</a>&nbsp;&nbsp;&nbsp;LCD_DisplayNum12x17
</UL>

<P><STRONG><a name="[243]"></a>__aeabi_memclr8</STRONG> (Thumb, 0 bytes, Stack size 0 bytes, memseta.o(.text), UNUSED)

<P><STRONG><a name="[2d]"></a>_memset$wrapper</STRONG> (Thumb, 18 bytes, Stack size 8 bytes, memseta.o(.text), UNUSED)
<BR><BR>[Calls]<UL><LI><a href="#[2c]">&gt;&gt;</a>&nbsp;&nbsp;&nbsp;__aeabi_memset
</UL>

<P><STRONG><a name="[fe]"></a>strncpy</STRONG> (Thumb, 26 bytes, Stack size 8 bytes, strncpy.o(.text))
<BR><BR>[Stack]<UL><LI>Max Depth = 8<LI>Call Chain = strncpy
</UL>
<BR>[Called By]<UL><LI><a href="#[102]">&gt;&gt;</a>&nbsp;&nbsp;&nbsp;DisplayInputVfoScan
<LI><a href="#[100]">&gt;&gt;</a>&nbsp;&nbsp;&nbsp;DisplayInputOffect
<LI><a href="#[fd]">&gt;&gt;</a>&nbsp;&nbsp;&nbsp;DisplayInputChFreq
</UL>

<P><STRONG><a name="[149]"></a>strlen</STRONG> (Thumb, 14 bytes, Stack size 0 bytes, strlen.o(.text))
<BR><BR>[Called By]<UL><LI><a href="#[21b]">&gt;&gt;</a>&nbsp;&nbsp;&nbsp;TranStrToMiddle
<LI><a href="#[f6]">&gt;&gt;</a>&nbsp;&nbsp;&nbsp;FillChannelName2Buf
<LI><a href="#[98]">&gt;&gt;</a>&nbsp;&nbsp;&nbsp;SearchPyIndex
</UL>

<P><STRONG><a name="[dd]"></a>memcmp</STRONG> (Thumb, 26 bytes, Stack size 12 bytes, memcmp.o(.text))
<BR><BR>[Stack]<UL><LI>Max Depth = 12<LI>Call Chain = memcmp
</UL>
<BR>[Called By]<UL><LI><a href="#[e1]">&gt;&gt;</a>&nbsp;&nbsp;&nbsp;Flash_SaveVfoData
<LI><a href="#[e0]">&gt;&gt;</a>&nbsp;&nbsp;&nbsp;Flash_SaveRadioImfosData
<LI><a href="#[e2]">&gt;&gt;</a>&nbsp;&nbsp;&nbsp;Flash_SaveChannelData
<LI><a href="#[dc]">&gt;&gt;</a>&nbsp;&nbsp;&nbsp;CheckLinkHead
</UL>

<P><STRONG><a name="[222]"></a>strcpy</STRONG> (Thumb, 18 bytes, Stack size 0 bytes, strcpy.o(.text))
<BR><BR>[Called By]<UL><LI><a href="#[1aa]">&gt;&gt;</a>&nbsp;&nbsp;&nbsp;UpdateMenuDisplay
</UL>

<P><STRONG><a name="[10a]"></a>__aeabi_uread4</STRONG> (Thumb, 20 bytes, Stack size 0 bytes, uread4.o(.text))
<BR><BR>[Called By]<UL><LI><a href="#[98]">&gt;&gt;</a>&nbsp;&nbsp;&nbsp;SearchPyIndex
<LI><a href="#[99]">&gt;&gt;</a>&nbsp;&nbsp;&nbsp;DisplaySelectPy
</UL>

<P><STRONG><a name="[244]"></a>__rt_uread4</STRONG> (Thumb, 0 bytes, Stack size 0 bytes, uread4.o(.text), UNUSED)

<P><STRONG><a name="[245]"></a>_uread4</STRONG> (Thumb, 0 bytes, Stack size 0 bytes, uread4.o(.text), UNUSED)

<P><STRONG><a name="[1fe]"></a>__aeabi_uwrite4</STRONG> (Thumb, 18 bytes, Stack size 0 bytes, uwrite4.o(.text))
<BR><BR>[Called By]<UL><LI><a href="#[98]">&gt;&gt;</a>&nbsp;&nbsp;&nbsp;SearchPyIndex
</UL>

<P><STRONG><a name="[246]"></a>__rt_uwrite4</STRONG> (Thumb, 0 bytes, Stack size 0 bytes, uwrite4.o(.text), UNUSED)

<P><STRONG><a name="[247]"></a>_uwrite4</STRONG> (Thumb, 0 bytes, Stack size 0 bytes, uwrite4.o(.text), UNUSED)

<P><STRONG><a name="[2e]"></a>atoi</STRONG> (Thumb, 26 bytes, Stack size 16 bytes, atoi.o(.text))
<BR><BR>[Stack]<UL><LI>Max Depth = 88<LI>Call Chain = atoi &rArr; strtol &rArr; _strtoul
</UL>
<BR>[Calls]<UL><LI><a href="#[30]">&gt;&gt;</a>&nbsp;&nbsp;&nbsp;strtol
<LI><a href="#[2f]">&gt;&gt;</a>&nbsp;&nbsp;&nbsp;__aeabi_errno_addr
</UL>
<BR>[Called By]<UL><LI><a href="#[ca]">&gt;&gt;</a>&nbsp;&nbsp;&nbsp;ChannelNumTypeIn
</UL>

<P><STRONG><a name="[31]"></a>atol</STRONG> (Thumb, 26 bytes, Stack size 16 bytes, atol.o(.text))
<BR><BR>[Stack]<UL><LI>Max Depth = 88<LI>Call Chain = atol &rArr; strtol &rArr; _strtoul
</UL>
<BR>[Calls]<UL><LI><a href="#[30]">&gt;&gt;</a>&nbsp;&nbsp;&nbsp;strtol
<LI><a href="#[2f]">&gt;&gt;</a>&nbsp;&nbsp;&nbsp;__aeabi_errno_addr
</UL>
<BR>[Called By]<UL><LI><a href="#[162]">&gt;&gt;</a>&nbsp;&nbsp;&nbsp;FmFreqTypeIn
<LI><a href="#[156]">&gt;&gt;</a>&nbsp;&nbsp;&nbsp;FmChNumTypeIn
<LI><a href="#[1b0]">&gt;&gt;</a>&nbsp;&nbsp;&nbsp;ScanRangeTypeIn
<LI><a href="#[16e]">&gt;&gt;</a>&nbsp;&nbsp;&nbsp;FreqTypeIn
<LI><a href="#[bc]">&gt;&gt;</a>&nbsp;&nbsp;&nbsp;ChanlFreqTypeIn
</UL>

<P><STRONG><a name="[32]"></a>__aeabi_uldivmod</STRONG> (Thumb, 96 bytes, Stack size 48 bytes, uldiv.o(.text), UNUSED)
<BR><BR>[Calls]<UL><LI><a href="#[33]">&gt;&gt;</a>&nbsp;&nbsp;&nbsp;__aeabi_llsr
<LI><a href="#[34]">&gt;&gt;</a>&nbsp;&nbsp;&nbsp;__aeabi_llsl
</UL>
<BR>[Called By]<UL><LI><a href="#[235]">&gt;&gt;</a>&nbsp;&nbsp;&nbsp;_printf_core
</UL>

<P><STRONG><a name="[30]"></a>strtol</STRONG> (Thumb, 108 bytes, Stack size 32 bytes, strtol.o(.text))
<BR><BR>[Stack]<UL><LI>Max Depth = 72<LI>Call Chain = strtol &rArr; _strtoul
</UL>
<BR>[Calls]<UL><LI><a href="#[35]">&gt;&gt;</a>&nbsp;&nbsp;&nbsp;__rt_ctype_table
<LI><a href="#[36]">&gt;&gt;</a>&nbsp;&nbsp;&nbsp;_strtoul
<LI><a href="#[2f]">&gt;&gt;</a>&nbsp;&nbsp;&nbsp;__aeabi_errno_addr
</UL>
<BR>[Called By]<UL><LI><a href="#[31]">&gt;&gt;</a>&nbsp;&nbsp;&nbsp;atol
<LI><a href="#[2e]">&gt;&gt;</a>&nbsp;&nbsp;&nbsp;atoi
</UL>

<P><STRONG><a name="[2a]"></a>__scatterload</STRONG> (Thumb, 28 bytes, Stack size 0 bytes, init.o(.text))
<BR><BR>[Calls]<UL><LI><a href="#[37]">&gt;&gt;</a>&nbsp;&nbsp;&nbsp;__main_after_scatterload
</UL>
<BR>[Called By]<UL><LI><a href="#[29]">&gt;&gt;</a>&nbsp;&nbsp;&nbsp;_main_scatterload
</UL>

<P><STRONG><a name="[248]"></a>__scatterload_rt2</STRONG> (Thumb, 0 bytes, Stack size 0 bytes, init.o(.text), UNUSED)

<P><STRONG><a name="[34]"></a>__aeabi_llsl</STRONG> (Thumb, 32 bytes, Stack size 8 bytes, llshl.o(.text), UNUSED)
<BR><BR>[Called By]<UL><LI><a href="#[32]">&gt;&gt;</a>&nbsp;&nbsp;&nbsp;__aeabi_uldivmod
</UL>

<P><STRONG><a name="[249]"></a>_ll_shift_l</STRONG> (Thumb, 0 bytes, Stack size 8 bytes, llshl.o(.text), UNUSED)

<P><STRONG><a name="[33]"></a>__aeabi_llsr</STRONG> (Thumb, 34 bytes, Stack size 8 bytes, llushr.o(.text), UNUSED)
<BR><BR>[Called By]<UL><LI><a href="#[32]">&gt;&gt;</a>&nbsp;&nbsp;&nbsp;__aeabi_uldivmod
</UL>

<P><STRONG><a name="[24a]"></a>_ll_ushift_r</STRONG> (Thumb, 0 bytes, Stack size 8 bytes, llushr.o(.text), UNUSED)

<P><STRONG><a name="[38]"></a>_chval</STRONG> (Thumb, 30 bytes, Stack size 0 bytes, _chval.o(.text))
<BR><BR>[Called By]<UL><LI><a href="#[36]">&gt;&gt;</a>&nbsp;&nbsp;&nbsp;_strtoul
</UL>

<P><STRONG><a name="[24b]"></a>__decompress</STRONG> (Thumb, 0 bytes, Stack size unknown bytes, __dczerorl2.o(.text), UNUSED)

<P><STRONG><a name="[24c]"></a>__decompress1</STRONG> (Thumb, 86 bytes, Stack size unknown bytes, __dczerorl2.o(.text), UNUSED)

<P><STRONG><a name="[225]"></a>ADC_ChannelConfig</STRONG> (Thumb, 10 bytes, Stack size 0 bytes, bt32f0x_adc.o(i.ADC_ChannelConfig))
<BR><BR>[Called By]<UL><LI><a href="#[ae]">&gt;&gt;</a>&nbsp;&nbsp;&nbsp;UserADC_Init
<LI><a href="#[22a]">&gt;&gt;</a>&nbsp;&nbsp;&nbsp;UserADC_GetValOfVox
<LI><a href="#[a1]">&gt;&gt;</a>&nbsp;&nbsp;&nbsp;UserADC_GetValOfBatt
</UL>

<P><STRONG><a name="[228]"></a>ADC_ClearFlag</STRONG> (Thumb, 4 bytes, Stack size 0 bytes, bt32f0x_adc.o(i.ADC_ClearFlag))
<BR><BR>[Called By]<UL><LI><a href="#[22a]">&gt;&gt;</a>&nbsp;&nbsp;&nbsp;UserADC_GetValOfVox
<LI><a href="#[a1]">&gt;&gt;</a>&nbsp;&nbsp;&nbsp;UserADC_GetValOfBatt
</UL>

<P><STRONG><a name="[229]"></a>ADC_GetConversionValue</STRONG> (Thumb, 6 bytes, Stack size 0 bytes, bt32f0x_adc.o(i.ADC_GetConversionValue))
<BR><BR>[Called By]<UL><LI><a href="#[22a]">&gt;&gt;</a>&nbsp;&nbsp;&nbsp;UserADC_GetValOfVox
<LI><a href="#[a1]">&gt;&gt;</a>&nbsp;&nbsp;&nbsp;UserADC_GetValOfBatt
</UL>

<P><STRONG><a name="[1fd]"></a>Asc7B_To_Bcd4B</STRONG> (Thumb, 4 bytes, Stack size 0 bytes, displayinputbox.o(i.Asc7B_To_Bcd4B))
<BR><BR>[Called By]<UL><LI><a href="#[98]">&gt;&gt;</a>&nbsp;&nbsp;&nbsp;SearchPyIndex
</UL>

<P><STRONG><a name="[1d4]"></a>ClearDisANIFlag</STRONG> (Thumb, 2 bytes, Stack size 0 bytes, appdtmf.o(i.ClearDisANIFlag))
<BR><BR>[Called By]<UL><LI><a href="#[47]">&gt;&gt;</a>&nbsp;&nbsp;&nbsp;Radio_EnterTxMode
</UL>

<P><STRONG><a name="[36]"></a>_strtoul</STRONG> (Thumb, 166 bytes, Stack size 40 bytes, _strtoul.o(.text))
<BR><BR>[Stack]<UL><LI>Max Depth = 40<LI>Call Chain = _strtoul
</UL>
<BR>[Calls]<UL><LI><a href="#[38]">&gt;&gt;</a>&nbsp;&nbsp;&nbsp;_chval
<LI><a href="#[2f]">&gt;&gt;</a>&nbsp;&nbsp;&nbsp;__aeabi_errno_addr
</UL>
<BR>[Called By]<UL><LI><a href="#[30]">&gt;&gt;</a>&nbsp;&nbsp;&nbsp;strtol
</UL>

<P><STRONG><a name="[22e]"></a>ADC_Cmd</STRONG> (Thumb, 24 bytes, Stack size 0 bytes, bt32f0x_adc.o(i.ADC_Cmd))
<BR><BR>[Called By]<UL><LI><a href="#[ae]">&gt;&gt;</a>&nbsp;&nbsp;&nbsp;UserADC_Init
</UL>

<P><STRONG><a name="[39]"></a>ADC_DeInit</STRONG> (Thumb, 28 bytes, Stack size 8 bytes, bt32f0x_adc.o(i.ADC_DeInit))
<BR><BR>[Stack]<UL><LI>Max Depth = 8<LI>Call Chain = ADC_DeInit
</UL>
<BR>[Calls]<UL><LI><a href="#[3a]">&gt;&gt;</a>&nbsp;&nbsp;&nbsp;RCC_APB2PeriphResetCmd
</UL>
<BR>[Called By]<UL><LI><a href="#[ae]">&gt;&gt;</a>&nbsp;&nbsp;&nbsp;UserADC_Init
</UL>

<P><STRONG><a name="[22d]"></a>ADC_GetCalibrationFactor</STRONG> (Thumb, 46 bytes, Stack size 0 bytes, bt32f0x_adc.o(i.ADC_GetCalibrationFactor))
<BR><BR>[Called By]<UL><LI><a href="#[ae]">&gt;&gt;</a>&nbsp;&nbsp;&nbsp;UserADC_Init
</UL>

<P><STRONG><a name="[227]"></a>ADC_GetFlagStatus</STRONG> (Thumb, 28 bytes, Stack size 0 bytes, bt32f0x_adc.o(i.ADC_GetFlagStatus))
<BR><BR>[Called By]<UL><LI><a href="#[ae]">&gt;&gt;</a>&nbsp;&nbsp;&nbsp;UserADC_Init
<LI><a href="#[22a]">&gt;&gt;</a>&nbsp;&nbsp;&nbsp;UserADC_GetValOfVox
<LI><a href="#[a1]">&gt;&gt;</a>&nbsp;&nbsp;&nbsp;UserADC_GetValOfBatt
</UL>

<P><STRONG><a name="[22c]"></a>ADC_Init</STRONG> (Thumb, 38 bytes, Stack size 12 bytes, bt32f0x_adc.o(i.ADC_Init))
<BR><BR>[Stack]<UL><LI>Max Depth = 12<LI>Call Chain = ADC_Init
</UL>
<BR>[Called By]<UL><LI><a href="#[ae]">&gt;&gt;</a>&nbsp;&nbsp;&nbsp;UserADC_Init
</UL>

<P><STRONG><a name="[226]"></a>ADC_StartOfConversion</STRONG> (Thumb, 10 bytes, Stack size 0 bytes, bt32f0x_adc.o(i.ADC_StartOfConversion))
<BR><BR>[Called By]<UL><LI><a href="#[ae]">&gt;&gt;</a>&nbsp;&nbsp;&nbsp;UserADC_Init
<LI><a href="#[22a]">&gt;&gt;</a>&nbsp;&nbsp;&nbsp;UserADC_GetValOfVox
<LI><a href="#[a1]">&gt;&gt;</a>&nbsp;&nbsp;&nbsp;UserADC_GetValOfBatt
</UL>

<P><STRONG><a name="[22b]"></a>ADC_StructInit</STRONG> (Thumb, 16 bytes, Stack size 0 bytes, bt32f0x_adc.o(i.ADC_StructInit))
<BR><BR>[Called By]<UL><LI><a href="#[ae]">&gt;&gt;</a>&nbsp;&nbsp;&nbsp;UserADC_Init
</UL>

<P><STRONG><a name="[3b]"></a>AlarmFuncSwitch</STRONG> (Thumb, 206 bytes, Stack size 16 bytes, appalarm.o(i.AlarmFuncSwitch))
<BR><BR>[Stack]<UL><LI>Max Depth = 4328<LI>Call Chain = AlarmFuncSwitch &rArr; Radio_EnterTxMode &rArr; ExitAllFunction &rArr; Menu_ExitMode &rArr; Flash_SaveChannelData &rArr; Flash_ModifyChannelData &rArr; SpiFlash_WriteBytes &rArr; SpiFlash_WriteByte_InPage &rArr; SpiFlash_CheckBusy &rArr; SpiFlash_ReadStatus &rArr; SpiFlash_SendByte
</UL>
<BR>[Calls]<UL><LI><a href="#[46]">&gt;&gt;</a>&nbsp;&nbsp;&nbsp;Rfic_TxSingleTone_Off
<LI><a href="#[48]">&gt;&gt;</a>&nbsp;&nbsp;&nbsp;Rfic_RxTxOnOffSetup
<LI><a href="#[47]">&gt;&gt;</a>&nbsp;&nbsp;&nbsp;Radio_EnterTxMode
<LI><a href="#[41]">&gt;&gt;</a>&nbsp;&nbsp;&nbsp;RF_TxEnd
<LI><a href="#[45]">&gt;&gt;</a>&nbsp;&nbsp;&nbsp;ExitAllFunction
<LI><a href="#[42]">&gt;&gt;</a>&nbsp;&nbsp;&nbsp;DisplayRadioHome
<LI><a href="#[44]">&gt;&gt;</a>&nbsp;&nbsp;&nbsp;BeepOut
<LI><a href="#[40]">&gt;&gt;</a>&nbsp;&nbsp;&nbsp;AlarmOut
<LI><a href="#[3c]">&gt;&gt;</a>&nbsp;&nbsp;&nbsp;DualStandbyWorkOFF
<LI><a href="#[43]">&gt;&gt;</a>&nbsp;&nbsp;&nbsp;SpeakerSwitch
<LI><a href="#[3f]">&gt;&gt;</a>&nbsp;&nbsp;&nbsp;LightSwitch
<LI><a href="#[3e]">&gt;&gt;</a>&nbsp;&nbsp;&nbsp;LedTxSwitch
<LI><a href="#[3d]">&gt;&gt;</a>&nbsp;&nbsp;&nbsp;LedRxSwitch
</UL>
<BR>[Called By]<UL><LI><a href="#[184]">&gt;&gt;</a>&nbsp;&nbsp;&nbsp;SideKey_Process
<LI><a href="#[5b]">&gt;&gt;</a>&nbsp;&nbsp;&nbsp;PTT_ScanTask
<LI><a href="#[5e]">&gt;&gt;</a>&nbsp;&nbsp;&nbsp;AppRunTask
</UL>

<P><STRONG><a name="[40]"></a>AlarmOut</STRONG> (Thumb, 58 bytes, Stack size 8 bytes, appalarm.o(i.AlarmOut))
<BR><BR>[Stack]<UL><LI>Max Depth = 108<LI>Call Chain = AlarmOut &rArr; Rfic_TxSingleTone_Off &rArr; Rfic_SetScramble &rArr; Rfic_ReadWord &rArr; GpioModeSwitch &rArr; GPIO_Init
</UL>
<BR>[Calls]<UL><LI><a href="#[4a]">&gt;&gt;</a>&nbsp;&nbsp;&nbsp;Rfic_TxSingleTone_On
<LI><a href="#[46]">&gt;&gt;</a>&nbsp;&nbsp;&nbsp;Rfic_TxSingleTone_Off
<LI><a href="#[49]">&gt;&gt;</a>&nbsp;&nbsp;&nbsp;Rfic_SetToneFreq
</UL>
<BR>[Called By]<UL><LI><a href="#[1cf]">&gt;&gt;</a>&nbsp;&nbsp;&nbsp;SetAlarmCode
<LI><a href="#[4b]">&gt;&gt;</a>&nbsp;&nbsp;&nbsp;AlarmTask
<LI><a href="#[3b]">&gt;&gt;</a>&nbsp;&nbsp;&nbsp;AlarmFuncSwitch
</UL>

<P><STRONG><a name="[4b]"></a>AlarmTask</STRONG> (Thumb, 212 bytes, Stack size 16 bytes, appalarm.o(i.AlarmTask))
<BR><BR>[Stack]<UL><LI>Max Depth = 4328<LI>Call Chain = AlarmTask &rArr; Radio_EnterTxMode &rArr; ExitAllFunction &rArr; Menu_ExitMode &rArr; Flash_SaveChannelData &rArr; Flash_ModifyChannelData &rArr; SpiFlash_WriteBytes &rArr; SpiFlash_WriteByte_InPage &rArr; SpiFlash_CheckBusy &rArr; SpiFlash_ReadStatus &rArr; SpiFlash_SendByte
</UL>
<BR>[Calls]<UL><LI><a href="#[49]">&gt;&gt;</a>&nbsp;&nbsp;&nbsp;Rfic_SetToneFreq
<LI><a href="#[4d]">&gt;&gt;</a>&nbsp;&nbsp;&nbsp;Rfic_SetPA
<LI><a href="#[48]">&gt;&gt;</a>&nbsp;&nbsp;&nbsp;Rfic_RxTxOnOffSetup
<LI><a href="#[4f]">&gt;&gt;</a>&nbsp;&nbsp;&nbsp;ResetTimeKeyLockAndPowerSave
<LI><a href="#[47]">&gt;&gt;</a>&nbsp;&nbsp;&nbsp;Radio_EnterTxMode
<LI><a href="#[4c]">&gt;&gt;</a>&nbsp;&nbsp;&nbsp;RF_TxRoger
<LI><a href="#[40]">&gt;&gt;</a>&nbsp;&nbsp;&nbsp;AlarmOut
<LI><a href="#[43]">&gt;&gt;</a>&nbsp;&nbsp;&nbsp;SpeakerSwitch
<LI><a href="#[4e]">&gt;&gt;</a>&nbsp;&nbsp;&nbsp;RF_PowerSet
<LI><a href="#[3f]">&gt;&gt;</a>&nbsp;&nbsp;&nbsp;LightSwitch
<LI><a href="#[3e]">&gt;&gt;</a>&nbsp;&nbsp;&nbsp;LedTxSwitch
<LI><a href="#[3d]">&gt;&gt;</a>&nbsp;&nbsp;&nbsp;LedRxSwitch
</UL>
<BR>[Called By]<UL><LI><a href="#[25]">&gt;&gt;</a>&nbsp;&nbsp;&nbsp;main
</UL>

<P><STRONG><a name="[50]"></a>App_100msTask</STRONG> (Thumb, 38 bytes, Stack size 8 bytes, apptask.o(i.App_100msTask))
<BR><BR>[Stack]<UL><LI>Max Depth = 4344<LI>Call Chain = App_100msTask &rArr; VoxCheckTask &rArr; Radio_EnterTxMode &rArr; ExitAllFunction &rArr; Menu_ExitMode &rArr; Flash_SaveChannelData &rArr; Flash_ModifyChannelData &rArr; SpiFlash_WriteBytes &rArr; SpiFlash_WriteByte_InPage &rArr; SpiFlash_CheckBusy &rArr; SpiFlash_ReadStatus &rArr; SpiFlash_SendByte
</UL>
<BR>[Calls]<UL><LI><a href="#[56]">&gt;&gt;</a>&nbsp;&nbsp;&nbsp;LightFlashTask
<LI><a href="#[54]">&gt;&gt;</a>&nbsp;&nbsp;&nbsp;CheckPowerOff
<LI><a href="#[57]">&gt;&gt;</a>&nbsp;&nbsp;&nbsp;VoxCheckTask
<LI><a href="#[55]">&gt;&gt;</a>&nbsp;&nbsp;&nbsp;CheckAutoKeyLockTask
<LI><a href="#[51]">&gt;&gt;</a>&nbsp;&nbsp;&nbsp;SearchFreqTask
<LI><a href="#[52]">&gt;&gt;</a>&nbsp;&nbsp;&nbsp;TaskRemoteScanQT
<LI><a href="#[53]">&gt;&gt;</a>&nbsp;&nbsp;&nbsp;CheckExitMenu
</UL>
<BR>[Called By]<UL><LI><a href="#[25]">&gt;&gt;</a>&nbsp;&nbsp;&nbsp;main
<LI><a href="#[12f]">&gt;&gt;</a>&nbsp;&nbsp;&nbsp;EnterResetMode
</UL>

<P><STRONG><a name="[58]"></a>App_10msTask</STRONG> (Thumb, 26 bytes, Stack size 8 bytes, apptask.o(i.App_10msTask))
<BR><BR>[Stack]<UL><LI>Max Depth = 4344<LI>Call Chain = App_10msTask &rArr; PTT_ScanTask &rArr; AlarmFuncSwitch &rArr; Radio_EnterTxMode &rArr; ExitAllFunction &rArr; Menu_ExitMode &rArr; Flash_SaveChannelData &rArr; Flash_ModifyChannelData &rArr; SpiFlash_WriteBytes &rArr; SpiFlash_WriteByte_InPage &rArr; SpiFlash_CheckBusy &rArr; SpiFlash_ReadStatus &rArr; SpiFlash_SendByte
</UL>
<BR>[Calls]<UL><LI><a href="#[5c]">&gt;&gt;</a>&nbsp;&nbsp;&nbsp;FmTaskFunc
<LI><a href="#[59]">&gt;&gt;</a>&nbsp;&nbsp;&nbsp;RF_Task
<LI><a href="#[5b]">&gt;&gt;</a>&nbsp;&nbsp;&nbsp;PTT_ScanTask
<LI><a href="#[5a]">&gt;&gt;</a>&nbsp;&nbsp;&nbsp;KEY_ScanTask
</UL>
<BR>[Called By]<UL><LI><a href="#[25]">&gt;&gt;</a>&nbsp;&nbsp;&nbsp;main
<LI><a href="#[12f]">&gt;&gt;</a>&nbsp;&nbsp;&nbsp;EnterResetMode
</UL>

<P><STRONG><a name="[9d]"></a>Audio_CheckBusy</STRONG> (Thumb, 6 bytes, Stack size 0 bytes, voicebroadcast.o(i.Audio_CheckBusy))
<BR><BR>[Called By]<UL><LI><a href="#[187]">&gt;&gt;</a>&nbsp;&nbsp;&nbsp;Main_KeyUpFun
<LI><a href="#[188]">&gt;&gt;</a>&nbsp;&nbsp;&nbsp;Main_KeyDownFun
<LI><a href="#[57]">&gt;&gt;</a>&nbsp;&nbsp;&nbsp;VoxCheckTask
<LI><a href="#[5b]">&gt;&gt;</a>&nbsp;&nbsp;&nbsp;PTT_ScanTask
<LI><a href="#[71]">&gt;&gt;</a>&nbsp;&nbsp;&nbsp;BatteryCheckTask
<LI><a href="#[1c1]">&gt;&gt;</a>&nbsp;&nbsp;&nbsp;RF_RxTask
</UL>

<P><STRONG><a name="[11]"></a>DMA1_Channel4_5_IRQHandler</STRONG> (Thumb, 8 bytes, Stack size 8 bytes, bt32f0x_it.o(i.DMA1_Channel4_5_IRQHandler))
<BR><BR>[Stack]<UL><LI>Max Depth = 48<LI>Call Chain = DMA1_Channel4_5_IRQHandler &rArr; DMA1Int_Handler &rArr; VoiceOutput_Interrupt &rArr; DmaUpdateMemery
</UL>
<BR>[Calls]<UL><LI><a href="#[5d]">&gt;&gt;</a>&nbsp;&nbsp;&nbsp;DMA1Int_Handler
</UL>
<BR>[Address Reference Count : 1]<UL><LI> startup_bt32f0x.o(RESET)
</UL>
<P><STRONG><a name="[5e]"></a>AppRunTask</STRONG> (Thumb, 172 bytes, Stack size 8 bytes, apptask.o(i.AppRunTask))
<BR><BR>[Stack]<UL><LI>Max Depth = 4456<LI>Call Chain = AppRunTask &rArr; KeyProcess_Search &rArr; FastEnterChMemMenu &rArr; Menu_EnterNextLevel &rArr; Menu_SaveSelectItem &rArr; EnterResetMode &rArr; App_10msTask &rArr; PTT_ScanTask &rArr; AlarmFuncSwitch &rArr; Radio_EnterTxMode &rArr; ExitAllFunction &rArr; Menu_ExitMode &rArr; Flash_SaveChannelData &rArr; Flash_ModifyChannelData &rArr; SpiFlash_WriteBytes &rArr; SpiFlash_WriteByte_InPage &rArr; SpiFlash_CheckBusy &rArr; SpiFlash_ReadStatus &rArr; SpiFlash_SendByte
</UL>
<BR>[Calls]<UL><LI><a href="#[6b]">&gt;&gt;</a>&nbsp;&nbsp;&nbsp;KeyProcess_Main
<LI><a href="#[61]">&gt;&gt;</a>&nbsp;&nbsp;&nbsp;Sidekey_GetRemapEvent
<LI><a href="#[62]">&gt;&gt;</a>&nbsp;&nbsp;&nbsp;__ARM_common_switch8
<LI><a href="#[64]">&gt;&gt;</a>&nbsp;&nbsp;&nbsp;KeyProcess_Fm
<LI><a href="#[3b]">&gt;&gt;</a>&nbsp;&nbsp;&nbsp;AlarmFuncSwitch
<LI><a href="#[60]">&gt;&gt;</a>&nbsp;&nbsp;&nbsp;Radio_TxKeyTone
<LI><a href="#[5f]">&gt;&gt;</a>&nbsp;&nbsp;&nbsp;Key_GetRealEvent
<LI><a href="#[69]">&gt;&gt;</a>&nbsp;&nbsp;&nbsp;KeyProcess_Weather
<LI><a href="#[6a]">&gt;&gt;</a>&nbsp;&nbsp;&nbsp;KeyProcess_DtmfInput
<LI><a href="#[6e]">&gt;&gt;</a>&nbsp;&nbsp;&nbsp;EnterProgromMode
<LI><a href="#[6f]">&gt;&gt;</a>&nbsp;&nbsp;&nbsp;EnterFlashProgromMode
<LI><a href="#[6d]">&gt;&gt;</a>&nbsp;&nbsp;&nbsp;DtmfReceiveTask
<LI><a href="#[67]">&gt;&gt;</a>&nbsp;&nbsp;&nbsp;KeyProcess_Search
<LI><a href="#[68]">&gt;&gt;</a>&nbsp;&nbsp;&nbsp;KeyProcess_ScanQt
<LI><a href="#[66]">&gt;&gt;</a>&nbsp;&nbsp;&nbsp;KeyProcess_Scan
<LI><a href="#[65]">&gt;&gt;</a>&nbsp;&nbsp;&nbsp;KeyProcess_Moni
<LI><a href="#[6c]">&gt;&gt;</a>&nbsp;&nbsp;&nbsp;Audio_PlayTask
<LI><a href="#[63]">&gt;&gt;</a>&nbsp;&nbsp;&nbsp;KeyProcess_Menu
</UL>
<BR>[Called By]<UL><LI><a href="#[25]">&gt;&gt;</a>&nbsp;&nbsp;&nbsp;main
</UL>

<P><STRONG><a name="[70]"></a>App_500msTask</STRONG> (Thumb, 22 bytes, Stack size 8 bytes, apptask.o(i.App_500msTask))
<BR><BR>[Stack]<UL><LI>Max Depth = 168<LI>Call Chain = App_500msTask &rArr; BatteryCheckTask &rArr; DisplayBattaryFlag &rArr; LCD_DisplayIcon &rArr; ST7735S_DisplayArea &rArr; ST7735S_SetRamAddr &rArr; WriteWord &rArr; ST7735S_Data_Write
</UL>
<BR>[Calls]<UL><LI><a href="#[73]">&gt;&gt;</a>&nbsp;&nbsp;&nbsp;CheckSjTimeout
<LI><a href="#[72]">&gt;&gt;</a>&nbsp;&nbsp;&nbsp;CalculateSqlLevel
<LI><a href="#[71]">&gt;&gt;</a>&nbsp;&nbsp;&nbsp;BatteryCheckTask
</UL>
<BR>[Called By]<UL><LI><a href="#[25]">&gt;&gt;</a>&nbsp;&nbsp;&nbsp;main
<LI><a href="#[12f]">&gt;&gt;</a>&nbsp;&nbsp;&nbsp;EnterResetMode
</UL>

<P><STRONG><a name="[74]"></a>App_50msTask</STRONG> (Thumb, 26 bytes, Stack size 8 bytes, apptask.o(i.App_50msTask))
<BR><BR>[Stack]<UL><LI>Max Depth = 848<LI>Call Chain = App_50msTask &rArr; ScanTask &rArr; ScanNextChannel &rArr; VfoFreqUp &rArr; DisplayRadioHome &rArr; DisplayChannelMsg &rArr; DisplayCurFreq &rArr; LCD_DisplayNum12x17 &rArr; ST7735S_DisplayColorArea &rArr; ST7735S_SetRamAddr &rArr; WriteWord &rArr; ST7735S_Data_Write
</UL>
<BR>[Calls]<UL><LI><a href="#[78]">&gt;&gt;</a>&nbsp;&nbsp;&nbsp;LCD_CheckBackLight
<LI><a href="#[76]">&gt;&gt;</a>&nbsp;&nbsp;&nbsp;WeatherScanTask
<LI><a href="#[77]">&gt;&gt;</a>&nbsp;&nbsp;&nbsp;DualStandbyTask
<LI><a href="#[75]">&gt;&gt;</a>&nbsp;&nbsp;&nbsp;ScanTask
</UL>
<BR>[Called By]<UL><LI><a href="#[25]">&gt;&gt;</a>&nbsp;&nbsp;&nbsp;main
</UL>

<P><STRONG><a name="[79]"></a>AudioHard_Init</STRONG> (Thumb, 260 bytes, Stack size 104 bytes, voicebroadcast.o(i.AudioHard_Init))
<BR><BR>[Stack]<UL><LI>Max Depth = 124<LI>Call Chain = AudioHard_Init &rArr; GPIO_Init
</UL>
<BR>[Calls]<UL><LI><a href="#[7f]">&gt;&gt;</a>&nbsp;&nbsp;&nbsp;DMA_ITConfig
<LI><a href="#[7d]">&gt;&gt;</a>&nbsp;&nbsp;&nbsp;DMA_DeInit
<LI><a href="#[80]">&gt;&gt;</a>&nbsp;&nbsp;&nbsp;DMA_Cmd
<LI><a href="#[7c]">&gt;&gt;</a>&nbsp;&nbsp;&nbsp;RCC_APB2PeriphClockCmd
<LI><a href="#[7b]">&gt;&gt;</a>&nbsp;&nbsp;&nbsp;RCC_AHBPeriphClockCmd
<LI><a href="#[81]">&gt;&gt;</a>&nbsp;&nbsp;&nbsp;GPIO_PinAFConfig
<LI><a href="#[82]">&gt;&gt;</a>&nbsp;&nbsp;&nbsp;GPIO_Init
<LI><a href="#[7e]">&gt;&gt;</a>&nbsp;&nbsp;&nbsp;DMA_Init
<LI><a href="#[83]">&gt;&gt;</a>&nbsp;&nbsp;&nbsp;TIM_TimeBaseInit
<LI><a href="#[84]">&gt;&gt;</a>&nbsp;&nbsp;&nbsp;TIM_OC4Init
<LI><a href="#[86]">&gt;&gt;</a>&nbsp;&nbsp;&nbsp;TIM_DMAConfig
<LI><a href="#[85]">&gt;&gt;</a>&nbsp;&nbsp;&nbsp;TIM_DMACmd
<LI><a href="#[88]">&gt;&gt;</a>&nbsp;&nbsp;&nbsp;TIM_CtrlPWMOutputs
<LI><a href="#[87]">&gt;&gt;</a>&nbsp;&nbsp;&nbsp;TIM_Cmd
<LI><a href="#[7a]">&gt;&gt;</a>&nbsp;&nbsp;&nbsp;__aeabi_memclr4
</UL>
<BR>[Called By]<UL><LI><a href="#[a8]">&gt;&gt;</a>&nbsp;&nbsp;&nbsp;Board_Init
</UL>

<P><STRONG><a name="[8d]"></a>Audio_Decoder</STRONG> (Thumb, 202 bytes, Stack size 40 bytes, voicebroadcast.o(i.Audio_Decoder))
<BR><BR>[Stack]<UL><LI>Max Depth = 40<LI>Call Chain = Audio_Decoder
</UL>
<BR>[Called By]<UL><LI><a href="#[8f]">&gt;&gt;</a>&nbsp;&nbsp;&nbsp;Audio_PlayStart
<LI><a href="#[8b]">&gt;&gt;</a>&nbsp;&nbsp;&nbsp;Audio_PlayContinue
</UL>

<P><STRONG><a name="[89]"></a>Audio_PlayChanNum</STRONG> (Thumb, 368 bytes, Stack size 24 bytes, voicebroadcast.o(i.Audio_PlayChanNum))
<BR><BR>[Stack]<UL><LI>Max Depth = 36<LI>Call Chain = Audio_PlayChanNum &rArr; __aeabi_uidivmod
</UL>
<BR>[Calls]<UL><LI><a href="#[8a]">&gt;&gt;</a>&nbsp;&nbsp;&nbsp;__aeabi_uidivmod
</UL>
<BR>[Called By]<UL><LI><a href="#[162]">&gt;&gt;</a>&nbsp;&nbsp;&nbsp;FmFreqTypeIn
<LI><a href="#[156]">&gt;&gt;</a>&nbsp;&nbsp;&nbsp;FmChNumTypeIn
<LI><a href="#[c4]">&gt;&gt;</a>&nbsp;&nbsp;&nbsp;ChannelNumChangeRead
<LI><a href="#[1b0]">&gt;&gt;</a>&nbsp;&nbsp;&nbsp;ScanRangeTypeIn
<LI><a href="#[18e]">&gt;&gt;</a>&nbsp;&nbsp;&nbsp;Menu_KeyDigitalInput
<LI><a href="#[16e]">&gt;&gt;</a>&nbsp;&nbsp;&nbsp;FreqTypeIn
<LI><a href="#[bc]">&gt;&gt;</a>&nbsp;&nbsp;&nbsp;ChanlFreqTypeIn
</UL>

<P><STRONG><a name="[8b]"></a>Audio_PlayContinue</STRONG> (Thumb, 134 bytes, Stack size 536 bytes, voicebroadcast.o(i.Audio_PlayContinue))
<BR><BR>[Stack]<UL><LI>Max Depth = 584<LI>Call Chain = Audio_PlayContinue &rArr; SpiFlash_ReadBytes &rArr; SpiFlash_SendByte
</UL>
<BR>[Calls]<UL><LI><a href="#[8c]">&gt;&gt;</a>&nbsp;&nbsp;&nbsp;SpiFlash_ReadBytes
<LI><a href="#[8d]">&gt;&gt;</a>&nbsp;&nbsp;&nbsp;Audio_Decoder
<LI><a href="#[8e]">&gt;&gt;</a>&nbsp;&nbsp;&nbsp;ChangeSigned2unsigned
</UL>
<BR>[Called By]<UL><LI><a href="#[6c]">&gt;&gt;</a>&nbsp;&nbsp;&nbsp;Audio_PlayTask
</UL>

<P><STRONG><a name="[cc]"></a>Audio_PlayNumInQueue</STRONG> (Thumb, 66 bytes, Stack size 8 bytes, voicebroadcast.o(i.Audio_PlayNumInQueue))
<BR><BR>[Stack]<UL><LI>Max Depth = 8<LI>Call Chain = Audio_PlayNumInQueue
</UL>
<BR>[Called By]<UL><LI><a href="#[1a5]">&gt;&gt;</a>&nbsp;&nbsp;&nbsp;VfoFreqTypeIn
<LI><a href="#[ca]">&gt;&gt;</a>&nbsp;&nbsp;&nbsp;ChannelNumTypeIn
</UL>

<P><STRONG><a name="[8f]"></a>Audio_PlayStart</STRONG> (Thumb, 242 bytes, Stack size 536 bytes, voicebroadcast.o(i.Audio_PlayStart))
<BR><BR>[Stack]<UL><LI>Max Depth = 592<LI>Call Chain = Audio_PlayStart &rArr; Rfic_RxTxOnOffSetup &rArr; Rfic_WriteWord &rArr; Rfic_ByteWrite
</UL>
<BR>[Calls]<UL><LI><a href="#[7f]">&gt;&gt;</a>&nbsp;&nbsp;&nbsp;DMA_ITConfig
<LI><a href="#[90]">&gt;&gt;</a>&nbsp;&nbsp;&nbsp;DMA_ClearFlag
<LI><a href="#[88]">&gt;&gt;</a>&nbsp;&nbsp;&nbsp;TIM_CtrlPWMOutputs
<LI><a href="#[48]">&gt;&gt;</a>&nbsp;&nbsp;&nbsp;Rfic_RxTxOnOffSetup
<LI><a href="#[92]">&gt;&gt;</a>&nbsp;&nbsp;&nbsp;DelayMs
<LI><a href="#[43]">&gt;&gt;</a>&nbsp;&nbsp;&nbsp;SpeakerSwitch
<LI><a href="#[8c]">&gt;&gt;</a>&nbsp;&nbsp;&nbsp;SpiFlash_ReadBytes
<LI><a href="#[8d]">&gt;&gt;</a>&nbsp;&nbsp;&nbsp;Audio_Decoder
<LI><a href="#[91]">&gt;&gt;</a>&nbsp;&nbsp;&nbsp;DmaUpdateMemery
<LI><a href="#[8e]">&gt;&gt;</a>&nbsp;&nbsp;&nbsp;ChangeSigned2unsigned
</UL>
<BR>[Called By]<UL><LI><a href="#[6c]">&gt;&gt;</a>&nbsp;&nbsp;&nbsp;Audio_PlayTask
</UL>

<P><STRONG><a name="[93]"></a>Audio_PlayStop</STRONG> (Thumb, 56 bytes, Stack size 8 bytes, voicebroadcast.o(i.Audio_PlayStop))
<BR><BR>[Stack]<UL><LI>Max Depth = 8<LI>Call Chain = Audio_PlayStop
</UL>
<BR>[Calls]<UL><LI><a href="#[7f]">&gt;&gt;</a>&nbsp;&nbsp;&nbsp;DMA_ITConfig
<LI><a href="#[80]">&gt;&gt;</a>&nbsp;&nbsp;&nbsp;DMA_Cmd
<LI><a href="#[90]">&gt;&gt;</a>&nbsp;&nbsp;&nbsp;DMA_ClearFlag
<LI><a href="#[88]">&gt;&gt;</a>&nbsp;&nbsp;&nbsp;TIM_CtrlPWMOutputs
<LI><a href="#[43]">&gt;&gt;</a>&nbsp;&nbsp;&nbsp;SpeakerSwitch
</UL>
<BR>[Called By]<UL><LI><a href="#[94]">&gt;&gt;</a>&nbsp;&nbsp;&nbsp;Audio_PlayVoice
<LI><a href="#[5b]">&gt;&gt;</a>&nbsp;&nbsp;&nbsp;PTT_ScanTask
</UL>

<P><STRONG><a name="[6c]"></a>Audio_PlayTask</STRONG> (Thumb, 98 bytes, Stack size 8 bytes, voicebroadcast.o(i.Audio_PlayTask))
<BR><BR>[Stack]<UL><LI>Max Depth = 600<LI>Call Chain = Audio_PlayTask &rArr; Audio_PlayStart &rArr; Rfic_RxTxOnOffSetup &rArr; Rfic_WriteWord &rArr; Rfic_ByteWrite
</UL>
<BR>[Calls]<UL><LI><a href="#[88]">&gt;&gt;</a>&nbsp;&nbsp;&nbsp;TIM_CtrlPWMOutputs
<LI><a href="#[48]">&gt;&gt;</a>&nbsp;&nbsp;&nbsp;Rfic_RxTxOnOffSetup
<LI><a href="#[92]">&gt;&gt;</a>&nbsp;&nbsp;&nbsp;DelayMs
<LI><a href="#[43]">&gt;&gt;</a>&nbsp;&nbsp;&nbsp;SpeakerSwitch
<LI><a href="#[8f]">&gt;&gt;</a>&nbsp;&nbsp;&nbsp;Audio_PlayStart
<LI><a href="#[8b]">&gt;&gt;</a>&nbsp;&nbsp;&nbsp;Audio_PlayContinue
</UL>
<BR>[Called By]<UL><LI><a href="#[95]">&gt;&gt;</a>&nbsp;&nbsp;&nbsp;Audio_PlayVoiceLock
<LI><a href="#[5e]">&gt;&gt;</a>&nbsp;&nbsp;&nbsp;AppRunTask
<LI><a href="#[12f]">&gt;&gt;</a>&nbsp;&nbsp;&nbsp;EnterResetMode
</UL>

<P><STRONG><a name="[94]"></a>Audio_PlayVoice</STRONG> (Thumb, 66 bytes, Stack size 16 bytes, voicebroadcast.o(i.Audio_PlayVoice))
<BR><BR>[Stack]<UL><LI>Max Depth = 132<LI>Call Chain = Audio_PlayVoice &rArr; BeepOut &rArr; Rfic_TxSingleTone_Off &rArr; Rfic_SetScramble &rArr; Rfic_ReadWord &rArr; GpioModeSwitch &rArr; GPIO_Init
</UL>
<BR>[Calls]<UL><LI><a href="#[44]">&gt;&gt;</a>&nbsp;&nbsp;&nbsp;BeepOut
<LI><a href="#[93]">&gt;&gt;</a>&nbsp;&nbsp;&nbsp;Audio_PlayStop
</UL>
<BR>[Called By]<UL><LI><a href="#[18a]">&gt;&gt;</a>&nbsp;&nbsp;&nbsp;Radio_SwitchChannelOrVfo
<LI><a href="#[183]">&gt;&gt;</a>&nbsp;&nbsp;&nbsp;KeyLockFunSwitch
<LI><a href="#[163]">&gt;&gt;</a>&nbsp;&nbsp;&nbsp;FmSwitchChVfo
<LI><a href="#[156]">&gt;&gt;</a>&nbsp;&nbsp;&nbsp;FmChNumTypeIn
<LI><a href="#[95]">&gt;&gt;</a>&nbsp;&nbsp;&nbsp;Audio_PlayVoiceLock
<LI><a href="#[55]">&gt;&gt;</a>&nbsp;&nbsp;&nbsp;CheckAutoKeyLockTask
<LI><a href="#[71]">&gt;&gt;</a>&nbsp;&nbsp;&nbsp;BatteryCheckTask
</UL>

<P><STRONG><a name="[95]"></a>Audio_PlayVoiceLock</STRONG> (Thumb, 22 bytes, Stack size 8 bytes, voicebroadcast.o(i.Audio_PlayVoiceLock))
<BR><BR>[Stack]<UL><LI>Max Depth = 608<LI>Call Chain = Audio_PlayVoiceLock &rArr; Audio_PlayTask &rArr; Audio_PlayStart &rArr; Rfic_RxTxOnOffSetup &rArr; Rfic_WriteWord &rArr; Rfic_ByteWrite
</UL>
<BR>[Calls]<UL><LI><a href="#[94]">&gt;&gt;</a>&nbsp;&nbsp;&nbsp;Audio_PlayVoice
<LI><a href="#[6c]">&gt;&gt;</a>&nbsp;&nbsp;&nbsp;Audio_PlayTask
</UL>
<BR>[Called By]<UL><LI><a href="#[125]">&gt;&gt;</a>&nbsp;&nbsp;&nbsp;VoiceBroadcastWithBeepLock
<LI><a href="#[a7]">&gt;&gt;</a>&nbsp;&nbsp;&nbsp;BeepPowerOn
<LI><a href="#[1d0]">&gt;&gt;</a>&nbsp;&nbsp;&nbsp;TotTimeWarning
</UL>

<P><STRONG><a name="[96]"></a>BackSpace</STRONG> (Thumb, 76 bytes, Stack size 8 bytes, displayinputbox.o(i.BackSpace))
<BR><BR>[Stack]<UL><LI>Max Depth = 112<LI>Call Chain = BackSpace &rArr; DisplaySelectPy &rArr; SpiFlash_ReadBytes &rArr; SpiFlash_SendByte
</UL>
<BR>[Calls]<UL><LI><a href="#[97]">&gt;&gt;</a>&nbsp;&nbsp;&nbsp;ResetMenuExitTime
<LI><a href="#[9c]">&gt;&gt;</a>&nbsp;&nbsp;&nbsp;SetInputDisMode
<LI><a href="#[98]">&gt;&gt;</a>&nbsp;&nbsp;&nbsp;SearchPyIndex
<LI><a href="#[99]">&gt;&gt;</a>&nbsp;&nbsp;&nbsp;DisplaySelectPy
<LI><a href="#[9b]">&gt;&gt;</a>&nbsp;&nbsp;&nbsp;ClearPyIndex
<LI><a href="#[9a]">&gt;&gt;</a>&nbsp;&nbsp;&nbsp;BackSpaceChar
</UL>
<BR>[Called By]<UL><LI><a href="#[63]">&gt;&gt;</a>&nbsp;&nbsp;&nbsp;KeyProcess_Menu
</UL>

<P><STRONG><a name="[9a]"></a>BackSpaceChar</STRONG> (Thumb, 92 bytes, Stack size 16 bytes, displayinputbox.o(i.BackSpaceChar))
<BR><BR>[Stack]<UL><LI>Max Depth = 16<LI>Call Chain = BackSpaceChar
</UL>
<BR>[Calls]<UL><LI><a href="#[97]">&gt;&gt;</a>&nbsp;&nbsp;&nbsp;ResetMenuExitTime
</UL>
<BR>[Called By]<UL><LI><a href="#[96]">&gt;&gt;</a>&nbsp;&nbsp;&nbsp;BackSpace
</UL>

<P><STRONG><a name="[71]"></a>BatteryCheckTask</STRONG> (Thumb, 112 bytes, Stack size 16 bytes, battery.o(i.BatteryCheckTask))
<BR><BR>[Stack]<UL><LI>Max Depth = 160<LI>Call Chain = BatteryCheckTask &rArr; DisplayBattaryFlag &rArr; LCD_DisplayIcon &rArr; ST7735S_DisplayArea &rArr; ST7735S_SetRamAddr &rArr; WriteWord &rArr; ST7735S_Data_Write
</UL>
<BR>[Calls]<UL><LI><a href="#[9d]">&gt;&gt;</a>&nbsp;&nbsp;&nbsp;Audio_CheckBusy
<LI><a href="#[94]">&gt;&gt;</a>&nbsp;&nbsp;&nbsp;Audio_PlayVoice
<LI><a href="#[4f]">&gt;&gt;</a>&nbsp;&nbsp;&nbsp;ResetTimeKeyLockAndPowerSave
<LI><a href="#[44]">&gt;&gt;</a>&nbsp;&nbsp;&nbsp;BeepOut
<LI><a href="#[9f]">&gt;&gt;</a>&nbsp;&nbsp;&nbsp;DisplayBattaryFlag
<LI><a href="#[a0]">&gt;&gt;</a>&nbsp;&nbsp;&nbsp;BatteryLowFlash
<LI><a href="#[9e]">&gt;&gt;</a>&nbsp;&nbsp;&nbsp;BatteryGetLevel
<LI><a href="#[8a]">&gt;&gt;</a>&nbsp;&nbsp;&nbsp;__aeabi_uidivmod
</UL>
<BR>[Called By]<UL><LI><a href="#[70]">&gt;&gt;</a>&nbsp;&nbsp;&nbsp;App_500msTask
</UL>

<P><STRONG><a name="[9e]"></a>BatteryGetLevel</STRONG> (Thumb, 104 bytes, Stack size 8 bytes, battery.o(i.BatteryGetLevel))
<BR><BR>[Stack]<UL><LI>Max Depth = 16<LI>Call Chain = BatteryGetLevel &rArr; UserADC_GetValOfBatt
</UL>
<BR>[Calls]<UL><LI><a href="#[a1]">&gt;&gt;</a>&nbsp;&nbsp;&nbsp;UserADC_GetValOfBatt
</UL>
<BR>[Called By]<UL><LI><a href="#[a2]">&gt;&gt;</a>&nbsp;&nbsp;&nbsp;BatteryInitLevel
<LI><a href="#[71]">&gt;&gt;</a>&nbsp;&nbsp;&nbsp;BatteryCheckTask
</UL>

<P><STRONG><a name="[a2]"></a>BatteryInitLevel</STRONG> (Thumb, 28 bytes, Stack size 8 bytes, battery.o(i.BatteryInitLevel))
<BR><BR>[Stack]<UL><LI>Max Depth = 24<LI>Call Chain = BatteryInitLevel &rArr; BatteryGetLevel &rArr; UserADC_GetValOfBatt
</UL>
<BR>[Calls]<UL><LI><a href="#[9e]">&gt;&gt;</a>&nbsp;&nbsp;&nbsp;BatteryGetLevel
<LI><a href="#[2b]">&gt;&gt;</a>&nbsp;&nbsp;&nbsp;__aeabi_memclr
<LI><a href="#[a3]">&gt;&gt;</a>&nbsp;&nbsp;&nbsp;__aeabi_memcpy
</UL>
<BR>[Called By]<UL><LI><a href="#[25]">&gt;&gt;</a>&nbsp;&nbsp;&nbsp;main
</UL>

<P><STRONG><a name="[a0]"></a>BatteryLowFlash</STRONG> (Thumb, 58 bytes, Stack size 16 bytes, battery.o(i.BatteryLowFlash))
<BR><BR>[Stack]<UL><LI>Max Depth = 144<LI>Call Chain = BatteryLowFlash &rArr; LCD_DisplayIcon &rArr; ST7735S_DisplayArea &rArr; ST7735S_SetRamAddr &rArr; WriteWord &rArr; ST7735S_Data_Write
</UL>
<BR>[Calls]<UL><LI><a href="#[a5]">&gt;&gt;</a>&nbsp;&nbsp;&nbsp;LCD_DisplayIcon
<LI><a href="#[a4]">&gt;&gt;</a>&nbsp;&nbsp;&nbsp;LCD_ClearArea
</UL>
<BR>[Called By]<UL><LI><a href="#[71]">&gt;&gt;</a>&nbsp;&nbsp;&nbsp;BatteryCheckTask
</UL>

<P><STRONG><a name="[44]"></a>BeepOut</STRONG> (Thumb, 220 bytes, Stack size 16 bytes, beep.o(i.BeepOut))
<BR><BR>[Stack]<UL><LI>Max Depth = 116<LI>Call Chain = BeepOut &rArr; Rfic_TxSingleTone_Off &rArr; Rfic_SetScramble &rArr; Rfic_ReadWord &rArr; GpioModeSwitch &rArr; GPIO_Init
</UL>
<BR>[Calls]<UL><LI><a href="#[4a]">&gt;&gt;</a>&nbsp;&nbsp;&nbsp;Rfic_TxSingleTone_On
<LI><a href="#[46]">&gt;&gt;</a>&nbsp;&nbsp;&nbsp;Rfic_TxSingleTone_Off
<LI><a href="#[49]">&gt;&gt;</a>&nbsp;&nbsp;&nbsp;Rfic_SetToneFreq
<LI><a href="#[48]">&gt;&gt;</a>&nbsp;&nbsp;&nbsp;Rfic_RxTxOnOffSetup
<LI><a href="#[92]">&gt;&gt;</a>&nbsp;&nbsp;&nbsp;DelayMs
<LI><a href="#[43]">&gt;&gt;</a>&nbsp;&nbsp;&nbsp;SpeakerSwitch
<LI><a href="#[a6]">&gt;&gt;</a>&nbsp;&nbsp;&nbsp;Rfic_SetAfout
</UL>
<BR>[Called By]<UL><LI><a href="#[1a5]">&gt;&gt;</a>&nbsp;&nbsp;&nbsp;VfoFreqTypeIn
<LI><a href="#[18d]">&gt;&gt;</a>&nbsp;&nbsp;&nbsp;ScanStart
<LI><a href="#[18c]">&gt;&gt;</a>&nbsp;&nbsp;&nbsp;Radio_ReverseSwitch
<LI><a href="#[11c]">&gt;&gt;</a>&nbsp;&nbsp;&nbsp;EnterDtmfEditMode
<LI><a href="#[118]">&gt;&gt;</a>&nbsp;&nbsp;&nbsp;DualModeFastSwitch
<LI><a href="#[ca]">&gt;&gt;</a>&nbsp;&nbsp;&nbsp;ChannelNumTypeIn
<LI><a href="#[b7]">&gt;&gt;</a>&nbsp;&nbsp;&nbsp;ChDisModeFastSwitch
<LI><a href="#[187]">&gt;&gt;</a>&nbsp;&nbsp;&nbsp;Main_KeyUpFun
<LI><a href="#[188]">&gt;&gt;</a>&nbsp;&nbsp;&nbsp;Main_KeyDownFun
<LI><a href="#[189]">&gt;&gt;</a>&nbsp;&nbsp;&nbsp;Main_Backspace
<LI><a href="#[6b]">&gt;&gt;</a>&nbsp;&nbsp;&nbsp;KeyProcess_Main
<LI><a href="#[125]">&gt;&gt;</a>&nbsp;&nbsp;&nbsp;VoiceBroadcastWithBeepLock
<LI><a href="#[184]">&gt;&gt;</a>&nbsp;&nbsp;&nbsp;SideKey_Process
<LI><a href="#[94]">&gt;&gt;</a>&nbsp;&nbsp;&nbsp;Audio_PlayVoice
<LI><a href="#[d7]">&gt;&gt;</a>&nbsp;&nbsp;&nbsp;ResumeFmMode
<LI><a href="#[64]">&gt;&gt;</a>&nbsp;&nbsp;&nbsp;KeyProcess_Fm
<LI><a href="#[162]">&gt;&gt;</a>&nbsp;&nbsp;&nbsp;FmFreqTypeIn
<LI><a href="#[160]">&gt;&gt;</a>&nbsp;&nbsp;&nbsp;FmFreqSub
<LI><a href="#[15f]">&gt;&gt;</a>&nbsp;&nbsp;&nbsp;FmFreqAdd
<LI><a href="#[156]">&gt;&gt;</a>&nbsp;&nbsp;&nbsp;FmChNumTypeIn
<LI><a href="#[122]">&gt;&gt;</a>&nbsp;&nbsp;&nbsp;EnterFmMode
<LI><a href="#[3b]">&gt;&gt;</a>&nbsp;&nbsp;&nbsp;AlarmFuncSwitch
<LI><a href="#[17f]">&gt;&gt;</a>&nbsp;&nbsp;&nbsp;InputDtmfCode
<LI><a href="#[13e]">&gt;&gt;</a>&nbsp;&nbsp;&nbsp;ExitDtmfEditMode
<LI><a href="#[19c]">&gt;&gt;</a>&nbsp;&nbsp;&nbsp;WeatherChannelUp
<LI><a href="#[19d]">&gt;&gt;</a>&nbsp;&nbsp;&nbsp;WeatherChannelDown
<LI><a href="#[69]">&gt;&gt;</a>&nbsp;&nbsp;&nbsp;KeyProcess_Weather
<LI><a href="#[6a]">&gt;&gt;</a>&nbsp;&nbsp;&nbsp;KeyProcess_DtmfInput
<LI><a href="#[5a]">&gt;&gt;</a>&nbsp;&nbsp;&nbsp;KEY_ScanTask
<LI><a href="#[71]">&gt;&gt;</a>&nbsp;&nbsp;&nbsp;BatteryCheckTask
<LI><a href="#[67]">&gt;&gt;</a>&nbsp;&nbsp;&nbsp;KeyProcess_Search
<LI><a href="#[68]">&gt;&gt;</a>&nbsp;&nbsp;&nbsp;KeyProcess_ScanQt
<LI><a href="#[66]">&gt;&gt;</a>&nbsp;&nbsp;&nbsp;KeyProcess_Scan
<LI><a href="#[65]">&gt;&gt;</a>&nbsp;&nbsp;&nbsp;KeyProcess_Moni
<LI><a href="#[137]">&gt;&gt;</a>&nbsp;&nbsp;&nbsp;EnterSelectMode
<LI><a href="#[1b0]">&gt;&gt;</a>&nbsp;&nbsp;&nbsp;ScanRangeTypeIn
<LI><a href="#[193]">&gt;&gt;</a>&nbsp;&nbsp;&nbsp;Menu_PriorLevel
<LI><a href="#[18e]">&gt;&gt;</a>&nbsp;&nbsp;&nbsp;Menu_KeyDigitalInput
<LI><a href="#[148]">&gt;&gt;</a>&nbsp;&nbsp;&nbsp;Menu_EnterNextLevel
<LI><a href="#[63]">&gt;&gt;</a>&nbsp;&nbsp;&nbsp;KeyProcess_Menu
<LI><a href="#[16e]">&gt;&gt;</a>&nbsp;&nbsp;&nbsp;FreqTypeIn
<LI><a href="#[12f]">&gt;&gt;</a>&nbsp;&nbsp;&nbsp;EnterResetMode
<LI><a href="#[ec]">&gt;&gt;</a>&nbsp;&nbsp;&nbsp;DcsSwitchPolarity
<LI><a href="#[e9]">&gt;&gt;</a>&nbsp;&nbsp;&nbsp;CtcssTypeIn
<LI><a href="#[bc]">&gt;&gt;</a>&nbsp;&nbsp;&nbsp;ChanlFreqTypeIn
</UL>

<P><STRONG><a name="[a7]"></a>BeepPowerOn</STRONG> (Thumb, 10 bytes, Stack size 8 bytes, main.o(i.BeepPowerOn))
<BR><BR>[Stack]<UL><LI>Max Depth = 616<LI>Call Chain = BeepPowerOn &rArr; Audio_PlayVoiceLock &rArr; Audio_PlayTask &rArr; Audio_PlayStart &rArr; Rfic_RxTxOnOffSetup &rArr; Rfic_WriteWord &rArr; Rfic_ByteWrite
</UL>
<BR>[Calls]<UL><LI><a href="#[95]">&gt;&gt;</a>&nbsp;&nbsp;&nbsp;Audio_PlayVoiceLock
</UL>
<BR>[Called By]<UL><LI><a href="#[25]">&gt;&gt;</a>&nbsp;&nbsp;&nbsp;main
</UL>

<P><STRONG><a name="[a8]"></a>Board_Init</STRONG> (Thumb, 42 bytes, Stack size 8 bytes, board.o(i.Board_Init))
<BR><BR>[Stack]<UL><LI>Max Depth = 132<LI>Call Chain = Board_Init &rArr; AudioHard_Init &rArr; GPIO_Init
</UL>
<BR>[Calls]<UL><LI><a href="#[af]">&gt;&gt;</a>&nbsp;&nbsp;&nbsp;SpiFlash_Init
<LI><a href="#[79]">&gt;&gt;</a>&nbsp;&nbsp;&nbsp;AudioHard_Init
<LI><a href="#[ae]">&gt;&gt;</a>&nbsp;&nbsp;&nbsp;UserADC_Init
<LI><a href="#[a1]">&gt;&gt;</a>&nbsp;&nbsp;&nbsp;UserADC_GetValOfBatt
<LI><a href="#[ad]">&gt;&gt;</a>&nbsp;&nbsp;&nbsp;Usart_Init
<LI><a href="#[a9]">&gt;&gt;</a>&nbsp;&nbsp;&nbsp;SysTick_Init
<LI><a href="#[ac]">&gt;&gt;</a>&nbsp;&nbsp;&nbsp;SPI2_Init
<LI><a href="#[aa]">&gt;&gt;</a>&nbsp;&nbsp;&nbsp;NVIC_Configuration
<LI><a href="#[ab]">&gt;&gt;</a>&nbsp;&nbsp;&nbsp;Gpio_Init
</UL>
<BR>[Called By]<UL><LI><a href="#[25]">&gt;&gt;</a>&nbsp;&nbsp;&nbsp;main
</UL>

<P><STRONG><a name="[e6]"></a>CRC_ValidationCalc</STRONG> (Thumb, 56 bytes, Stack size 16 bytes, crc.o(i.CRC_ValidationCalc))
<BR><BR>[Stack]<UL><LI>Max Depth = 16<LI>Call Chain = CRC_ValidationCalc
</UL>
<BR>[Called By]<UL><LI><a href="#[e1]">&gt;&gt;</a>&nbsp;&nbsp;&nbsp;Flash_SaveVfoData
<LI><a href="#[c8]">&gt;&gt;</a>&nbsp;&nbsp;&nbsp;Flash_SaveSystemRunData
<LI><a href="#[e0]">&gt;&gt;</a>&nbsp;&nbsp;&nbsp;Flash_SaveRadioImfosData
<LI><a href="#[152]">&gt;&gt;</a>&nbsp;&nbsp;&nbsp;Flash_ReadSystemRunData
<LI><a href="#[151]">&gt;&gt;</a>&nbsp;&nbsp;&nbsp;Flash_ReadRadioImfosData
<LI><a href="#[ce]">&gt;&gt;</a>&nbsp;&nbsp;&nbsp;Flash_ReadVfoData
<LI><a href="#[e5]">&gt;&gt;</a>&nbsp;&nbsp;&nbsp;StatusAck
<LI><a href="#[120]">&gt;&gt;</a>&nbsp;&nbsp;&nbsp;HandleProgromCmd
<LI><a href="#[e4]">&gt;&gt;</a>&nbsp;&nbsp;&nbsp;CheckRxDataOk
</UL>

<P><STRONG><a name="[b0]"></a>CTCSS_WithRfic</STRONG> (Thumb, 76 bytes, Stack size 8 bytes, devbk4819.o(i.CTCSS_WithRfic))
<BR><BR>[Stack]<UL><LI>Max Depth = 56<LI>Call Chain = CTCSS_WithRfic &rArr; Rfic_WriteWord &rArr; Rfic_ByteWrite
</UL>
<BR>[Calls]<UL><LI><a href="#[b1]">&gt;&gt;</a>&nbsp;&nbsp;&nbsp;Rfic_WriteWord
<LI><a href="#[8a]">&gt;&gt;</a>&nbsp;&nbsp;&nbsp;__aeabi_uidivmod
</UL>
<BR>[Called By]<UL><LI><a href="#[b4]">&gt;&gt;</a>&nbsp;&nbsp;&nbsp;CTS_DCS_SEND_Initial
<LI><a href="#[b2]">&gt;&gt;</a>&nbsp;&nbsp;&nbsp;CTS_DCS_RECE_Initial
</UL>

<P><STRONG><a name="[b2]"></a>CTS_DCS_RECE_Initial</STRONG> (Thumb, 42 bytes, Stack size 8 bytes, devbk4819.o(i.CTS_DCS_RECE_Initial))
<BR><BR>[Stack]<UL><LI>Max Depth = 72<LI>Call Chain = CTS_DCS_RECE_Initial &rArr; DTCSS_WithRfic &rArr; Rfic_WriteWord &rArr; Rfic_ByteWrite
</UL>
<BR>[Calls]<UL><LI><a href="#[b3]">&gt;&gt;</a>&nbsp;&nbsp;&nbsp;DTCSS_WithRfic
<LI><a href="#[b0]">&gt;&gt;</a>&nbsp;&nbsp;&nbsp;CTCSS_WithRfic
</UL>
<BR>[Called By]<UL><LI><a href="#[1c6]">&gt;&gt;</a>&nbsp;&nbsp;&nbsp;Rfic_ConfigRxMode
</UL>

<P><STRONG><a name="[b4]"></a>CTS_DCS_SEND_Initial</STRONG> (Thumb, 50 bytes, Stack size 8 bytes, devbk4819.o(i.CTS_DCS_SEND_Initial))
<BR><BR>[Stack]<UL><LI>Max Depth = 92<LI>Call Chain = CTS_DCS_SEND_Initial &rArr; RF_SendTail &rArr; Rfic_ReadWord &rArr; GpioModeSwitch &rArr; GPIO_Init
</UL>
<BR>[Calls]<UL><LI><a href="#[b3]">&gt;&gt;</a>&nbsp;&nbsp;&nbsp;DTCSS_WithRfic
<LI><a href="#[b1]">&gt;&gt;</a>&nbsp;&nbsp;&nbsp;Rfic_WriteWord
<LI><a href="#[b0]">&gt;&gt;</a>&nbsp;&nbsp;&nbsp;CTCSS_WithRfic
<LI><a href="#[b5]">&gt;&gt;</a>&nbsp;&nbsp;&nbsp;RF_SendTail
</UL>
<BR>[Called By]<UL><LI><a href="#[1ce]">&gt;&gt;</a>&nbsp;&nbsp;&nbsp;Rfic_ConfigTxMode
</UL>

<P><STRONG><a name="[72]"></a>CalculateSqlLevel</STRONG> (Thumb, 106 bytes, Stack size 16 bytes, radiotask.o(i.CalculateSqlLevel))
<BR><BR>[Stack]<UL><LI>Max Depth = 92<LI>Call Chain = CalculateSqlLevel &rArr; Rfic_GetRssiVal &rArr; Rfic_ReadWord &rArr; GpioModeSwitch &rArr; GPIO_Init
</UL>
<BR>[Calls]<UL><LI><a href="#[b6]">&gt;&gt;</a>&nbsp;&nbsp;&nbsp;Rfic_GetRssiVal
</UL>
<BR>[Called By]<UL><LI><a href="#[70]">&gt;&gt;</a>&nbsp;&nbsp;&nbsp;App_500msTask
</UL>

<P><STRONG><a name="[230]"></a>CalculateVfoTxFreq</STRONG> (Thumb, 48 bytes, Stack size 0 bytes, radio.o(i.CalculateVfoTxFreq))
<BR><BR>[Called By]<UL><LI><a href="#[1a7]">&gt;&gt;</a>&nbsp;&nbsp;&nbsp;VfoFreqUp
<LI><a href="#[1a5]">&gt;&gt;</a>&nbsp;&nbsp;&nbsp;VfoFreqTypeIn
<LI><a href="#[1a6]">&gt;&gt;</a>&nbsp;&nbsp;&nbsp;VfoFreqDown
</UL>

<P><STRONG><a name="[b7]"></a>ChDisModeFastSwitch</STRONG> (Thumb, 82 bytes, Stack size 8 bytes, functions.o(i.ChDisModeFastSwitch))
<BR><BR>[Stack]<UL><LI>Max Depth = 776<LI>Call Chain = ChDisModeFastSwitch &rArr; DisplayRadioHome &rArr; DisplayChannelMsg &rArr; DisplayCurFreq &rArr; LCD_DisplayNum12x17 &rArr; ST7735S_DisplayColorArea &rArr; ST7735S_SetRamAddr &rArr; WriteWord &rArr; ST7735S_Data_Write
</UL>
<BR>[Calls]<UL><LI><a href="#[b8]">&gt;&gt;</a>&nbsp;&nbsp;&nbsp;ResetInputBuf
<LI><a href="#[42]">&gt;&gt;</a>&nbsp;&nbsp;&nbsp;DisplayRadioHome
<LI><a href="#[44]">&gt;&gt;</a>&nbsp;&nbsp;&nbsp;BeepOut
<LI><a href="#[3c]">&gt;&gt;</a>&nbsp;&nbsp;&nbsp;DualStandbyWorkOFF
<LI><a href="#[8a]">&gt;&gt;</a>&nbsp;&nbsp;&nbsp;__aeabi_uidivmod
</UL>
<BR>[Called By]<UL><LI><a href="#[6b]">&gt;&gt;</a>&nbsp;&nbsp;&nbsp;KeyProcess_Main
</UL>

<P><STRONG><a name="[1b8]"></a>ChangeCapsLow</STRONG> (Thumb, 22 bytes, Stack size 0 bytes, displayinputbox.o(i.ChangeCapsLow))
<BR><BR>[Called By]<UL><LI><a href="#[1af]">&gt;&gt;</a>&nbsp;&nbsp;&nbsp;NumToChar
</UL>

<P><STRONG><a name="[b9]"></a>ChangeInputType</STRONG> (Thumb, 72 bytes, Stack size 8 bytes, displayinputbox.o(i.ChangeInputType))
<BR><BR>[Stack]<UL><LI>Max Depth = 80<LI>Call Chain = ChangeInputType &rArr; MenuShowInputChar &rArr; DisplaySelectHz &rArr; __2sprintf
</UL>
<BR>[Calls]<UL><LI><a href="#[ba]">&gt;&gt;</a>&nbsp;&nbsp;&nbsp;MenuShowInputChar
<LI><a href="#[97]">&gt;&gt;</a>&nbsp;&nbsp;&nbsp;ResetMenuExitTime
<LI><a href="#[bb]">&gt;&gt;</a>&nbsp;&nbsp;&nbsp;DisplayInputType
<LI><a href="#[9c]">&gt;&gt;</a>&nbsp;&nbsp;&nbsp;SetInputDisMode
<LI><a href="#[9b]">&gt;&gt;</a>&nbsp;&nbsp;&nbsp;ClearPyIndex
</UL>
<BR>[Called By]<UL><LI><a href="#[63]">&gt;&gt;</a>&nbsp;&nbsp;&nbsp;KeyProcess_Menu
</UL>

<P><STRONG><a name="[219]"></a>ChangePos</STRONG> (Thumb, 70 bytes, Stack size 0 bytes, displayinputbox.o(i.ChangePos))
<BR><BR>[Called By]<UL><LI><a href="#[191]">&gt;&gt;</a>&nbsp;&nbsp;&nbsp;T9Select
</UL>

<P><STRONG><a name="[8e]"></a>ChangeSigned2unsigned</STRONG> (Thumb, 32 bytes, Stack size 16 bytes, voicebroadcast.o(i.ChangeSigned2unsigned))
<BR><BR>[Stack]<UL><LI>Max Depth = 16<LI>Call Chain = ChangeSigned2unsigned
</UL>
<BR>[Called By]<UL><LI><a href="#[8f]">&gt;&gt;</a>&nbsp;&nbsp;&nbsp;Audio_PlayStart
<LI><a href="#[8b]">&gt;&gt;</a>&nbsp;&nbsp;&nbsp;Audio_PlayContinue
</UL>

<P><STRONG><a name="[bc]"></a>ChanlFreqTypeIn</STRONG> (Thumb, 118 bytes, Stack size 24 bytes, appmenu.o(i.ChanlFreqTypeIn))
<BR><BR>[Stack]<UL><LI>Max Depth = 140<LI>Call Chain = ChanlFreqTypeIn &rArr; BeepOut &rArr; Rfic_TxSingleTone_Off &rArr; Rfic_SetScramble &rArr; Rfic_ReadWord &rArr; GpioModeSwitch &rArr; GPIO_Init
</UL>
<BR>[Calls]<UL><LI><a href="#[89]">&gt;&gt;</a>&nbsp;&nbsp;&nbsp;Audio_PlayChanNum
<LI><a href="#[44]">&gt;&gt;</a>&nbsp;&nbsp;&nbsp;BeepOut
<LI><a href="#[31]">&gt;&gt;</a>&nbsp;&nbsp;&nbsp;atol
</UL>
<BR>[Called By]<UL><LI><a href="#[18e]">&gt;&gt;</a>&nbsp;&nbsp;&nbsp;Menu_KeyDigitalInput
</UL>

<P><STRONG><a name="[bd]"></a>ChannelCheckActiveAll</STRONG> (Thumb, 256 bytes, Stack size 32 bytes, radio.o(i.ChannelCheckActiveAll))
<BR><BR>[Stack]<UL><LI>Max Depth = 80<LI>Call Chain = ChannelCheckActiveAll &rArr; SpiFlash_ReadBytes &rArr; SpiFlash_SendByte
</UL>
<BR>[Calls]<UL><LI><a href="#[bf]">&gt;&gt;</a>&nbsp;&nbsp;&nbsp;ListFlagSet
<LI><a href="#[8c]">&gt;&gt;</a>&nbsp;&nbsp;&nbsp;SpiFlash_ReadBytes
<LI><a href="#[c1]">&gt;&gt;</a>&nbsp;&nbsp;&nbsp;SeekActiveChannel_Up
<LI><a href="#[be]">&gt;&gt;</a>&nbsp;&nbsp;&nbsp;CheckFreqInRange
<LI><a href="#[c0]">&gt;&gt;</a>&nbsp;&nbsp;&nbsp;CheckChannelActive
<LI><a href="#[7a]">&gt;&gt;</a>&nbsp;&nbsp;&nbsp;__aeabi_memclr4
<LI><a href="#[2b]">&gt;&gt;</a>&nbsp;&nbsp;&nbsp;__aeabi_memclr
</UL>
<BR>[Called By]<UL><LI><a href="#[25]">&gt;&gt;</a>&nbsp;&nbsp;&nbsp;main
</UL>

<P><STRONG><a name="[c2]"></a>ChannelDown</STRONG> (Thumb, 52 bytes, Stack size 16 bytes, radio.o(i.ChannelDown))
<BR><BR>[Stack]<UL><LI>Max Depth = 792<LI>Call Chain = ChannelDown &rArr; DisplayHomePage &rArr; DisplayRadioHome &rArr; DisplayChannelMsg &rArr; DisplayCurFreq &rArr; LCD_DisplayNum12x17 &rArr; ST7735S_DisplayColorArea &rArr; ST7735S_SetRamAddr &rArr; WriteWord &rArr; ST7735S_Data_Write
</UL>
<BR>[Calls]<UL><LI><a href="#[c5]">&gt;&gt;</a>&nbsp;&nbsp;&nbsp;DisplayHomePage
<LI><a href="#[c6]">&gt;&gt;</a>&nbsp;&nbsp;&nbsp;DtmfClrMatchTimer
<LI><a href="#[c4]">&gt;&gt;</a>&nbsp;&nbsp;&nbsp;ChannelNumChangeRead
<LI><a href="#[c3]">&gt;&gt;</a>&nbsp;&nbsp;&nbsp;SeekActiveChannel_Down
</UL>
<BR>[Called By]<UL><LI><a href="#[188]">&gt;&gt;</a>&nbsp;&nbsp;&nbsp;Main_KeyDownFun
<LI><a href="#[194]">&gt;&gt;</a>&nbsp;&nbsp;&nbsp;ScanNextChannel
</UL>

<P><STRONG><a name="[c4]"></a>ChannelNumChangeRead</STRONG> (Thumb, 72 bytes, Stack size 24 bytes, radio.o(i.ChannelNumChangeRead))
<BR><BR>[Stack]<UL><LI>Max Depth = 216<LI>Call Chain = ChannelNumChangeRead &rArr; ChannleVfoDataInit &rArr; Flash_ReadVfoData &rArr; ResetVfoModeData &rArr; Flash_SaveVfoData &rArr; Flash_GetLogicAddrShift &rArr; SpiFlash_ReadBytes &rArr; SpiFlash_SendByte
</UL>
<BR>[Calls]<UL><LI><a href="#[b8]">&gt;&gt;</a>&nbsp;&nbsp;&nbsp;ResetInputBuf
<LI><a href="#[89]">&gt;&gt;</a>&nbsp;&nbsp;&nbsp;Audio_PlayChanNum
<LI><a href="#[c8]">&gt;&gt;</a>&nbsp;&nbsp;&nbsp;Flash_SaveSystemRunData
<LI><a href="#[c7]">&gt;&gt;</a>&nbsp;&nbsp;&nbsp;ChannleVfoDataInit
<LI><a href="#[c9]">&gt;&gt;</a>&nbsp;&nbsp;&nbsp;RxReset
</UL>
<BR>[Called By]<UL><LI><a href="#[cd]">&gt;&gt;</a>&nbsp;&nbsp;&nbsp;ChannelUp
<LI><a href="#[ca]">&gt;&gt;</a>&nbsp;&nbsp;&nbsp;ChannelNumTypeIn
<LI><a href="#[c2]">&gt;&gt;</a>&nbsp;&nbsp;&nbsp;ChannelDown
<LI><a href="#[47]">&gt;&gt;</a>&nbsp;&nbsp;&nbsp;Radio_EnterTxMode
<LI><a href="#[75]">&gt;&gt;</a>&nbsp;&nbsp;&nbsp;ScanTask
</UL>

<P><STRONG><a name="[ca]"></a>ChannelNumTypeIn</STRONG> (Thumb, 116 bytes, Stack size 16 bytes, radio.o(i.ChannelNumTypeIn))
<BR><BR>[Stack]<UL><LI>Max Depth = 792<LI>Call Chain = ChannelNumTypeIn &rArr; DisplayHomePage &rArr; DisplayRadioHome &rArr; DisplayChannelMsg &rArr; DisplayCurFreq &rArr; LCD_DisplayNum12x17 &rArr; ST7735S_DisplayColorArea &rArr; ST7735S_SetRamAddr &rArr; WriteWord &rArr; ST7735S_Data_Write
</UL>
<BR>[Calls]<UL><LI><a href="#[cb]">&gt;&gt;</a>&nbsp;&nbsp;&nbsp;DisplayInputChNum
<LI><a href="#[b8]">&gt;&gt;</a>&nbsp;&nbsp;&nbsp;ResetInputBuf
<LI><a href="#[c5]">&gt;&gt;</a>&nbsp;&nbsp;&nbsp;DisplayHomePage
<LI><a href="#[44]">&gt;&gt;</a>&nbsp;&nbsp;&nbsp;BeepOut
<LI><a href="#[3c]">&gt;&gt;</a>&nbsp;&nbsp;&nbsp;DualStandbyWorkOFF
<LI><a href="#[c4]">&gt;&gt;</a>&nbsp;&nbsp;&nbsp;ChannelNumChangeRead
<LI><a href="#[c0]">&gt;&gt;</a>&nbsp;&nbsp;&nbsp;CheckChannelActive
<LI><a href="#[cc]">&gt;&gt;</a>&nbsp;&nbsp;&nbsp;Audio_PlayNumInQueue
<LI><a href="#[2e]">&gt;&gt;</a>&nbsp;&nbsp;&nbsp;atoi
</UL>
<BR>[Called By]<UL><LI><a href="#[185]">&gt;&gt;</a>&nbsp;&nbsp;&nbsp;Main_KeyDigitalInput
</UL>

<P><STRONG><a name="[cd]"></a>ChannelUp</STRONG> (Thumb, 52 bytes, Stack size 16 bytes, radio.o(i.ChannelUp))
<BR><BR>[Stack]<UL><LI>Max Depth = 792<LI>Call Chain = ChannelUp &rArr; DisplayHomePage &rArr; DisplayRadioHome &rArr; DisplayChannelMsg &rArr; DisplayCurFreq &rArr; LCD_DisplayNum12x17 &rArr; ST7735S_DisplayColorArea &rArr; ST7735S_SetRamAddr &rArr; WriteWord &rArr; ST7735S_Data_Write
</UL>
<BR>[Calls]<UL><LI><a href="#[c5]">&gt;&gt;</a>&nbsp;&nbsp;&nbsp;DisplayHomePage
<LI><a href="#[c6]">&gt;&gt;</a>&nbsp;&nbsp;&nbsp;DtmfClrMatchTimer
<LI><a href="#[c4]">&gt;&gt;</a>&nbsp;&nbsp;&nbsp;ChannelNumChangeRead
<LI><a href="#[c1]">&gt;&gt;</a>&nbsp;&nbsp;&nbsp;SeekActiveChannel_Up
</UL>
<BR>[Called By]<UL><LI><a href="#[187]">&gt;&gt;</a>&nbsp;&nbsp;&nbsp;Main_KeyUpFun
<LI><a href="#[194]">&gt;&gt;</a>&nbsp;&nbsp;&nbsp;ScanNextChannel
</UL>

<P><STRONG><a name="[c7]"></a>ChannleVfoDataInit</STRONG> (Thumb, 498 bytes, Stack size 40 bytes, radio.o(i.ChannleVfoDataInit))
<BR><BR>[Stack]<UL><LI>Max Depth = 192<LI>Call Chain = ChannleVfoDataInit &rArr; Flash_ReadVfoData &rArr; ResetVfoModeData &rArr; Flash_SaveVfoData &rArr; Flash_GetLogicAddrShift &rArr; SpiFlash_ReadBytes &rArr; SpiFlash_SendByte
</UL>
<BR>[Calls]<UL><LI><a href="#[8c]">&gt;&gt;</a>&nbsp;&nbsp;&nbsp;SpiFlash_ReadBytes
<LI><a href="#[d1]">&gt;&gt;</a>&nbsp;&nbsp;&nbsp;VfoOffsetCalculate
<LI><a href="#[cf]">&gt;&gt;</a>&nbsp;&nbsp;&nbsp;VfoFreqCalculate
<LI><a href="#[d0]">&gt;&gt;</a>&nbsp;&nbsp;&nbsp;GetCTSDCSType
<LI><a href="#[ce]">&gt;&gt;</a>&nbsp;&nbsp;&nbsp;Flash_ReadVfoData
</UL>
<BR>[Called By]<UL><LI><a href="#[18a]">&gt;&gt;</a>&nbsp;&nbsp;&nbsp;Radio_SwitchChannelOrVfo
<LI><a href="#[1d3]">&gt;&gt;</a>&nbsp;&nbsp;&nbsp;RadioVfoInfo_Init
<LI><a href="#[197]">&gt;&gt;</a>&nbsp;&nbsp;&nbsp;SaveQTScanResult
<LI><a href="#[c4]">&gt;&gt;</a>&nbsp;&nbsp;&nbsp;ChannelNumChangeRead
<LI><a href="#[1b3]">&gt;&gt;</a>&nbsp;&nbsp;&nbsp;SaveRadioDcs
<LI><a href="#[1b2]">&gt;&gt;</a>&nbsp;&nbsp;&nbsp;SaveRadioCtcss
<LI><a href="#[1b5]">&gt;&gt;</a>&nbsp;&nbsp;&nbsp;SaveChMemory
<LI><a href="#[1b6]">&gt;&gt;</a>&nbsp;&nbsp;&nbsp;SaveChDelete
<LI><a href="#[1ac]">&gt;&gt;</a>&nbsp;&nbsp;&nbsp;Menu_SaveSelectItem
</UL>

<P><STRONG><a name="[d2]"></a>CharInput</STRONG> (Thumb, 34 bytes, Stack size 4 bytes, displayinputbox.o(i.CharInput))
<BR><BR>[Stack]<UL><LI>Max Depth = 12<LI>Call Chain = CharInput &rArr; InsertChar
</UL>
<BR>[Calls]<UL><LI><a href="#[d3]">&gt;&gt;</a>&nbsp;&nbsp;&nbsp;InsertChar
</UL>
<BR>[Called By]<UL><LI><a href="#[1af]">&gt;&gt;</a>&nbsp;&nbsp;&nbsp;NumToChar
<LI><a href="#[180]">&gt;&gt;</a>&nbsp;&nbsp;&nbsp;InputPinYin
</UL>

<P><STRONG><a name="[218]"></a>CheckAlarmDelay</STRONG> (Thumb, 34 bytes, Stack size 0 bytes, appalarm.o(i.CheckAlarmDelay))
<BR><BR>[Called By]<UL><LI><a href="#[217]">&gt;&gt;</a>&nbsp;&nbsp;&nbsp;SysTickHandler
</UL>

<P><STRONG><a name="[55]"></a>CheckAutoKeyLockTask</STRONG> (Thumb, 84 bytes, Stack size 8 bytes, functions.o(i.CheckAutoKeyLockTask))
<BR><BR>[Stack]<UL><LI>Max Depth = 152<LI>Call Chain = CheckAutoKeyLockTask &rArr; DisplayLockFlag &rArr; LCD_DisplayIcon &rArr; ST7735S_DisplayArea &rArr; ST7735S_SetRamAddr &rArr; WriteWord &rArr; ST7735S_Data_Write
</UL>
<BR>[Calls]<UL><LI><a href="#[94]">&gt;&gt;</a>&nbsp;&nbsp;&nbsp;Audio_PlayVoice
<LI><a href="#[d4]">&gt;&gt;</a>&nbsp;&nbsp;&nbsp;DisplayLockFlag
</UL>
<BR>[Called By]<UL><LI><a href="#[50]">&gt;&gt;</a>&nbsp;&nbsp;&nbsp;App_100msTask
</UL>

<P><STRONG><a name="[1d5]"></a>CheckBatteryCanTx</STRONG> (Thumb, 16 bytes, Stack size 0 bytes, battery.o(i.CheckBatteryCanTx))
<BR><BR>[Called By]<UL><LI><a href="#[47]">&gt;&gt;</a>&nbsp;&nbsp;&nbsp;Radio_EnterTxMode
</UL>

<P><STRONG><a name="[d5]"></a>CheckCanTxOverRange</STRONG> (Thumb, 72 bytes, Stack size 16 bytes, radiotask.o(i.CheckCanTxOverRange))
<BR><BR>[Stack]<UL><LI>Max Depth = 28<LI>Call Chain = CheckCanTxOverRange &rArr; __aeabi_uidivmod
</UL>
<BR>[Calls]<UL><LI><a href="#[8a]">&gt;&gt;</a>&nbsp;&nbsp;&nbsp;__aeabi_uidivmod
</UL>
<BR>[Called By]<UL><LI><a href="#[d8]">&gt;&gt;</a>&nbsp;&nbsp;&nbsp;CheckFreqInTxFreqRange
</UL>

<P><STRONG><a name="[c0]"></a>CheckChannelActive</STRONG> (Thumb, 36 bytes, Stack size 0 bytes, radio.o(i.CheckChannelActive))
<BR><BR>[Called By]<UL><LI><a href="#[ca]">&gt;&gt;</a>&nbsp;&nbsp;&nbsp;ChannelNumTypeIn
<LI><a href="#[bd]">&gt;&gt;</a>&nbsp;&nbsp;&nbsp;ChannelCheckActiveAll
<LI><a href="#[c1]">&gt;&gt;</a>&nbsp;&nbsp;&nbsp;SeekActiveChannel_Up
<LI><a href="#[1b5]">&gt;&gt;</a>&nbsp;&nbsp;&nbsp;SaveChMemory
<LI><a href="#[1b6]">&gt;&gt;</a>&nbsp;&nbsp;&nbsp;SaveChDelete
<LI><a href="#[c3]">&gt;&gt;</a>&nbsp;&nbsp;&nbsp;SeekActiveChannel_Down
<LI><a href="#[1a9]">&gt;&gt;</a>&nbsp;&nbsp;&nbsp;Menu_GetSubItemString
</UL>

<P><STRONG><a name="[53]"></a>CheckExitMenu</STRONG> (Thumb, 40 bytes, Stack size 8 bytes, appmenu.o(i.CheckExitMenu))
<BR><BR>[Stack]<UL><LI>Max Depth = 4280<LI>Call Chain = CheckExitMenu &rArr; Menu_ExitMode &rArr; Flash_SaveChannelData &rArr; Flash_ModifyChannelData &rArr; SpiFlash_WriteBytes &rArr; SpiFlash_WriteByte_InPage &rArr; SpiFlash_CheckBusy &rArr; SpiFlash_ReadStatus &rArr; SpiFlash_SendByte
</UL>
<BR>[Calls]<UL><LI><a href="#[d6]">&gt;&gt;</a>&nbsp;&nbsp;&nbsp;Menu_ExitMode
<LI><a href="#[d7]">&gt;&gt;</a>&nbsp;&nbsp;&nbsp;ResumeFmMode
</UL>
<BR>[Called By]<UL><LI><a href="#[50]">&gt;&gt;</a>&nbsp;&nbsp;&nbsp;App_100msTask
</UL>

<P><STRONG><a name="[15a]"></a>CheckFmChActive</STRONG> (Thumb, 20 bytes, Stack size 0 bytes, appfm.o(i.CheckFmChActive))
<BR><BR>[Called By]<UL><LI><a href="#[15b]">&gt;&gt;</a>&nbsp;&nbsp;&nbsp;SeekActiveFmChUp
<LI><a href="#[161]">&gt;&gt;</a>&nbsp;&nbsp;&nbsp;SeekActiveFmChDown
<LI><a href="#[159]">&gt;&gt;</a>&nbsp;&nbsp;&nbsp;FmCheckChannelActive
<LI><a href="#[1a9]">&gt;&gt;</a>&nbsp;&nbsp;&nbsp;Menu_GetSubItemString
</UL>

<P><STRONG><a name="[be]"></a>CheckFreqInRange</STRONG> (Thumb, 108 bytes, Stack size 8 bytes, radio.o(i.CheckFreqInRange))
<BR><BR>[Stack]<UL><LI>Max Depth = 20<LI>Call Chain = CheckFreqInRange &rArr; __aeabi_uidivmod
</UL>
<BR>[Calls]<UL><LI><a href="#[8a]">&gt;&gt;</a>&nbsp;&nbsp;&nbsp;__aeabi_uidivmod
</UL>
<BR>[Called By]<UL><LI><a href="#[1a5]">&gt;&gt;</a>&nbsp;&nbsp;&nbsp;VfoFreqTypeIn
<LI><a href="#[18c]">&gt;&gt;</a>&nbsp;&nbsp;&nbsp;Radio_ReverseSwitch
<LI><a href="#[bd]">&gt;&gt;</a>&nbsp;&nbsp;&nbsp;ChannelCheckActiveAll
<LI><a href="#[cf]">&gt;&gt;</a>&nbsp;&nbsp;&nbsp;VfoFreqCalculate
</UL>

<P><STRONG><a name="[d8]"></a>CheckFreqInTxFreqRange</STRONG> (Thumb, 194 bytes, Stack size 16 bytes, radiotask.o(i.CheckFreqInTxFreqRange))
<BR><BR>[Stack]<UL><LI>Max Depth = 44<LI>Call Chain = CheckFreqInTxFreqRange &rArr; CheckCanTxOverRange &rArr; __aeabi_uidivmod
</UL>
<BR>[Calls]<UL><LI><a href="#[d9]">&gt;&gt;</a>&nbsp;&nbsp;&nbsp;GetHardWorkBand
<LI><a href="#[d5]">&gt;&gt;</a>&nbsp;&nbsp;&nbsp;CheckCanTxOverRange
<LI><a href="#[8a]">&gt;&gt;</a>&nbsp;&nbsp;&nbsp;__aeabi_uidivmod
</UL>
<BR>[Called By]<UL><LI><a href="#[47]">&gt;&gt;</a>&nbsp;&nbsp;&nbsp;Radio_EnterTxMode
</UL>

<P><STRONG><a name="[1fc]"></a>CheckIsStandardCTCSS</STRONG> (Thumb, 52 bytes, Stack size 12 bytes, appsearch.o(i.CheckIsStandardCTCSS))
<BR><BR>[Stack]<UL><LI>Max Depth = 12<LI>Call Chain = CheckIsStandardCTCSS
</UL>
<BR>[Called By]<UL><LI><a href="#[51]">&gt;&gt;</a>&nbsp;&nbsp;&nbsp;SearchFreqTask
<LI><a href="#[52]">&gt;&gt;</a>&nbsp;&nbsp;&nbsp;TaskRemoteScanQT
</UL>

<P><STRONG><a name="[da]"></a>CheckIsStandardDCS</STRONG> (Thumb, 74 bytes, Stack size 16 bytes, appsearch.o(i.CheckIsStandardDCS))
<BR><BR>[Stack]<UL><LI>Max Depth = 36<LI>Call Chain = CheckIsStandardDCS &rArr; GOLAY_ENCODE
</UL>
<BR>[Calls]<UL><LI><a href="#[db]">&gt;&gt;</a>&nbsp;&nbsp;&nbsp;GOLAY_ENCODE
</UL>
<BR>[Called By]<UL><LI><a href="#[51]">&gt;&gt;</a>&nbsp;&nbsp;&nbsp;SearchFreqTask
<LI><a href="#[52]">&gt;&gt;</a>&nbsp;&nbsp;&nbsp;TaskRemoteScanQT
</UL>

<P><STRONG><a name="[dc]"></a>CheckLinkHead</STRONG> (Thumb, 60 bytes, Stack size 8 bytes, progromflash.o(i.CheckLinkHead))
<BR><BR>[Stack]<UL><LI>Max Depth = 20<LI>Call Chain = CheckLinkHead &rArr; memcmp
</UL>
<BR>[Calls]<UL><LI><a href="#[dd]">&gt;&gt;</a>&nbsp;&nbsp;&nbsp;memcmp
</UL>
<BR>[Called By]<UL><LI><a href="#[6e]">&gt;&gt;</a>&nbsp;&nbsp;&nbsp;EnterProgromMode
</UL>

<P><STRONG><a name="[11a]"></a>CheckPowerBusy</STRONG> (Thumb, 6 bytes, Stack size 0 bytes, battery.o(i.CheckPowerBusy))
<BR><BR>[Called By]<UL><LI><a href="#[77]">&gt;&gt;</a>&nbsp;&nbsp;&nbsp;DualStandbyTask
<LI><a href="#[1c1]">&gt;&gt;</a>&nbsp;&nbsp;&nbsp;RF_RxTask
</UL>

<P><STRONG><a name="[54]"></a>CheckPowerOff</STRONG> (Thumb, 146 bytes, Stack size 8 bytes, boardfun.o(i.CheckPowerOff))
<BR><BR>[Stack]<UL><LI>Max Depth = 4272<LI>Call Chain = CheckPowerOff &rArr; Flash_SaveChannelData &rArr; Flash_ModifyChannelData &rArr; SpiFlash_WriteBytes &rArr; SpiFlash_WriteByte_InPage &rArr; SpiFlash_CheckBusy &rArr; SpiFlash_ReadStatus &rArr; SpiFlash_SendByte
</UL>
<BR>[Calls]<UL><LI><a href="#[df]">&gt;&gt;</a>&nbsp;&nbsp;&nbsp;Rfic_Sleep
<LI><a href="#[de]">&gt;&gt;</a>&nbsp;&nbsp;&nbsp;RfOff
[...]
</UL>
<BR>[Calls]<UL><LI><a href="#[4a]">&gt;&gt;</a>&nbsp;&nbsp;&nbsp;Rfic_TxSingleTone_On
<LI><a href="#[46]">&gt;&gt;</a>&nbsp;&nbsp;&nbsp;Rfic_TxSingleTone_Off
<LI><a href="#[49]">&gt;&gt;</a>&nbsp;&nbsp;&nbsp;Rfic_SetToneFreq
<LI><a href="#[48]">&gt;&gt;</a>&nbsp;&nbsp;&nbsp;Rfic_RxTxOnOffSetup
<LI><a href="#[92]">&gt;&gt;</a>&nbsp;&nbsp;&nbsp;DelayMs
<LI><a href="#[43]">&gt;&gt;</a>&nbsp;&nbsp;&nbsp;SpeakerSwitch
<LI><a href="#[111]">&gt;&gt;</a>&nbsp;&nbsp;&nbsp;PTT_GetKeyVal
</UL>
<BR>[Called By]<UL><LI><a href="#[47]">&gt;&gt;</a>&nbsp;&nbsp;&nbsp;Radio_EnterTxMode
<LI><a href="#[1d0]">&gt;&gt;</a>&nbsp;&nbsp;&nbsp;TotTimeWarning
</UL>

<P><STRONG><a name="[19d]"></a>WeatherChannelDown</STRONG> (Thumb, 44 bytes, Stack size 8 bytes, appweather.o(i.WeatherChannelDown))
<BR><BR>[Stack]<UL><LI>Max Depth = 124<LI>Call Chain = WeatherChannelDown &rArr; BeepOut &rArr; Rfic_TxSingleTone_Off &rArr; Rfic_SetScramble &rArr; Rfic_ReadWord &rArr; GpioModeSwitch &rArr; GPIO_Init
</UL>
<BR>[Calls]<UL><LI><a href="#[44]">&gt;&gt;</a>&nbsp;&nbsp;&nbsp;BeepOut
<LI><a href="#[233]">&gt;&gt;</a>&nbsp;&nbsp;&nbsp;WeatherDisplayFreq
</UL>
<BR>[Called By]<UL><LI><a href="#[19b]">&gt;&gt;</a>&nbsp;&nbsp;&nbsp;WeatherScanNextChannel
<LI><a href="#[69]">&gt;&gt;</a>&nbsp;&nbsp;&nbsp;KeyProcess_Weather
</UL>

<P><STRONG><a name="[19c]"></a>WeatherChannelUp</STRONG> (Thumb, 40 bytes, Stack size 16 bytes, appweather.o(i.WeatherChannelUp))
<BR><BR>[Stack]<UL><LI>Max Depth = 132<LI>Call Chain = WeatherChannelUp &rArr; BeepOut &rArr; Rfic_TxSingleTone_Off &rArr; Rfic_SetScramble &rArr; Rfic_ReadWord &rArr; GpioModeSwitch &rArr; GPIO_Init
</UL>
<BR>[Calls]<UL><LI><a href="#[44]">&gt;&gt;</a>&nbsp;&nbsp;&nbsp;BeepOut
<LI><a href="#[233]">&gt;&gt;</a>&nbsp;&nbsp;&nbsp;WeatherDisplayFreq
<LI><a href="#[8a]">&gt;&gt;</a>&nbsp;&nbsp;&nbsp;__aeabi_uidivmod
</UL>
<BR>[Called By]<UL><LI><a href="#[19b]">&gt;&gt;</a>&nbsp;&nbsp;&nbsp;WeatherScanNextChannel
<LI><a href="#[69]">&gt;&gt;</a>&nbsp;&nbsp;&nbsp;KeyProcess_Weather
</UL>

<P><STRONG><a name="[233]"></a>WeatherDisplayFreq</STRONG> (Thumb, 52 bytes, Stack size 24 bytes, displayweather.o(i.WeatherDisplayFreq))
<BR><BR>[Stack]<UL><LI>Max Depth = 48<LI>Call Chain = WeatherDisplayFreq &rArr; __2sprintf
</UL>
<BR>[Calls]<UL><LI><a href="#[f1]">&gt;&gt;</a>&nbsp;&nbsp;&nbsp;__2sprintf
<LI><a href="#[8a]">&gt;&gt;</a>&nbsp;&nbsp;&nbsp;__aeabi_uidivmod
</UL>
<BR>[Called By]<UL><LI><a href="#[139]">&gt;&gt;</a>&nbsp;&nbsp;&nbsp;WeatherDisplayHome
<LI><a href="#[19e]">&gt;&gt;</a>&nbsp;&nbsp;&nbsp;WeatherScanOff
<LI><a href="#[19c]">&gt;&gt;</a>&nbsp;&nbsp;&nbsp;WeatherChannelUp
<LI><a href="#[19d]">&gt;&gt;</a>&nbsp;&nbsp;&nbsp;WeatherChannelDown
</UL>

<P><STRONG><a name="[139]"></a>WeatherDisplayHome</STRONG> (Thumb, 8 bytes, Stack size 8 bytes, displayweather.o(i.WeatherDisplayHome))
<BR><BR>[Stack]<UL><LI>Max Depth = 56<LI>Call Chain = WeatherDisplayHome &rArr; WeatherDisplayFreq &rArr; __2sprintf
</UL>
<BR>[Calls]<UL><LI><a href="#[233]">&gt;&gt;</a>&nbsp;&nbsp;&nbsp;WeatherDisplayFreq
</UL>
<BR>[Called By]<UL><LI><a href="#[138]">&gt;&gt;</a>&nbsp;&nbsp;&nbsp;EnterWeatherMode
</UL>

<P><STRONG><a name="[1c7]"></a>WeatherInit</STRONG> (Thumb, 28 bytes, Stack size 8 bytes, appweather.o(i.WeatherInit))
<BR><BR>[Stack]<UL><LI>Max Depth = 116<LI>Call Chain = WeatherInit &rArr; Rfic_ConfigRxMode &rArr; RF_PowerSet &rArr; Rfic_GpioSetBit &rArr; Rfic_ReadWord &rArr; GpioModeSwitch &rArr; GPIO_Init
</UL>
<BR>[Calls]<UL><LI><a href="#[1c6]">&gt;&gt;</a>&nbsp;&nbsp;&nbsp;Rfic_ConfigRxMode
</UL>
<BR>[Called By]<UL><LI><a href="#[1c1]">&gt;&gt;</a>&nbsp;&nbsp;&nbsp;RF_RxTask
</UL>

<P><STRONG><a name="[19b]"></a>WeatherScanNextChannel</STRONG> (Thumb, 44 bytes, Stack size 8 bytes, appweather.o(i.WeatherScanNextChannel))
<BR><BR>[Stack]<UL><LI>Max Depth = 140<LI>Call Chain = WeatherScanNextChannel &rArr; WeatherChannelUp &rArr; BeepOut &rArr; Rfic_TxSingleTone_Off &rArr; Rfic_SetScramble &rArr; Rfic_ReadWord &rArr; GpioModeSwitch &rArr; GPIO_Init
</UL>
<BR>[Calls]<UL><LI><a href="#[4f]">&gt;&gt;</a>&nbsp;&nbsp;&nbsp;ResetTimeKeyLockAndPowerSave
<LI><a href="#[19c]">&gt;&gt;</a>&nbsp;&nbsp;&nbsp;WeatherChannelUp
<LI><a href="#[19d]">&gt;&gt;</a>&nbsp;&nbsp;&nbsp;WeatherChannelDown
</UL>
<BR>[Called By]<UL><LI><a href="#[76]">&gt;&gt;</a>&nbsp;&nbsp;&nbsp;WeatherScanTask
<LI><a href="#[69]">&gt;&gt;</a>&nbsp;&nbsp;&nbsp;KeyProcess_Weather
</UL>

<P><STRONG><a name="[19e]"></a>WeatherScanOff</STRONG> (Thumb, 28 bytes, Stack size 8 bytes, appweather.o(i.WeatherScanOff))
<BR><BR>[Stack]<UL><LI>Max Depth = 624<LI>Call Chain = WeatherScanOff &rArr; VoiceBroadcastWithBeepLock &rArr; Audio_PlayVoiceLock &rArr; Audio_PlayTask &rArr; Audio_PlayStart &rArr; Rfic_RxTxOnOffSetup &rArr; Rfic_WriteWord &rArr; Rfic_ByteWrite
</UL>
<BR>[Calls]<UL><LI><a href="#[125]">&gt;&gt;</a>&nbsp;&nbsp;&nbsp;VoiceBroadcastWithBeepLock
<LI><a href="#[233]">&gt;&gt;</a>&nbsp;&nbsp;&nbsp;WeatherDisplayFreq
</UL>
<BR>[Called By]<UL><LI><a href="#[69]">&gt;&gt;</a>&nbsp;&nbsp;&nbsp;KeyProcess_Weather
</UL>

<P><STRONG><a name="[19f]"></a>WeatherScanStart</STRONG> (Thumb, 32 bytes, Stack size 8 bytes, appweather.o(i.WeatherScanStart))
<BR><BR>[Stack]<UL><LI>Max Depth = 624<LI>Call Chain = WeatherScanStart &rArr; VoiceBroadcastWithBeepLock &rArr; Audio_PlayVoiceLock &rArr; Audio_PlayTask &rArr; Audio_PlayStart &rArr; Rfic_RxTxOnOffSetup &rArr; Rfic_WriteWord &rArr; Rfic_ByteWrite
</UL>
<BR>[Calls]<UL><LI><a href="#[125]">&gt;&gt;</a>&nbsp;&nbsp;&nbsp;VoiceBroadcastWithBeepLock
<LI><a href="#[b8]">&gt;&gt;</a>&nbsp;&nbsp;&nbsp;ResetInputBuf
<LI><a href="#[3c]">&gt;&gt;</a>&nbsp;&nbsp;&nbsp;DualStandbyWorkOFF
</UL>
<BR>[Called By]<UL><LI><a href="#[69]">&gt;&gt;</a>&nbsp;&nbsp;&nbsp;KeyProcess_Weather
</UL>

<P><STRONG><a name="[76]"></a>WeatherScanTask</STRONG> (Thumb, 174 bytes, Stack size 24 bytes, appweather.o(i.WeatherScanTask))
<BR><BR>[Stack]<UL><LI>Max Depth = 164<LI>Call Chain = WeatherScanTask &rArr; WeatherScanNextChannel &rArr; WeatherChannelUp &rArr; BeepOut &rArr; Rfic_TxSingleTone_Off &rArr; Rfic_SetScramble &rArr; Rfic_ReadWord &rArr; GpioModeSwitch &rArr; GPIO_Init
</UL>
<BR>[Calls]<UL><LI><a href="#[62]">&gt;&gt;</a>&nbsp;&nbsp;&nbsp;__ARM_common_switch8
<LI><a href="#[19b]">&gt;&gt;</a>&nbsp;&nbsp;&nbsp;WeatherScanNextChannel
<LI><a href="#[1c3]">&gt;&gt;</a>&nbsp;&nbsp;&nbsp;Rfic_GetSQLinkState
</UL>
<BR>[Called By]<UL><LI><a href="#[74]">&gt;&gt;</a>&nbsp;&nbsp;&nbsp;App_50msTask
</UL>

<P><STRONG><a name="[1f1]"></a>WriteWord</STRONG> (Thumb, 18 bytes, Stack size 8 bytes, st7735s.o(i.WriteWord))
<BR><BR>[Stack]<UL><LI>Max Depth = 32<LI>Call Chain = WriteWord &rArr; ST7735S_Data_Write
</UL>
<BR>[Calls]<UL><LI><a href="#[1f6]">&gt;&gt;</a>&nbsp;&nbsp;&nbsp;ST7735S_Data_Write
</UL>
<BR>[Called By]<UL><LI><a href="#[1ef]">&gt;&gt;</a>&nbsp;&nbsp;&nbsp;ST7735S_SetRamAddr
<LI><a href="#[10d]">&gt;&gt;</a>&nbsp;&nbsp;&nbsp;ST7735S_DrawVerticalLine
<LI><a href="#[fc]">&gt;&gt;</a>&nbsp;&nbsp;&nbsp;ST7735S_DrawHorizonLine
<LI><a href="#[1a3]">&gt;&gt;</a>&nbsp;&nbsp;&nbsp;ST7735S_DisplayColorArea
<LI><a href="#[1a2]">&gt;&gt;</a>&nbsp;&nbsp;&nbsp;ST7735S_DisplayArea
<LI><a href="#[1a1]">&gt;&gt;</a>&nbsp;&nbsp;&nbsp;ST7735S_ClearArea
</UL>

<P><STRONG><a name="[234]"></a>__0sprintf$8</STRONG> (Thumb, 36 bytes, Stack size 24 bytes, printf8.o(i.__0sprintf$8), UNUSED)
<BR><BR>[Calls]<UL><LI><a href="#[28]">&gt;&gt;</a>&nbsp;&nbsp;&nbsp;_sputc
<LI><a href="#[235]">&gt;&gt;</a>&nbsp;&nbsp;&nbsp;_printf_core
</UL>

<P><STRONG><a name="[24d]"></a>__1sprintf$8</STRONG> (Thumb, 0 bytes, Stack size 24 bytes, printf8.o(i.__0sprintf$8), UNUSED)

<P><STRONG><a name="[f1]"></a>__2sprintf</STRONG> (Thumb, 0 bytes, Stack size 24 bytes, printf8.o(i.__0sprintf$8))
<BR><BR>[Stack]<UL><LI>Max Depth = 24<LI>Call Chain = __2sprintf
</UL>
<BR>[Called By]<UL><LI><a href="#[158]">&gt;&gt;</a>&nbsp;&nbsp;&nbsp;FmDisplayFreq
<LI><a href="#[233]">&gt;&gt;</a>&nbsp;&nbsp;&nbsp;WeatherDisplayFreq
<LI><a href="#[199]">&gt;&gt;</a>&nbsp;&nbsp;&nbsp;SearchFreqModeDisplayStepMsg
<LI><a href="#[1fa]">&gt;&gt;</a>&nbsp;&nbsp;&nbsp;SearchFreqModeDisplayDCSData
<LI><a href="#[198]">&gt;&gt;</a>&nbsp;&nbsp;&nbsp;QTScanDisplayStatus
<LI><a href="#[12e]">&gt;&gt;</a>&nbsp;&nbsp;&nbsp;QTScanDisplayHome
<LI><a href="#[1bc]">&gt;&gt;</a>&nbsp;&nbsp;&nbsp;QTScanDisplay
<LI><a href="#[f7]">&gt;&gt;</a>&nbsp;&nbsp;&nbsp;DisplayChannelNum
<LI><a href="#[232]">&gt;&gt;</a>&nbsp;&nbsp;&nbsp;VfoFrequency2Buf
<LI><a href="#[ed]">&gt;&gt;</a>&nbsp;&nbsp;&nbsp;Menu_Display
<LI><a href="#[ba]">&gt;&gt;</a>&nbsp;&nbsp;&nbsp;MenuShowInputChar
<LI><a href="#[1b6]">&gt;&gt;</a>&nbsp;&nbsp;&nbsp;SaveChDelete
<LI><a href="#[1b4]">&gt;&gt;</a>&nbsp;&nbsp;&nbsp;OffectFrequency2Buf
<LI><a href="#[147]">&gt;&gt;</a>&nbsp;&nbsp;&nbsp;Menu_GetSubItemPara
<LI><a href="#[12f]">&gt;&gt;</a>&nbsp;&nbsp;&nbsp;EnterResetMode
<LI><a href="#[1aa]">&gt;&gt;</a>&nbsp;&nbsp;&nbsp;UpdateMenuDisplay
<LI><a href="#[1a9]">&gt;&gt;</a>&nbsp;&nbsp;&nbsp;Menu_GetSubItemString
<LI><a href="#[16f]">&gt;&gt;</a>&nbsp;&nbsp;&nbsp;GetCtcssDisBuf
<LI><a href="#[109]">&gt;&gt;</a>&nbsp;&nbsp;&nbsp;DisplaySelectHz
<LI><a href="#[102]">&gt;&gt;</a>&nbsp;&nbsp;&nbsp;DisplayInputVfoScan
<LI><a href="#[100]">&gt;&gt;</a>&nbsp;&nbsp;&nbsp;DisplayInputOffect
<LI><a href="#[fd]">&gt;&gt;</a>&nbsp;&nbsp;&nbsp;DisplayInputChFreq
<LI><a href="#[f6]">&gt;&gt;</a>&nbsp;&nbsp;&nbsp;FillChannelName2Buf
<LI><a href="#[f3]">&gt;&gt;</a>&nbsp;&nbsp;&nbsp;DisplayCurFreq
<LI><a href="#[ef]">&gt;&gt;</a>&nbsp;&nbsp;&nbsp;DisplayChannelMsg
<LI><a href="#[bb]">&gt;&gt;</a>&nbsp;&nbsp;&nbsp;DisplayInputType
<LI><a href="#[99]">&gt;&gt;</a>&nbsp;&nbsp;&nbsp;DisplaySelectPy
<LI><a href="#[15d]">&gt;&gt;</a>&nbsp;&nbsp;&nbsp;FmDisplayChNum
</UL>

<P><STRONG><a name="[62]"></a>__ARM_common_switch8</STRONG> (Thumb, 26 bytes, Stack size 8 bytes, appfm.o(i.__ARM_common_switch8))
<BR><BR>[Stack]<UL><LI>Max Depth = 8<LI>Call Chain = __ARM_common_switch8
</UL>
<BR>[Called By]<UL><LI><a href="#[6b]">&gt;&gt;</a>&nbsp;&nbsp;&nbsp;KeyProcess_Main
<LI><a href="#[184]">&gt;&gt;</a>&nbsp;&nbsp;&nbsp;SideKey_Process
<LI><a href="#[64]">&gt;&gt;</a>&nbsp;&nbsp;&nbsp;KeyProcess_Fm
<LI><a href="#[76]">&gt;&gt;</a>&nbsp;&nbsp;&nbsp;WeatherScanTask
<LI><a href="#[60]">&gt;&gt;</a>&nbsp;&nbsp;&nbsp;Radio_TxKeyTone
<LI><a href="#[5f]">&gt;&gt;</a>&nbsp;&nbsp;&nbsp;Key_GetRealEvent
<LI><a href="#[6a]">&gt;&gt;</a>&nbsp;&nbsp;&nbsp;KeyProcess_DtmfInput
<LI><a href="#[5e]">&gt;&gt;</a>&nbsp;&nbsp;&nbsp;AppRunTask
<LI><a href="#[51]">&gt;&gt;</a>&nbsp;&nbsp;&nbsp;SearchFreqTask
<LI><a href="#[67]">&gt;&gt;</a>&nbsp;&nbsp;&nbsp;KeyProcess_Search
<LI><a href="#[75]">&gt;&gt;</a>&nbsp;&nbsp;&nbsp;ScanTask
<LI><a href="#[1ac]">&gt;&gt;</a>&nbsp;&nbsp;&nbsp;Menu_SaveSelectItem
<LI><a href="#[18e]">&gt;&gt;</a>&nbsp;&nbsp;&nbsp;Menu_KeyDigitalInput
<LI><a href="#[147]">&gt;&gt;</a>&nbsp;&nbsp;&nbsp;Menu_GetSubItemPara
<LI><a href="#[63]">&gt;&gt;</a>&nbsp;&nbsp;&nbsp;KeyProcess_Menu
<LI><a href="#[1a9]">&gt;&gt;</a>&nbsp;&nbsp;&nbsp;Menu_GetSubItemString
</UL>

<P><STRONG><a name="[2f]"></a>__aeabi_errno_addr</STRONG> (Thumb, 4 bytes, Stack size 0 bytes, errno.o(i.__aeabi_errno_addr))
<BR><BR>[Called By]<UL><LI><a href="#[31]">&gt;&gt;</a>&nbsp;&nbsp;&nbsp;atol
<LI><a href="#[2e]">&gt;&gt;</a>&nbsp;&nbsp;&nbsp;atoi
<LI><a href="#[36]">&gt;&gt;</a>&nbsp;&nbsp;&nbsp;_strtoul
<LI><a href="#[30]">&gt;&gt;</a>&nbsp;&nbsp;&nbsp;strtol
</UL>

<P><STRONG><a name="[24e]"></a>__rt_errno_addr</STRONG> (Thumb, 0 bytes, Stack size 0 bytes, errno.o(i.__aeabi_errno_addr), UNUSED)

<P><STRONG><a name="[24f]"></a>__scatterload_copy</STRONG> (Thumb, 14 bytes, Stack size unknown bytes, handlers.o(i.__scatterload_copy), UNUSED)

<P><STRONG><a name="[250]"></a>__scatterload_null</STRONG> (Thumb, 2 bytes, Stack size unknown bytes, handlers.o(i.__scatterload_null), UNUSED)

<P><STRONG><a name="[251]"></a>__scatterload_zeroinit</STRONG> (Thumb, 14 bytes, Stack size unknown bytes, handlers.o(i.__scatterload_zeroinit), UNUSED)

<P><STRONG><a name="[18f]"></a>checkInputCharMode</STRONG> (Thumb, 22 bytes, Stack size 0 bytes, appmenu.o(i.checkInputCharMode))
<BR><BR>[Called By]<UL><LI><a href="#[63]">&gt;&gt;</a>&nbsp;&nbsp;&nbsp;KeyProcess_Menu
</UL>

<P><STRONG><a name="[1ae]"></a>loadCtcssVal</STRONG> (Thumb, 56 bytes, Stack size 8 bytes, appmenu.o(i.loadCtcssVal))
<BR><BR>[Stack]<UL><LI>Max Depth = 8<LI>Call Chain = loadCtcssVal
</UL>
<BR>[Called By]<UL><LI><a href="#[147]">&gt;&gt;</a>&nbsp;&nbsp;&nbsp;Menu_GetSubItemPara
</UL>

<P><STRONG><a name="[25]"></a>main</STRONG> (Thumb, 158 bytes, Stack size 0 bytes, main.o(i.main))
<BR><BR>[Stack]<UL><LI>Max Depth = 4456<LI>Call Chain = main &rArr; AppRunTask &rArr; KeyProcess_Search &rArr; FastEnterChMemMenu &rArr; Menu_EnterNextLevel &rArr; Menu_SaveSelectItem &rArr; EnterResetMode &rArr; App_10msTask &rArr; PTT_ScanTask &rArr; AlarmFuncSwitch &rArr; Radio_EnterTxMode &rArr; ExitAllFunction &rArr; Menu_ExitMode &rArr; Flash_SaveChannelData &rArr; Flash_ModifyChannelData &rArr; SpiFlash_WriteBytes &rArr; SpiFlash_WriteByte_InPage &rArr; SpiFlash_CheckBusy &rArr; SpiFlash_ReadStatus &rArr; SpiFlash_SendByte
</UL>
<BR>[Calls]<UL><LI><a href="#[b8]">&gt;&gt;</a>&nbsp;&nbsp;&nbsp;ResetInputBuf
<LI><a href="#[4f]">&gt;&gt;</a>&nbsp;&nbsp;&nbsp;ResetTimeKeyLockAndPowerSave
<LI><a href="#[4b]">&gt;&gt;</a>&nbsp;&nbsp;&nbsp;AlarmTask
<LI><a href="#[105]">&gt;&gt;</a>&nbsp;&nbsp;&nbsp;LCD_BackLightSetOn
<LI><a href="#[a8]">&gt;&gt;</a>&nbsp;&nbsp;&nbsp;Board_Init
<LI><a href="#[238]">&gt;&gt;</a>&nbsp;&nbsp;&nbsp;SYSCFG_MemoryRemapConfig
<LI><a href="#[21c]">&gt;&gt;</a>&nbsp;&nbsp;&nbsp;UI_DisplayPowerOn
<LI><a href="#[1f7]">&gt;&gt;</a>&nbsp;&nbsp;&nbsp;ST7735S_Init
<LI><a href="#[1e6]">&gt;&gt;</a>&nbsp;&nbsp;&nbsp;Rfic_Init
<LI><a href="#[1d3]">&gt;&gt;</a>&nbsp;&nbsp;&nbsp;RadioVfoInfo_Init
<LI><a href="#[1d1]">&gt;&gt;</a>&nbsp;&nbsp;&nbsp;RadioConfig_Init
<LI><a href="#[1ba]">&gt;&gt;</a>&nbsp;&nbsp;&nbsp;ProgromInit
<LI><a href="#[bd]">&gt;&gt;</a>&nbsp;&nbsp;&nbsp;ChannelCheckActiveAll
<LI><a href="#[a7]">&gt;&gt;</a>&nbsp;&nbsp;&nbsp;BeepPowerOn
<LI><a href="#[a2]">&gt;&gt;</a>&nbsp;&nbsp;&nbsp;BatteryInitLevel
<LI><a href="#[74]">&gt;&gt;</a>&nbsp;&nbsp;&nbsp;App_50msTask
<LI><a href="#[5e]">&gt;&gt;</a>&nbsp;&nbsp;&nbsp;AppRunTask
<LI><a href="#[70]">&gt;&gt;</a>&nbsp;&nbsp;&nbsp;App_500msTask
<LI><a href="#[58]">&gt;&gt;</a>&nbsp;&nbsp;&nbsp;App_10msTask
<LI><a href="#[50]">&gt;&gt;</a>&nbsp;&nbsp;&nbsp;App_100msTask
<LI><a href="#[1f9]">&gt;&gt;</a>&nbsp;&nbsp;&nbsp;__aeabi_memcpy4
</UL>
<BR>[Address Reference Count : 1]<UL><LI> entry9a.o(.ARM.Collect$$$$0000000B)
</UL>
<P><STRONG><a name="[1a8]"></a>uartSendChar</STRONG> (Thumb, 16 bytes, Stack size 0 bytes, board.o(i.uartSendChar))
<BR><BR>[Called By]<UL><LI><a href="#[ba]">&gt;&gt;</a>&nbsp;&nbsp;&nbsp;MenuShowInputChar
<LI><a href="#[12c]">&gt;&gt;</a>&nbsp;&nbsp;&nbsp;UartSendBuf
<LI><a href="#[129]">&gt;&gt;</a>&nbsp;&nbsp;&nbsp;ProgromSendAck
</UL>
<P>
<H3>
Local Symbols
</H3>
<P><STRONG><a name="[202]"></a>SetSysClock</STRONG> (Thumb, 90 bytes, Stack size 8 bytes, system_bt32f0x.o(i.SetSysClock))
<BR><BR>[Stack]<UL><LI>Max Depth = 16<LI>Call Chain = SetSysClock &rArr; RCC_PLLConfig
</UL>
<BR>[Calls]<UL><LI><a href="#[20b]">&gt;&gt;</a>&nbsp;&nbsp;&nbsp;RCC_SYSCLKConfig
<LI><a href="#[20a]">&gt;&gt;</a>&nbsp;&nbsp;&nbsp;RCC_PLLConfig
<LI><a href="#[206]">&gt;&gt;</a>&nbsp;&nbsp;&nbsp;RCC_PLLCmd
<LI><a href="#[20d]">&gt;&gt;</a>&nbsp;&nbsp;&nbsp;RCC_PCLKConfig
<LI><a href="#[204]">&gt;&gt;</a>&nbsp;&nbsp;&nbsp;RCC_HSICmd
<LI><a href="#[20c]">&gt;&gt;</a>&nbsp;&nbsp;&nbsp;RCC_HCLKConfig
<LI><a href="#[205]">&gt;&gt;</a>&nbsp;&nbsp;&nbsp;RCC_GetFlagStatus
<LI><a href="#[203]">&gt;&gt;</a>&nbsp;&nbsp;&nbsp;RCC_DeInit
<LI><a href="#[207]">&gt;&gt;</a>&nbsp;&nbsp;&nbsp;FLASH_Unlock
<LI><a href="#[208]">&gt;&gt;</a>&nbsp;&nbsp;&nbsp;FLASH_SetLatency
<LI><a href="#[209]">&gt;&gt;</a>&nbsp;&nbsp;&nbsp;FLASH_Lock
</UL>
<BR>[Called By]<UL><LI><a href="#[26]">&gt;&gt;</a>&nbsp;&nbsp;&nbsp;SystemInit
</UL>

<P><STRONG><a name="[132]"></a>NVIC_SystemReset</STRONG> (Thumb, 16 bytes, Stack size 0 bytes, appmenu.o(i.NVIC_SystemReset))
<BR><BR>[Called By]<UL><LI><a href="#[1b6]">&gt;&gt;</a>&nbsp;&nbsp;&nbsp;SaveChDelete
<LI><a href="#[12f]">&gt;&gt;</a>&nbsp;&nbsp;&nbsp;EnterResetMode
</UL>

<P><STRONG><a name="[121]"></a>NVIC_SystemReset</STRONG> (Thumb, 16 bytes, Stack size 0 bytes, progromflash.o(i.NVIC_SystemReset))
<BR><BR>[Called By]<UL><LI><a href="#[6e]">&gt;&gt;</a>&nbsp;&nbsp;&nbsp;EnterProgromMode
<LI><a href="#[6f]">&gt;&gt;</a>&nbsp;&nbsp;&nbsp;EnterFlashProgromMode
<LI><a href="#[120]">&gt;&gt;</a>&nbsp;&nbsp;&nbsp;HandleProgromCmd
</UL>

<P><STRONG><a name="[174]"></a>KEY_ReadGpioInput</STRONG> (Thumb, 30 bytes, Stack size 8 bytes, keyboard.o(i.KEY_ReadGpioInput))
<BR><BR>[Stack]<UL><LI>Max Depth = 8<LI>Call Chain = KEY_ReadGpioInput
</UL>
<BR>[Calls]<UL><LI><a href="#[182]">&gt;&gt;</a>&nbsp;&nbsp;&nbsp;GPIO_ReadInputData
</UL>
<BR>[Called By]<UL><LI><a href="#[171]">&gt;&gt;</a>&nbsp;&nbsp;&nbsp;GetKeyCode
</UL>

<P><STRONG><a name="[20e]"></a>CheckCtcssInList</STRONG> (Thumb, 34 bytes, Stack size 0 bytes, displaymenu.o(i.CheckCtcssInList))
<BR><BR>[Called By]<UL><LI><a href="#[1ab]">&gt;&gt;</a>&nbsp;&nbsp;&nbsp;ShowCtcssList
</UL>

<P><STRONG><a name="[1ab]"></a>ShowCtcssList</STRONG> (Thumb, 44 bytes, Stack size 8 bytes, displaymenu.o(i.ShowCtcssList))
<BR><BR>[Stack]<UL><LI>Max Depth = 40<LI>Call Chain = ShowCtcssList &rArr; GetCtcssDisBuf &rArr; __2sprintf
</UL>
<BR>[Calls]<UL><LI><a href="#[16f]">&gt;&gt;</a>&nbsp;&nbsp;&nbsp;GetCtcssDisBuf
<LI><a href="#[20e]">&gt;&gt;</a>&nbsp;&nbsp;&nbsp;CheckCtcssInList
</UL>
<BR>[Called By]<UL><LI><a href="#[ed]">&gt;&gt;</a>&nbsp;&nbsp;&nbsp;Menu_Display
</UL>

<P><STRONG><a name="[91]"></a>DmaUpdateMemery</STRONG> (Thumb, 34 bytes, Stack size 16 bytes, voicebroadcast.o(i.DmaUpdateMemery))
<BR><BR>[Stack]<UL><LI>Max Depth = 16<LI>Call Chain = DmaUpdateMemery
</UL>
<BR>[Calls]<UL><LI><a href="#[80]">&gt;&gt;</a>&nbsp;&nbsp;&nbsp;DMA_Cmd
</UL>
<BR>[Called By]<UL><LI><a href="#[eb]">&gt;&gt;</a>&nbsp;&nbsp;&nbsp;VoiceOutput_Interrupt
<LI><a href="#[8f]">&gt;&gt;</a>&nbsp;&nbsp;&nbsp;Audio_PlayStart
</UL>

<P><STRONG><a name="[235]"></a>_printf_core</STRONG> (Thumb, 1020 bytes, Stack size 104 bytes, printf8.o(i._printf_core), UNUSED)
<BR><BR>[Calls]<UL><LI><a href="#[32]">&gt;&gt;</a>&nbsp;&nbsp;&nbsp;__aeabi_uldivmod
<LI><a href="#[236]">&gt;&gt;</a>&nbsp;&nbsp;&nbsp;_printf_pre_padding
<LI><a href="#[237]">&gt;&gt;</a>&nbsp;&nbsp;&nbsp;_printf_post_padding
</UL>
<BR>[Called By]<UL><LI><a href="#[234]">&gt;&gt;</a>&nbsp;&nbsp;&nbsp;__0sprintf$8
</UL>

<P><STRONG><a name="[237]"></a>_printf_post_padding</STRONG> (Thumb, 32 bytes, Stack size 24 bytes, printf8.o(i._printf_post_padding), UNUSED)
<BR><BR>[Called By]<UL><LI><a href="#[235]">&gt;&gt;</a>&nbsp;&nbsp;&nbsp;_printf_core
</UL>

<P><STRONG><a name="[236]"></a>_printf_pre_padding</STRONG> (Thumb, 44 bytes, Stack size 40 bytes, printf8.o(i._printf_pre_padding), UNUSED)
<BR><BR>[Called By]<UL><LI><a href="#[235]">&gt;&gt;</a>&nbsp;&nbsp;&nbsp;_printf_core
</UL>

<P><STRONG><a name="[28]"></a>_sputc</STRONG> (Thumb, 10 bytes, Stack size 0 bytes, printf8.o(i._sputc))
<BR><BR>[Called By]<UL><LI><a href="#[234]">&gt;&gt;</a>&nbsp;&nbsp;&nbsp;__0sprintf$8
</UL>
<BR>[Address Reference Count : 1]<UL><LI> printf8.o(i.__0sprintf$8)
</UL><P>
<H3>
Undefined Global Symbols
</H3><HR></body></html>
