Component: ARM Compiler 5.06 update 4 (build 422) Tool: armlink [4d35d2]

==============================================================================

Section Cross References

    startup_bt32f0x.o(RESET) refers to startup_bt32f0x.o(STACK) for __initial_sp
    startup_bt32f0x.o(RESET) refers to startup_bt32f0x.o(.text) for Reset_Handler
    startup_bt32f0x.o(RESET) refers to bt32f0x_it.o(i.NMI_Handler) for NMI_Handler
    startup_bt32f0x.o(RESET) refers to bt32f0x_it.o(i.HardFault_Handler) for HardFault_Handler
    startup_bt32f0x.o(RESET) refers to bt32f0x_it.o(i.SVC_Handler) for SVC_Handler
    startup_bt32f0x.o(RESET) refers to bt32f0x_it.o(i.PendSV_Handler) for PendSV_Handler
    startup_bt32f0x.o(RESET) refers to bt32f0x_it.o(i.SysTick_Handler) for SysTick_Handler
    startup_bt32f0x.o(RESET) refers to bt32f0x_it.o(i.DMA1_Channel4_5_IRQHandler) for DMA1_Channel4_5_IRQHandler
    startup_bt32f0x.o(RESET) refers to bt32f0x_it.o(i.USART1_IRQHandler) for USART1_IRQHandler
    startup_bt32f0x.o(RESET) refers to bt32f0x_it.o(i.USART2_IRQHandler) for USART2_IRQHandler
    startup_bt32f0x.o(.text) refers to system_bt32f0x.o(i.SystemInit) for SystemInit
    startup_bt32f0x.o(.text) refers to entry.o(.ARM.Collect$$$$00000000) for __main
    system_bt32f0x.o(i.SetSysClock) refers to bt32f0x_rcc.o(i.RCC_DeInit) for RCC_DeInit
    system_bt32f0x.o(i.SetSysClock) refers to bt32f0x_rcc.o(i.RCC_HSICmd) for RCC_HSICmd
    system_bt32f0x.o(i.SetSysClock) refers to bt32f0x_rcc.o(i.RCC_GetFlagStatus) for RCC_GetFlagStatus
    system_bt32f0x.o(i.SetSysClock) refers to bt32f0x_rcc.o(i.RCC_PLLCmd) for RCC_PLLCmd
    system_bt32f0x.o(i.SetSysClock) refers to bt32f0x_flash.o(i.FLASH_Unlock) for FLASH_Unlock
    system_bt32f0x.o(i.SetSysClock) refers to bt32f0x_flash.o(i.FLASH_SetLatency) for FLASH_SetLatency
    system_bt32f0x.o(i.SetSysClock) refers to bt32f0x_flash.o(i.FLASH_Lock) for FLASH_Lock
    system_bt32f0x.o(i.SetSysClock) refers to bt32f0x_rcc.o(i.RCC_PLLConfig) for RCC_PLLConfig
    system_bt32f0x.o(i.SetSysClock) refers to bt32f0x_rcc.o(i.RCC_SYSCLKConfig) for RCC_SYSCLKConfig
    system_bt32f0x.o(i.SetSysClock) refers to bt32f0x_rcc.o(i.RCC_HCLKConfig) for RCC_HCLKConfig
    system_bt32f0x.o(i.SetSysClock) refers to bt32f0x_rcc.o(i.RCC_PCLKConfig) for RCC_PCLKConfig
    system_bt32f0x.o(i.SystemCoreClockUpdate) refers to uidiv.o(.text) for __aeabi_uidivmod
    system_bt32f0x.o(i.SystemCoreClockUpdate) refers to system_bt32f0x.o(.data) for .data
    system_bt32f0x.o(i.SystemInit) refers to system_bt32f0x.o(i.SetSysClock) for SetSysClock
    bt32f0x_it.o(i.DMA1_Channel4_5_IRQHandler) refers to board.o(i.DMA1Int_Handler) for DMA1Int_Handler
    bt32f0x_it.o(i.SysTick_Handler) refers to systick.o(i.SysTickHandler) for SysTickHandler
    bt32f0x_it.o(i.USART1_IRQHandler) refers to board.o(i.USART1_Handler) for USART1_Handler
    bt32f0x_adc.o(i.ADC_DeInit) refers to bt32f0x_rcc.o(i.RCC_APB2PeriphResetCmd) for RCC_APB2PeriphResetCmd
    bt32f0x_flash.o(i.FLASH_EraseAllPages) refers to bt32f0x_flash.o(i.FLASH_WaitForLastOperation) for FLASH_WaitForLastOperation
    bt32f0x_flash.o(i.FLASH_ErasePage) refers to bt32f0x_flash.o(i.FLASH_WaitForLastOperation) for FLASH_WaitForLastOperation
    bt32f0x_flash.o(i.FLASH_OB_BOOTConfig) refers to bt32f0x_flash.o(i.FLASH_WaitForLastOperation) for FLASH_WaitForLastOperation
    bt32f0x_flash.o(i.FLASH_OB_EnableWRP) refers to bt32f0x_flash.o(i.FLASH_WaitForLastOperation) for FLASH_WaitForLastOperation
    bt32f0x_flash.o(i.FLASH_OB_Erase) refers to bt32f0x_flash.o(i.FLASH_OB_GetRDP) for FLASH_OB_GetRDP
    bt32f0x_flash.o(i.FLASH_OB_Erase) refers to bt32f0x_flash.o(i.FLASH_WaitForLastOperation) for FLASH_WaitForLastOperation
    bt32f0x_flash.o(i.FLASH_OB_ProgramData) refers to bt32f0x_flash.o(i.FLASH_WaitForLastOperation) for FLASH_WaitForLastOperation
    bt32f0x_flash.o(i.FLASH_OB_RDPConfig) refers to bt32f0x_flash.o(i.FLASH_WaitForLastOperation) for FLASH_WaitForLastOperation
    bt32f0x_flash.o(i.FLASH_OB_SRAMParityConfig) refers to bt32f0x_flash.o(i.FLASH_WaitForLastOperation) for FLASH_WaitForLastOperation
    bt32f0x_flash.o(i.FLASH_OB_UserConfig) refers to bt32f0x_flash.o(i.FLASH_WaitForLastOperation) for FLASH_WaitForLastOperation
    bt32f0x_flash.o(i.FLASH_OB_VDDAConfig) refers to bt32f0x_flash.o(i.FLASH_WaitForLastOperation) for FLASH_WaitForLastOperation
    bt32f0x_flash.o(i.FLASH_OB_WriteUser) refers to bt32f0x_flash.o(i.FLASH_WaitForLastOperation) for FLASH_WaitForLastOperation
    bt32f0x_flash.o(i.FLASH_ProgramHalfWord) refers to bt32f0x_flash.o(i.FLASH_WaitForLastOperation) for FLASH_WaitForLastOperation
    bt32f0x_flash.o(i.FLASH_ProgramWord) refers to bt32f0x_flash.o(i.FLASH_WaitForLastOperation) for FLASH_WaitForLastOperation
    bt32f0x_flash.o(i.FLASH_WaitForLastOperation) refers to bt32f0x_flash.o(i.FLASH_GetStatus) for FLASH_GetStatus
[...]
    VoiceBroadcastWithBeepLock               0x0800f3a9   Thumb Code    28  voicebroadcast.o(i.VoiceBroadcastWithBeepLock)
    VoiceOutput_Interrupt                    0x0800f3c9   Thumb Code   100  voicebroadcast.o(i.VoiceOutput_Interrupt)
    VoxCheckTask                             0x0800f43d   Thumb Code   160  functions.o(i.VoxCheckTask)
    WaitPttRelease                           0x0800f4f5   Thumb Code   106  radiotask.o(i.WaitPttRelease)
    WeatherChannelDown                       0x0800f565   Thumb Code    44  appweather.o(i.WeatherChannelDown)
    WeatherChannelUp                         0x0800f599   Thumb Code    40  appweather.o(i.WeatherChannelUp)
    WeatherDisplayFreq                       0x0800f5c9   Thumb Code    52  displayweather.o(i.WeatherDisplayFreq)
    WeatherDisplayHome                       0x0800f619   Thumb Code     8  displayweather.o(i.WeatherDisplayHome)
    WeatherInit                              0x0800f621   Thumb Code    28  appweather.o(i.WeatherInit)
    WeatherScanNextChannel                   0x0800f649   Thumb Code    44  appweather.o(i.WeatherScanNextChannel)
    WeatherScanOff                           0x0800f679   Thumb Code    28  appweather.o(i.WeatherScanOff)
    WeatherScanStart                         0x0800f69d   Thumb Code    32  appweather.o(i.WeatherScanStart)
    WeatherScanTask                          0x0800f6c1   Thumb Code   174  appweather.o(i.WeatherScanTask)
    WriteWord                                0x0800f785   Thumb Code    18  st7735s.o(i.WriteWord)
    __0sprintf$8                             0x0800f799   Thumb Code    36  printf8.o(i.__0sprintf$8)
    __1sprintf$8                             0x0800f799   Thumb Code     0  printf8.o(i.__0sprintf$8)
    __2sprintf                               0x0800f799   Thumb Code     0  printf8.o(i.__0sprintf$8)
    __ARM_common_switch8                     0x0800f7c1   Thumb Code    26  appfm.o(i.__ARM_common_switch8)
    __aeabi_errno_addr                       0x0800f7dd   Thumb Code     4  errno.o(i.__aeabi_errno_addr)
    __rt_errno_addr                          0x0800f7dd   Thumb Code     0  errno.o(i.__aeabi_errno_addr)
    __scatterload_copy                       0x0800f7e5   Thumb Code    14  handlers.o(i.__scatterload_copy)
    __scatterload_null                       0x0800f7f3   Thumb Code     2  handlers.o(i.__scatterload_null)
    __scatterload_zeroinit                   0x0800f7f5   Thumb Code    14  handlers.o(i.__scatterload_zeroinit)
    checkInputCharMode                       0x0800fc85   Thumb Code    22  appmenu.o(i.checkInputCharMode)
    loadCtcssVal                             0x0800fca1   Thumb Code    56  appmenu.o(i.loadCtcssVal)
    main                                     0x0800fce5   Thumb Code   158  main.o(i.main)
    uartSendChar                             0x0800fdb1   Thumb Code    16  board.o(i.uartSendChar)
    sideKeyEvent                             0x0800fdc4   Data           7  appmain.o(.constdata)
    CtcssCalcMul                             0x0800fdcc   Data           6  appmenu.o(.constdata)
    CtcssCalcTbl                             0x0800fdd2   Data          20  appmenu.o(.constdata)
    TAB_WEATHER                              0x0800fde8   Data          40  appweather.o(.constdata)
    TH_BATT_TAB                              0x0800fe10   Data           7  battery.o(.constdata)
    SingalTone                               0x0800fe18   Data           4  appdtmf.o(.constdata)
    TblSeprator                              0x0800fe1c   Data           6  appdtmf.o(.constdata)
    DTMFCODE                                 0x0800fe22   Data          84  appdtmf.o(.constdata)
    linkHead                                 0x0800fe76   Data          17  progromflash.o(.constdata)
    stepList                                 0x0800fe88   Data          18  radio.o(.constdata)
    MOD_LIST                                 0x0800fe9a   Data          10  radio.o(.constdata)
    TxCheckFreq                              0x0800fea4   Data          72  radiotask.o(.constdata)
    RssiLevel                                0x0800feec   Data          20  radiotask.o(.constdata)
    tblScramble                              0x0800ff00   Data           4  devbk4819.o(.constdata)
    xtal26MAdjust                            0x0800ff0a   Data          17  devbk4819.o(.constdata)
    afState                                  0x0800ff1c   Data          12  devbk4819.o(.constdata)
    DCS_TAB                                  0x0800ff44   Data         210  devbk4819data.o(.constdata)
    CTCS_TAB                                 0x08010016   Data         102  devbk4819data.o(.constdata)
    keyscanTab1                              0x0801007c   Data          10  keyboard.o(.constdata)
    keyscanTab2                              0x08010086   Data          10  keyboard.o(.constdata)
    KEYBOARD_TABLE                           0x08010090   Data          20  keyboard.o(.constdata)
    DTMF_CODE_DEFAULT                        0x080100a4   Data           8  radiodatareset.o(.constdata)
    RADIO_INFORM_DEFAULT                     0x080100ac   Data          64  radiodatareset.o(.constdata)
    DTMF_INFORM_DEFAULT                      0x080100ec   Data          16  radiodatareset.o(.constdata)
    VFO_A_DEFAULT_DATA                       0x080100fc   Data          32  radiodatareset.o(.constdata)
    VFO_B_DEFAULT_DATA                       0x0801011c   Data          32  radiodatareset.o(.constdata)
    ChFreqTbl                                0x0801013c   Data         168  radiodatareset.o(.constdata)
    addrMap                                  0x080101e8   Data           8  radiodatastorage.o(.constdata)
    fixBand2                                 0x080101f0   Data           8  radiodatastorage.o(.constdata)
    fixBand1                                 0x080101f8   Data          16  radiodatastorage.o(.constdata)
    VOX_TH                                   0x08010208   Data          11  functions.o(.constdata)
    InputChar                                0x08010214   Data           9  displayinputbox.o(.constdata)
    SJCharTbl                                0x08010220   Data          48  displayinputbox.o(.constdata)
    NUMBER_SJCharTbl                         0x08010250   Data          48  displayinputbox.o(.constdata)
    t9PY_indexlen                            0x08010280   Data          10  displayinputbox.o(.constdata)
    t9PY_index_headno                        0x0801028c   Data          40  displayinputbox.o(.constdata)
    linePosX                                 0x080102b4   Data           8  displaymain.o(.constdata)
    PttIDDelay                               0x080102bc   Data           7  displaymenu.o(.constdata)
    MenuList                                 0x080102c3   Data        1848  displaymenu.o(.constdata)
    MenuFmList                               0x080109fb   Data          66  displaymenu.o(.constdata)
    BEEP_tone                                0x08010a4d   Data          27  beep.o(.constdata)
    BEEP_time                                0x08010a68   Data          27  beep.o(.constdata)
    iconBattEmpty                            0x08010b76   Data          48  bitmap.o(.constdata)
    iconBatt1                                0x08010ba6   Data          48  bitmap.o(.constdata)
    iconBatt2                                0x08010bd6   Data          48  bitmap.o(.constdata)
    iconBatt3                                0x08010c06   Data          48  bitmap.o(.constdata)
    iconBattFull                             0x08010c36   Data          48  bitmap.o(.constdata)
    iconSKTone                               0x08010c66   Data          16  bitmap.o(.constdata)
    iconPowerL                               0x08010c76   Data           5  bitmap.o(.constdata)
    iconPowerM                               0x08010c7b   Data           5  bitmap.o(.constdata)
    iconPowerH                               0x08010c80   Data           5  bitmap.o(.constdata)
    iconDcs                                  0x08010c85   Data          17  bitmap.o(.constdata)
    iconCtcss                                0x08010c96   Data          17  bitmap.o(.constdata)
    iconAM                                   0x08010ca7   Data          13  bitmap.o(.constdata)
    iconDual                                 0x08010cb4   Data          32  bitmap.o(.constdata)
    iconMoni                                 0x08010cd4   Data          32  bitmap.o(.constdata)
    iconVox                                  0x08010cf4   Data          46  bitmap.o(.constdata)
    iconAdd                                  0x08010d22   Data           7  bitmap.o(.constdata)
    iconSub                                  0x08010d29   Data           7  bitmap.o(.constdata)
    iconReverse                              0x08010d30   Data           5  bitmap.o(.constdata)
    iconUnNet                                0x08010d35   Data           5  bitmap.o(.constdata)
    iconNarrow                               0x08010d3a   Data           7  bitmap.o(.constdata)
    iconLock                                 0x08010d41   Data          18  bitmap.o(.constdata)
    iconFhss                                 0x08010d53   Data          11  bitmap.o(.constdata)
    iconScr                                  0x08010d5e   Data          17  bitmap.o(.constdata)
    iconArrowA                               0x08010d6f   Data           7  bitmap.o(.constdata)
    iconArrowB                               0x08010d76   Data           7  bitmap.o(.constdata)
    iconProgrom                              0x08010d7d   Data         128  bitmap.o(.constdata)
    __ctype_table                            0x08010dfd   Data         129  ctype_o.o(.constdata)
    Region$$Table$$Base                      0x08011264   Number         0  anon$$obj.o(Region$$Table)
    Region$$Table$$Limit                     0x08011284   Number         0  anon$$obj.o(Region$$Table)
    SystemCoreClock                          0x200000c0   Data           4  system_bt32f0x.o(.data)
    AHBPrescTable                            0x200000c4   Data          16  system_bt32f0x.o(.data)
    g_scanInfo                               0x200000ea   Data           4  appscan.o(.data)
    searchSaveFlag                           0x200000ef   Data           1  appsearch.o(.data)
    powerSave                                0x200000f6   Data           4  battery.o(.data)
    battIcon                                 0x200000fc   Data          20  battery.o(.data)
    dualStandby                              0x20000110   Data           6  dualstandby.o(.data)
    TXPWR_H_U_400                            0x20000122   Data          16  devbk4819data.o(.data)
    TXPWR_H_V_136                            0x20000132   Data          16  devbk4819data.o(.data)
    TXPWR_H_V_200                            0x20000142   Data          16  devbk4819data.o(.data)
    TXPWR_H_U_350                            0x20000152   Data          16  devbk4819data.o(.data)
    TXPWR_M_U_400                            0x20000162   Data          16  devbk4819data.o(.data)
    TXPWR_M_V_136                            0x20000172   Data          16  devbk4819data.o(.data)
    TXPWR_M_V_200                            0x20000182   Data          16  devbk4819data.o(.data)
    TXPWR_M_U_350                            0x20000192   Data          16  devbk4819data.o(.data)
    TXPWR_L_U_400                            0x200001a2   Data          16  devbk4819data.o(.data)
    TXPWR_L_V_136                            0x200001b2   Data          16  devbk4819data.o(.data)
    TXPWR_L_V_200                            0x200001c2   Data          16  devbk4819data.o(.data)
    TXPWR_L_U_350                            0x200001d2   Data          16  devbk4819data.o(.data)
    TH_SQL_TAB                               0x200001e2   Data          16  devbk4819data.o(.data)
    TH_SQL_TAB_MUTE                          0x200001f2   Data          16  devbk4819data.o(.data)
    OFFSET_SQL_U_400                         0x20000202   Data          16  devbk4819data.o(.data)
    OFFSET_SQL_V_136                         0x20000212   Data          16  devbk4819data.o(.data)
    OFFSET_MODULATION                        0x20000222   Data          16  devbk4819data.o(.data)
    TXPWR_U_400                              0x20000234   Data          12  devbk4819data.o(.data)
    TXPWR_V_136                              0x20000240   Data          12  devbk4819data.o(.data)
    TXPWR_V_200                              0x2000024c   Data          12  devbk4819data.o(.data)
    TXPWR_U_350                              0x20000258   Data          12  devbk4819data.o(.data)
    g_keyScan                                0x2000026a   Data           3  keyboard.o(.data)
    g_rfMoudel                               0x2000026d   Data           5  radiodatastorage.o(.data)
    RDA5807_BUFF                             0x20000272   Data           8  rda5807.o(.data)
    SJCharIndex                              0x2000027a   Data           2  displayinputbox.o(.data)
    SJPriorChar                              0x2000027c   Data           2  displayinputbox.o(.data)
    SJTimeout                                0x2000027e   Data           2  displayinputbox.o(.data)
    pyBuf                                    0x20000280   Data           8  displayinputbox.o(.data)
    BandCnStr                                0x20000288   Data           8  displaymenu.o(.data)
    BandEnStr                                0x20000290   Data           8  displaymenu.o(.data)
    TxPowerCnStr                             0x20000298   Data           8  displaymenu.o(.data)
    TxPowerEnStr                             0x200002a0   Data           8  displaymenu.o(.data)
    LanStr                                   0x200002a8   Data           8  displaymenu.o(.data)
    DevResetCnStr                            0x200002b0   Data           8  displaymenu.o(.data)
    DevResetEnStr                            0x200002b8   Data           8  displaymenu.o(.data)
    FMBandItemStr                            0x200002c0   Data           8  displaymenu.o(.data)
    VoxCnStr                                 0x200002c8   Data          40  displaymenu.o(.data)
    BatSaveCnStr                             0x200002f0   Data          16  displaymenu.o(.data)
    BatSaveEnStr                             0x20000300   Data          16  displaymenu.o(.data)
    AlmodCnStr                               0x20000310   Data          12  displaymenu.o(.data)
    AlmodEnStr                               0x2000031c   Data          12  displaymenu.o(.data)
    ScanmodCnStr                             0x20000328   Data          12  displaymenu.o(.data)
    ScanmodEnStr                             0x20000334   Data          12  displaymenu.o(.data)
    PttIdSelCnStr                            0x20000340   Data          16  displaymenu.o(.data)
    PttIdSelEnStr                            0x20000350   Data          16  displaymenu.o(.data)
    VfoStepStr                               0x20000360   Data          32  displaymenu.o(.data)
    VfoDirCnStr                              0x20000380   Data          12  displaymenu.o(.data)
    VfoDirEnStr                              0x2000038c   Data          12  displaymenu.o(.data)
    ChDisCnStr                               0x20000398   Data          16  displaymenu.o(.data)
    ChDisEnStr                               0x200003a8   Data          16  displaymenu.o(.data)
    DtmfSetSelCnStr                          0x200003b8   Data          16  displaymenu.o(.data)
    DtmfSetSelEnStr                          0x200003c8   Data          16  displaymenu.o(.data)
    ToneEnStr                                0x200003d8   Data          16  displaymenu.o(.data)
    PwrOnCnStr                               0x200003e8   Data          12  displaymenu.o(.data)
    PwrOnEnStr                               0x200003f4   Data          12  displaymenu.o(.data)
    SideKeyCnStr                             0x20000400   Data          28  displaymenu.o(.data)
    SideKeyEnStr                             0x2000041c   Data          28  displaymenu.o(.data)
    TxEndToneCnStr                           0x20000438   Data          12  displaymenu.o(.data)
    TxEndToneEnStr                           0x20000444   Data          12  displaymenu.o(.data)
    DualSelCnStr                             0x20000450   Data          12  displaymenu.o(.data)
    DualSelEnStr                             0x2000045c   Data          12  displaymenu.o(.data)
    beepDat                                  0x20000468   Data           4  beep.o(.data)
    FastChangeVoice                          0x2000046c   Data           1  voicebroadcast.o(.data)
    g_CurrentVfo                             0x20000474   Data           4  globe.o(.data)
    g_msCont                                 0x20000478   Data           1  globe.o(.data)
    g_msFlag                                 0x20000479   Data           1  globe.o(.data)
    g_10msCont                               0x2000047a   Data           1  globe.o(.data)
    g_100msCont                              0x2000047b   Data           1  globe.o(.data)
    g_10msFlag                               0x2000047c   Data           1  globe.o(.data)
    g_50msFlag                               0x2000047d   Data           1  globe.o(.data)
    g_100msFlag                              0x2000047e   Data           1  globe.o(.data)
    g_500msFlag                              0x2000047f   Data           1  globe.o(.data)
    g_rfState                                0x20000480   Data           1  globe.o(.data)
    g_rfRxState                              0x20000481   Data           1  globe.o(.data)
    g_rfTxState                              0x20000482   Data           1  globe.o(.data)
    inputTypeBack                            0x20000483   Data           1  globe.o(.data)
    alarmDat                                 0x20000488   Data          10  appalarm.o(.bss)
    fmInfo                                   0x20000492   Data          12  appfm.o(.bss)
    g_menuInfo                               0x200004a0   Data          28  appmenu.o(.bss)
    g_ScanQTInfo                             0x200004bc   Data          16  appscanqt.o(.bss)
    searchFreqImofs                          0x200004cc   Data          32  appsearch.o(.bss)
    Weatherfreq                              0x200004ec   Data          12  appweather.o(.bss)
    battery                                  0x200004f8   Data          11  battery.o(.bss)
    g_dtmfStore                              0x20000504   Data          11  appdtmf.o(.bss)
    dtmfInfo                                 0x20000510   Data         434  appdtmf.o(.bss)
    progrom                                  0x20000704   Data        1050  progromflash.o(.bss)
    flashProgrom                             0x20000b20   Data          80  progromflash.o(.bss)
    OFFSET_SQL_V_200                         0x20000b70   Data          16  devbk4819data.o(.bss)
    OFFSET_SQL_U_350                         0x20000b80   Data          16  devbk4819data.o(.bss)
    OFFSET_SQL_18_100                        0x20000b90   Data          32  devbk4819data.o(.bss)
    powerOnMsg                               0x20000bb0   Data          17  radiodatastorage.o(.bss)
    VfoBuf                                   0x20000bc1   Data          66  radiodatastorage.o(.bss)
    bandRang                                 0x20000c04   Data          48  radiodatastorage.o(.bss)
    t9Pinyin                                 0x20000c34   Data          30  displayinputbox.o(.bss)
    lcdDispBuf                               0x20000c52   Data          36  displayinputbox.o(.bss)
    disBuf                                   0x20000c76   Data          17  displaymenu.o(.bss)
    voice                                    0x20000c88   Data           9  voicebroadcast.o(.bss)
    g_voiceInform                            0x20000c94   Data        4120  voicebroadcast.o(.bss)
    g_radioInform                            0x20001cac   Data          56  globe.o(.bss)
    g_FMInform                               0x20001ce4   Data          64  globe.o(.bss)
    g_sysRunPara                             0x20001d24   Data          60  globe.o(.bss)
    g_inputbuf                               0x20001d60   Data          26  globe.o(.bss)
    g_ChannelVfoInfo                         0x20001d7c   Data         504  globe.o(.bss)
    __initial_sp                             0x20004f78   Data           0  startup_bt32f0x.o(STACK)



==============================================================================

Memory Map of the image

  Image Entry point : 0x080030c1

  Load Region LR_IROM1 (Base: 0x08003000, Size: 0x0000e64c, Max: 0x00040000, ABSOLUTE, COMPRESSED[0x0000e45c])

    Execution Region ER_IROM1 (Base: 0x08003000, Size: 0x0000e284, Max: 0x00040000, ABSOLUTE)

    Base Addr    Size         Type   Attr      Idx    E Section Name        Object

    0x08003000   0x000000c0   Data   RO            3    RESET               startup_bt32f0x.o
    0x080030c0   0x00000000   Code   RO         6550  * .ARM.Collect$$$$00000000  mc_p.l(entry.o)
    0x080030c0   0x00000004   Code   RO         6866    .ARM.Collect$$$$00000001  mc_p.l(entry2.o)
    0x080030c4   0x00000004   Code   RO         6869    .ARM.Collect$$$$00000004  mc_p.l(entry5.o)
    0x080030c8   0x00000000   Code   RO         6871    .ARM.Collect$$$$00000008  mc_p.l(entry7b.o)
    0x080030c8   0x00000000   Code   RO         6873    .ARM.Collect$$$$0000000A  mc_p.l(entry8b.o)
    0x080030c8   0x00000008   Code   RO         6874    .ARM.Collect$$$$0000000B  mc_p.l(entry9a.o)
    0x080030d0   0x00000000   Code   RO         6876    .ARM.Collect$$$$0000000D  mc_p.l(entry10a.o)
    0x080030d0   0x00000000   Code   RO         6878    .ARM.Collect$$$$0000000F  mc_p.l(entry11a.o)
    0x080030d0   0x00000004   Code   RO         6867    .ARM.Collect$$$$00002712  mc_p.l(entry2.o)
    0x080030d4   0x0000001c   Code   RO            4    .text               startup_bt32f0x.o
    0x080030f0   0x0000002c   Code   RO         6553    .text               mc_p.l(uidiv.o)
    0x0800311c   0x00000008   Code   RO         6555    .text               mc_p.l(ctype_o.o)
    0x08003124   0x00000024   Code   RO         6583    .text               mc_p.l(memcpya.o)
    0x08003148   0x00000024   Code   RO         6585    .text               mc_p.l(memseta.o)
    0x0800316c   0x0000001a   Code   RO         6587    .text               mc_p.l(strncpy.o)
    0x08003186   0x0000000e   Code   RO         6589    .text               mc_p.l(strlen.o)
    0x08003194   0x0000001a   Code   RO         6591    .text               mc_p.l(memcmp.o)
    0x080031ae   0x00000012   Code   RO         6593    .text               mc_p.l(strcpy.o)
    0x080031c0   0x00000014   Code   RO         6858    .text               mc_p.l(uread4.o)
    0x080031d4   0x00000012   Code   RO         6860    .text               mc_p.l(uwrite4.o)
    0x080031e6   0x0000001a   Code   RO         6862    .text               mc_p.l(atoi.o)
    0x08003200   0x0000001a   Code   RO         6864    .text               mc_p.l(atol.o)
    0x0800321a   0x00000060   Code   RO         6883    .text               mc_p.l(uldiv.o)
    0x0800327a   0x00000002   PAD
    0x0800327c   0x00000070   Code   RO         6892    .text               mc_p.l(strtol.o)
    0x080032ec   0x00000024   Code   RO         6905    .text               mc_p.l(init.o)
    0x08003310   0x00000020   Code   RO         6908    .text               mc_p.l(llshl.o)
    0x08003330   0x00000022   Code   RO         6910    .text               mc_p.l(llushr.o)
    0x08003352   0x0000001e   Code   RO         6921    .text               mc_p.l(_chval.o)
    0x08003370   0x00000056   Code   RO         6931    .text               mc_p.l(__dczerorl2.o)
    0x080033c6   0x0000000a   Code   RO          390    i.ADC_ChannelConfig  bt32f0x_adc.o
    0x080033d0   0x00000004   Code   RO          391    i.ADC_ClearFlag     bt32f0x_adc.o
    0x080033d4   0x00000006   Code   RO          400    i.ADC_GetConversionValue  bt32f0x_adc.o
    0x080033da   0x00000004   Code   RO         5671    i.Asc7B_To_Bcd4B    displayinputbox.o
    0x080033de   0x00000002   Code   RO         3820    i.ClearDisANIFlag   appdtmf.o
    0x080033e0   0x0000000c   Data   RO         3970    .ARM.__AT_0x080033E0  progromflash.o
    0x080033ec   0x000000a6   Code   RO         6914    .text               mc_p.l(_strtoul.o)
    0x08003492   0x00000018   Code   RO          393    i.ADC_Cmd           bt32f0x_adc.o
    0x080034aa   0x00000002   PAD
    0x080034ac   0x00000020   Code   RO          397    i.ADC_DeInit        bt32f0x_adc.o
    0x080034cc   0x0000002e   Code   RO          399    i.ADC_GetCalibrationFactor  bt32f0x_adc.o
    0x080034fa   0x0000001c   Code   RO          401    i.ADC_GetFlagStatus  bt32f0x_adc.o
    0x08003516   0x00000002   PAD
    0x08003518   0x0000002c   Code   RO          404    i.ADC_Init          bt32f0x_adc.o
    0x08003544   0x0000000a   Code   RO          407    i.ADC_StartOfConversion  bt32f0x_adc.o
    0x0800354e   0x00000010   Code   RO          409    i.ADC_StructInit    bt32f0x_adc.o
    0x0800355e   0x00000002   PAD
    0x08003560   0x000000f0   Code   RO         2861    i.AlarmFuncSwitch   appalarm.o
    0x08003650   0x00000048   Code   RO         2862    i.AlarmOut          appalarm.o
    0x08003698   0x000000e8   Code   RO         2863    i.AlarmTask         appalarm.o
    0x08003780   0x0000002c   Code   RO         3537    i.App_100msTask     apptask.o
    0x080037ac   0x00000020   Code   RO         3538    i.App_10msTask      apptask.o
    0x080037cc   0x0000000c   Code   RO         6325    i.Audio_CheckBusy   voicebroadcast.o
    0x080037d8   0x00000008   Code   RO          125    i.DMA1_Channel4_5_IRQHandler  bt32f0x_it.o
    0x080037e0   0x0000000c   Data   RO         3971    .ARM.__AT_0x080037E0  progromflash.o
    0x080037ec   0x000000bc   Code   RO         3536    i.AppRunTask        apptask.o
    0x080038a8   0x0000001c   Code   RO         3539    i.App_500msTask     apptask.o
    0x080038c4   0x00000020   Code   RO         3540    i.App_50msTask      apptask.o
    0x080038e4   0x00000114   Code   RO         6324    i.AudioHard_Init    voicebroadcast.o
    0x080039f8   0x000000d8   Code   RO         6326    i.Audio_Decoder     voicebroadcast.o
    0x08003ad0   0x00000178   Code   RO         6327    i.Audio_PlayChanNum  voicebroadcast.o
    0x08003c48   0x00000090   Code   RO         6328    i.Audio_PlayContinue  voicebroadcast.o
    0x08003cd8   0x0000004c   Code   RO         6329    i.Audio_PlayNumInQueue  voicebroadcast.o
    0x08003d24   0x0000010c   Code   RO         6330    i.Audio_PlayStart   voicebroadcast.o
    0x08003e30   0x00000044   Code   RO         6331    i.Audio_PlayStop    voicebroadcast.o
    0x08003e74   0x00000074   Code   RO         6332    i.Audio_PlayTask    voicebroadcast.o
    0x08003ee8   0x0000004c   Code   RO         6333    i.Audio_PlayVoice   voicebroadcast.o
    0x08003f34   0x0000001c   Code   RO         6334    i.Audio_PlayVoiceLock  voicebroadcast.o
    0x08003f50   0x00000054   Code   RO         5672    i.BackSpace         displayinputbox.o
    0x08003fa4   0x00000060   Code   RO         5673    i.BackSpaceChar     displayinputbox.o
    0x08004004   0x00000084   Code   RO         3668    i.BatteryCheckTask  battery.o
    0x08004088   0x0000006c   Code   RO         3669    i.BatteryGetLevel   battery.o
    0x080040f4   0x00000024   Code   RO         3670    i.BatteryInitLevel  battery.o
    0x08004118   0x00000048   Code   RO         3671    i.BatteryLowFlash   battery.o
    0x08004160   0x000000fc   Code   RO         6297    i.BeepOut           beep.o
    0x0800425c   0x0000000a   Code   RO         3794    i.BeepPowerOn       main.o
    0x08004266   0x0000002a   Code   RO         2691    i.Board_Init        board.o
    0x08004290   0x0000003c   Code   RO         4359    i.CRC_ValidationCalc  crc.o
    0x080042cc   0x00000064   Code   RO         4373    i.CTCSS_WithRfic    devbk4819.o
    0x08004330   0x00000034   Code   RO         4374    i.CTS_DCS_RECE_Initial  devbk4819.o
    0x08004364   0x00000038   Code   RO         4375    i.CTS_DCS_SEND_Initial  devbk4819.o
    0x0800439c   0x00000084   Code   RO         4247    i.CalculateSqlLevel  radiotask.o
    0x08004420   0x00000038   Code   RO         4065    i.CalculateVfoTxFreq  radio.o
    0x08004458   0x00000060   Code   RO         5454    i.ChDisModeFastSwitch  functions.o
    0x080044b8   0x0000001c   Code   RO         5674    i.ChangeCapsLow     displayinputbox.o
    0x080044d4   0x00000054   Code   RO         5675    i.ChangeInputType   displayinputbox.o
    0x08004528   0x0000004c   Code   RO         5676    i.ChangePos         displayinputbox.o
    0x08004574   0x00000020   Code   RO         6335    i.ChangeSigned2unsigned  voicebroadcast.o
    0x08004594   0x00000088   Code   RO         3125    i.ChanlFreqTypeIn   appmenu.o
    0x0800461c   0x00000108   Code   RO         4066    i.ChannelCheckActiveAll  radio.o
    0x08004724   0x0000003c   Code   RO         4067    i.ChannelDown       radio.o
    0x08004760   0x00000050   Code   RO         4068    i.ChannelNumChangeRead  radio.o
    0x080047b0   0x00000080   Code   RO         4069    i.ChannelNumTypeIn  radio.o
    0x08004830   0x0000003c   Code   RO         4070    i.ChannelUp         radio.o
    0x0800486c   0x00000200   Code   RO         4071    i.ChannleVfoDataInit  radio.o
    0x08004a6c   0x00000028   Code   RO         5677    i.CharInput         displayinputbox.o
    0x08004a94   0x00000028   Code   RO         2864    i.CheckAlarmDelay   appalarm.o
    0x08004abc   0x00000064   Code   RO         5455    i.CheckAutoKeyLockTask  functions.o
    0x08004b20   0x00000014   Code   RO         3672    i.CheckBatteryCanTx  battery.o
    0x08004b34   0x00000060   Code   RO         4248    i.CheckCanTxOverRange  radiotask.o
    0x08004b94   0x00000028   Code   RO         4072    i.CheckChannelActive  radio.o
    0x08004bbc   0x00000028   Code   RO         6006    i.CheckCtcssInList  displaymenu.o
    0x08004be4   0x00000030   Code   RO         3126    i.CheckExitMenu     appmenu.o
    0x08004c14   0x00000018   Code   RO         2911    i.CheckFmChActive   appfm.o
    0x08004c2c   0x00000078   Code   RO         4073    i.CheckFreqInRange  radio.o
    0x08004ca4   0x000000d8   Code   RO         4249    i.CheckFreqInTxFreqRange  radiotask.o
    0x08004d7c   0x0000003c   Code   RO         3473    i.CheckIsStandardCTCSS  appsearch.o
    0x08004db8   0x00000054   Code   RO         3474    i.CheckIsStandardDCS  appsearch.o
    0x08004e0c   0x00000044   Code   RO         3956    i.CheckLinkHead     progromflash.o
    0x08004e50   0x0000000c   Code   RO         3673    i.CheckPowerBusy    battery.o
    0x08004e5c   0x000000ac   Code   RO         2786    i.CheckPowerOff     boardfun.o
    0x08004f08   0x0000007c   Code   RO         3957    i.CheckProgromMode  progromflash.o
    0x08004f84   0x0000001c   Code   RO         3958    i.CheckProgromTimeout  progromflash.o
    0x08004fa0   0x00000064   Code   RO         3959    i.CheckRxDataOk     progromflash.o
    0x08005004   0x0000001c   Code   RO         5678    i.CheckSjTimeout    displayinputbox.o
    0x08005020   0x0000001c   Code   RO         5679    i.ChkFirstInput     displayinputbox.o
    0x0800503c   0x00000024   Code   RO         5680    i.ClearInputBuffer  displayinputbox.o
    0x08005060   0x0000002c   Code   RO         5681    i.ClearPyIndex      displayinputbox.o
    0x0800508c   0x00000090   Code   RO         3127    i.CtcssTypeIn       appmenu.o
    0x0800511c   0x0000001c   Code   RO         2692    i.DMA1Int_Handler   board.o
    0x08005138   0x0000000c   Code   RO          677    i.DMA_ClearFlag     bt32f0x_dma.o
    0x08005144   0x0000001c   Code   RO          679    i.DMA_Cmd           bt32f0x_dma.o
    0x08005160   0x0000007c   Code   RO          680    i.DMA_DeInit        bt32f0x_dma.o
    0x080051dc   0x00000014   Code   RO          683    i.DMA_GetITStatus   bt32f0x_dma.o
    0x080051f0   0x00000014   Code   RO          684    i.DMA_ITConfig      bt32f0x_dma.o
    0x08005204   0x0000003c   Code   RO          685    i.DMA_Init          bt32f0x_dma.o
    0x08005240   0x00000074   Code   RO         4376    i.DTCSS_WithRfic    devbk4819.o
    0x080052b4   0x0000003c   Code   RO         3128    i.DcsSwitchPolarity  appmenu.o
    0x080052f0   0x0000001c   Code   RO         6488    i.DelayMs           delay.o
    0x0800530c   0x00000012   Code   RO         6489    i.DelayUs           delay.o
    0x0800531e   0x00000002   PAD
    0x08005320   0x00000040   Code   RO         3674    i.DisplayBattaryFlag  battery.o
    0x08005360   0x00000002   Code   RO         5575    i.DisplayBatteryVol  displaybattery.o
    0x08005362   0x00000002   PAD
    0x08005364   0x000001a4   Code   RO         5839    i.DisplayChannelMsg  displaymain.o
    0x08005508   0x000000c0   Code   RO         5840    i.DisplayChannelNum  displaymain.o
    0x080055c8   0x00000068   Code   RO         5841    i.DisplayCurFreq    displaymain.o
    0x08005630   0x00000002   Code   RO         5595    i.DisplayDtmfEditHome  displaydtmf.o
    0x08005632   0x00000002   PAD
    0x08005634   0x00000044   Code   RO         5842    i.DisplayDualRxFlag  displaymain.o
    0x08005678   0x00000020   Code   RO         5843    i.DisplayHomePage   displaymain.o
    0x08005698   0x000000a0   Code   RO         6007    i.DisplayInputChFreq  displaymenu.o
    0x08005738   0x00000068   Code   RO         5844    i.DisplayInputChNum  displaymain.o
    0x080057a0   0x00000020   Code   RO         5596    i.DisplayInputDtmf  displaydtmf.o
    0x080057c0   0x000000a8   Code   RO         6008    i.DisplayInputOffect  displaymenu.o
    0x08005868   0x00000050   Code   RO         6009    i.DisplayInputType  displaymenu.o
    0x080058b8   0x00000080   Code   RO         5845    i.DisplayInputVfoFreq  displaymain.o
    0x08005938   0x0000009c   Code   RO         6010    i.DisplayInputVfoScan  displaymenu.o
    0x080059d4   0x00000044   Code   RO         5846    i.DisplayLockFlag   displaymain.o
    0x08005a18   0x00000044   Code   RO         5847    i.DisplayMoniFlag   displaymain.o
    0x08005a5c   0x00000054   Code   RO         5848    i.DisplayProgrom    displaymain.o
    0x08005ab0   0x000000e8   Code   RO         5849    i.DisplayRadioHome  displaymain.o
    0x08005b98   0x00000002   Code   RO         5850    i.DisplayResetRxFlag  displaymain.o
    0x08005b9a   0x00000002   PAD
    0x08005b9c   0x00000078   Code   RO         5851    i.DisplayRssiValue  displaymain.o
    0x08005c14   0x00000002   Code   RO         5852    i.DisplayRxMode     displaymain.o
    0x08005c16   0x00000002   PAD
    0x08005c18   0x00000044   Code   RO         5853    i.DisplaySKeyTone   displaymain.o
    0x08005c5c   0x00000058   Code   RO         6011    i.DisplaySelectHz   displaymenu.o
    0x08005cb4   0x000001ac   Code   RO         5682    i.DisplaySelectPy   displayinputbox.o
    0x08005e60   0x00000054   Code   RO         5855    i.DisplayStateBar   displaymain.o
    0x08005eb4   0x00000088   Code   RO         5856    i.DisplayTxMode     displaymain.o
    0x08005f3c   0x000000a8   Code   RO         5857    i.DisplayTxPowerLv  displaymain.o
    0x08005fe4   0x00000260   Code   RO         5858    i.DisplayUpdateChFlag  displaymain.o
    0x08006244   0x00000044   Code   RO         5859    i.DisplayVoxFlag    displaymain.o
    0x08006288   0x00000028   Code   RO         6336    i.DmaUpdateMemery   voicebroadcast.o
    0x080062b0   0x00000038   Code   RO         5683    i.DrowInputWindow   displayinputbox.o
    0x080062e8   0x00000002   Code   RO         3822    i.DtmfClrMatchTimer  appdtmf.o
    0x080062ea   0x00000004   Code   RO         3823    i.DtmfGetMatchStatue  appdtmf.o
    0x080062ee   0x00000002   PAD
    0x080062f0   0x00000070   Code   RO         3824    i.DtmfInfoInit      appdtmf.o
    0x08006360   0x00000002   Code   RO         3826    i.DtmfReceiveTask   appdtmf.o
    0x08006362   0x00000002   Code   RO         3827    i.DtmfRstMatchTimer  appdtmf.o
    0x08006364   0x00000194   Code   RO         3828    i.DtmfSendCodeOn    appdtmf.o
    0x080064f8   0x00000068   Code   RO         3829    i.DtmfSendKeypadCode  appdtmf.o
    0x08006560   0x000000ec   Code   RO         3830    i.DtmfSendTask      appdtmf.o
    0x0800664c   0x00000058   Code   RO         3831    i.DtmfSendTxOver    appdtmf.o
    0x080066a4   0x0000002c   Code   RO         3744    i.DualChannelSwitch2Main  dualstandby.o
    0x080066d0   0x00000028   Code   RO         5456    i.DualModeFastSwitch  functions.o
    0x080066f8   0x00000070   Code   RO         3745    i.DualStandbyTask   dualstandby.o
    0x08006768   0x00000040   Code   RO         3746    i.DualStandbyWorkOFF  dualstandby.o
    0x080067a8   0x00000028   Code   RO         3747    i.DualStandbyWorkON  dualstandby.o
    0x080067d0   0x0000003c   Code   RO         3832    i.EnterDtmfEditMode  appdtmf.o
    0x0800680c   0x00000040   Code   RO         3129    i.EnterFMMenu       appmenu.o
    0x0800684c   0x000000c0   Code   RO         3960    i.EnterFlashProgromMode  progromflash.o
    0x0800690c   0x000000ac   Code   RO         2913    i.EnterFmMode       appfm.o
    0x080069b8   0x00000048   Code   RO         3337    i.EnterMoniMode     appmoni.o
    0x08006a00   0x00000104   Code   RO         3961    i.EnterProgromMode  progromflash.o
    0x08006b04   0x00000030   Code   RO         3425    i.EnterRemoteScanQTMode  appscanqt.o
    0x08006b34   0x00000140   Code   RO         3130    i.EnterResetMode    appmenu.o
    0x08006c74   0x0000005c   Code   RO         3475    i.EnterSearchFreqMode  appsearch.o
    0x08006cd0   0x00000098   Code   RO         5684    i.EnterSelectMode   displayinputbox.o
    0x08006d68   0x00000044   Code   RO         3580    i.EnterWeatherMode  appweather.o
    0x08006dac   0x00000038   Code   RO         5457    i.ExitAllFunction   functions.o
    0x08006de4   0x00000020   Code   RO         3833    i.ExitDtmfEditMode  appdtmf.o
    0x08006e04   0x00000040   Code   RO         2914    i.ExitFmMode        appfm.o
    0x08006e44   0x00000034   Code   RO         3338    i.ExitMoniMode      appmoni.o
    0x08006e78   0x0000001c   Code   RO         3426    i.ExitRemoteScanQTMode  appscanqt.o
    0x08006e94   0x0000003c   Code   RO         3476    i.ExitSearchFreqMode  appsearch.o
    0x08006ed0   0x00000034   Code   RO         3581    i.ExitWeatherMode   appweather.o
    0x08006f04   0x00000010   Code   RO          773    i.FLASH_Lock        bt32f0x_flash.o
    0x08006f14   0x00000014   Code   RO          792    i.FLASH_SetLatency  bt32f0x_flash.o
    0x08006f28   0x00000020   Code   RO          793    i.FLASH_Unlock      bt32f0x_flash.o
    0x08006f48   0x00000010   Code   RO         2915    i.FMSwitchExit      appfm.o
    0x08006f58   0x0000003c   Code   RO         3131    i.FastEnterChMemMenu  appmenu.o
    0x08006f94   0x00000088   Code   RO         5860    i.FillChannelName2Buf  displaymain.o
    0x0800701c   0x0000000e   Code   RO         4940    i.FlashCsDelay      norflash.o
    0x0800702a   0x00000014   Code   RO         5096    i.Flash_DeleteChannelData  radiodatastorage.o
    0x0800703e   0x00000040   Code   RO         5097    i.Flash_GetLogicAddrShift  radiodatastorage.o
    0x0800707e   0x00000002   PAD
    0x08007080   0x00000060   Code   RO         5098    i.Flash_ModifyChannelData  radiodatastorage.o
    0x080070e0   0x0000027c   Code   RO         5099    i.Flash_ReadDebugImfosData  radiodatastorage.o
    0x0800735c   0x00000002   Code   RO         5100    i.Flash_ReadFmData  radiodatastorage.o
    0x0800735e   0x00000002   PAD
    0x08007360   0x00000070   Code   RO         5101    i.Flash_ReadRadioImfosData  radiodatastorage.o
    0x080073d0   0x00000002   Code   RO         5102    i.Flash_ReadRfMoudelType  radiodatastorage.o
    0x080073d2   0x00000002   PAD
    0x080073d4   0x00000058   Code   RO         5103    i.Flash_ReadSystemRunData  radiodatastorage.o
    0x0800742c   0x0000007c   Code   RO         5104    i.Flash_ReadVfoData  radiodatastorage.o
    0x080074a8   0x00000050   Code   RO         5105    i.Flash_SaveChannelData  radiodatastorage.o
    0x080074f8   0x00000002   Code   RO         5107    i.Flash_SaveFmData  radiodatastorage.o
    0x080074fa   0x00000002   PAD
    0x080074fc   0x000000c4   Code   RO         5108    i.Flash_SaveRadioImfosData  radiodatastorage.o
    0x080075c0   0x00000002   Code   RO         5109    i.Flash_SaveRfMoudelType  radiodatastorage.o
    0x080075c2   0x00000002   PAD
    0x080075c4   0x0000007c   Code   RO         5110    i.Flash_SaveSystemRunData  radiodatastorage.o
    0x08007640   0x000000e0   Code   RO         5111    i.Flash_SaveVfoData  radiodatastorage.o
    0x08007720   0x0000001c   Code   RO         2916    i.FmAutoSeek        appfm.o
    0x0800773c   0x00000034   Code   RO         2917    i.FmBandConfig      appfm.o
    0x08007770   0x000000c8   Code   RO         2919    i.FmChNumTypeIn     appfm.o
    0x08007838   0x00000070   Code   RO         2920    i.FmCheckChannelActive  appfm.o
    0x080078a8   0x00000068   Code   RO         2921    i.FmCheckTimeOut    appfm.o
    0x08007910   0x00000038   Code   RO         5621    i.FmDisplayChNum    displayfm.o
    0x08007948   0x00000034   Code   RO         5622    i.FmDisplayFreq     displayfm.o
    0x0800797c   0x00000008   Code   RO         5623    i.FmDisplayHome     displayfm.o
    0x08007984   0x00000030   Code   RO         5624    i.FmDisplayInputChNum  displayfm.o
    0x080079b4   0x00000064   Code   RO         5625    i.FmDisplayInputFreq  displayfm.o
    0x08007a18   0x00000002   Code   RO         5626    i.FmDisplaySeek     displayfm.o
    0x08007a1a   0x00000002   PAD
    0x08007a1c   0x00000034   Code   RO         2922    i.FmEnterSleepMode  appfm.o
    0x08007a50   0x00000068   Code   RO         2923    i.FmFreqAdd         appfm.o
    0x08007ab8   0x00000068   Code   RO         2924    i.FmFreqSub         appfm.o
    0x08007b20   0x000000c8   Code   RO         2925    i.FmFreqTypeIn      appfm.o
    0x08007be8   0x00000064   Code   RO         2926    i.FmSwitchChVfo     appfm.o
    0x08007c4c   0x0000008c   Code   RO         2927    i.FmTaskFunc        appfm.o
    0x08007cd8   0x00000020   Code   RO         2928    i.Fm_KeyDigitalInput  appfm.o
    0x08007cf8   0x0000005c   Code   RO         4801    i.Font_Read_12x12_CN  flashfont.o
    0x08007d54   0x00000078   Code   RO         4802    i.Font_Read_12x17_Number  flashfont.o
    0x08007dcc   0x00000058   Code   RO         4803    i.Font_Read_16x16_CN  flashfont.o
    0x08007e24   0x00000020   Code   RO         4804    i.Font_Read_5x7_ASCII  flashfont.o
    0x08007e44   0x00000020   Code   RO         4805    i.Font_Read_6x12_ASCII  flashfont.o
    0x08007e64   0x00000044   Code   RO         4806    i.Font_Read_6x9_Number  flashfont.o
    0x08007ea8   0x00000020   Code   RO         4807    i.Font_Read_8x16_ASCII  flashfont.o
    0x08007ec8   0x00000088   Code   RO         3132    i.FreqTypeIn        appmenu.o
    0x08007f50   0x00000050   Code   RO         4377    i.GOLAY_ENCODE      devbk4819.o
    0x08007fa0   0x00000070   Code   RO          958    i.GPIO_Init         bt32f0x_gpio.o
    0x08008010   0x00000020   Code   RO          959    i.GPIO_PinAFConfig  bt32f0x_gpio.o
    0x08008030   0x00000004   Code   RO          961    i.GPIO_ReadInputData  bt32f0x_gpio.o
    0x08008034   0x00000004   Code   RO          965    i.GPIO_ResetBits    bt32f0x_gpio.o
    0x08008038   0x00000004   Code   RO          966    i.GPIO_SetBits      bt32f0x_gpio.o
    0x0800803c   0x00000004   Code   RO          968    i.GPIO_Write        bt32f0x_gpio.o
    0x08008040   0x0000001c   Code   RO         4074    i.GetCTSDCSType     radio.o
    0x0800805c   0x0000007c   Code   RO         6012    i.GetCtcssDisBuf    displaymenu.o
    0x080080d8   0x0000002c   Code   RO         4075    i.GetCurWorkBand    radio.o
    0x08008104   0x00000080   Code   RO         3834    i.GetDtmfEditCode   appdtmf.o
    0x08008184   0x0000003c   Code   RO         4250    i.GetHardWorkBand   radiotask.o
    0x080081c0   0x00000084   Code   RO         4884    i.GetKeyCode        keyboard.o
    0x08008244   0x00000018   Code   RO         5862    i.GetWorkBackColour  displaymain.o
    0x0800825c   0x0000002a   Code   RO         2693    i.GpioModeSwitch    board.o
    0x08008286   0x00000002   PAD
    0x08008288   0x00000150   Code   RO         2694    i.Gpio_Init         board.o
    0x080083d8   0x00000154   Code   RO         3962    i.HandleProgromCmd  progromflash.o
    0x0800852c   0x00000018   Code   RO          126    i.HardFault_Handler  bt32f0x_it.o
    0x08008544   0x00000094   Code   RO         5525    i.I2C_Read          i2c.o
    0x080085d8   0x00000044   Code   RO         5526    i.I2C_ReadBuffer    i2c.o
    0x0800861c   0x00000040   Code   RO         5527    i.I2C_Start         i2c.o
    0x0800865c   0x00000040   Code   RO         5528    i.I2C_Stop          i2c.o
    0x0800869c   0x000000b4   Code   RO         5529    i.I2C_Write         i2c.o
    0x08008750   0x00000030   Code   RO         3835    i.InputDtmfCode     appdtmf.o
    0x08008780   0x0000009c   Code   RO         5685    i.InputPinYin       displayinputbox.o
    0x0800881c   0x00000030   Code   RO         5686    i.InsertChar        displayinputbox.o
    0x0800884c   0x00000110   Code   RO         4885    i.KEY_GetKeyEvent   keyboard.o
    0x0800895c   0x00000028   Code   RO         4886    i.KEY_ReadGpioInput  keyboard.o
    0x08008984   0x00000054   Code   RO         4887    i.KEY_ScanTask      keyboard.o
    0x080089d8   0x0000002c   Code   RO         5458    i.KeyLockFunSwitch  functions.o
    0x08008a04   0x00000098   Code   RO         3836    i.KeyProcess_DtmfInput  appdtmf.o
    0x08008a9c   0x00000110   Code   RO         2929    i.KeyProcess_Fm     appfm.o
    0x08008bac   0x000000bc   Code   RO         3065    i.KeyProcess_Main   appmain.o
    0x08008c68   0x00000158   Code   RO         3133    i.KeyProcess_Menu   appmenu.o
    0x08008dc0   0x00000018   Code   RO         3339    i.KeyProcess_Moni   appmoni.o
    0x08008dd8   0x00000074   Code   RO         3370    i.KeyProcess_Scan   appscan.o
    0x08008e4c   0x00000074   Code   RO         3427    i.KeyProcess_ScanQt  appscanqt.o
    0x08008ec0   0x0000008c   Code   RO         3477    i.KeyProcess_Search  appsearch.o
    0x08008f4c   0x000000a4   Code   RO         3582    i.KeyProcess_Weather  appweather.o
    0x08008ff0   0x00000014   Code   RO         4888    i.KeyScanReset      keyboard.o
    0x08009004   0x00000078   Code   RO         4889    i.Key_GetRealEvent  keyboard.o
    0x0800907c   0x0000003c   Code   RO         2787    i.LCD_BackLightSetOn  boardfun.o
    0x080090b8   0x0000002c   Code   RO         2788    i.LCD_CheckBackLight  boardfun.o
    0x080090e4   0x0000000c   Code   RO         6241    i.LCD_ClearArea     lcdfilldot.o
    0x080090f0   0x00000014   Code   RO         6242    i.LCD_DisplayIcon   lcdfilldot.o
    0x08009104   0x0000009a   Code   RO         6243    i.LCD_DisplayNum12x17  lcdfilldot.o
    0x0800919e   0x00000068   Code   RO         6244    i.LCD_DisplayNum6X9  lcdfilldot.o
    0x08009206   0x0000012a   Code   RO         6245    i.LCD_DisplayText   lcdfilldot.o
    0x08009330   0x0000003e   Code   RO         6246    i.LCD_DisplayText5X7  lcdfilldot.o
    0x0800936e   0x00000002   PAD
    0x08009370   0x0000001c   Code   RO         2789    i.LcdBackLightSwitch  boardfun.o
    0x0800938c   0x00000040   Code   RO         2790    i.LedRxSwitch       boardfun.o
    0x080093cc   0x00000040   Code   RO         2791    i.LedTxSwitch       boardfun.o
    0x0800940c   0x00000024   Code   RO         2792    i.LightFlashTask    boardfun.o
    0x08009430   0x00000040   Code   RO         2793    i.LightSwitch       boardfun.o
    0x08009470   0x0000001e   Code   RO         4076    i.ListFlagSet       radio.o
    0x0800948e   0x0000002c   Code   RO         3134    i.LongIntoI2C       appmenu.o
    0x080094ba   0x00000002   PAD
    0x080094bc   0x0000009c   Code   RO         3066    i.Main_Backspace    appmain.o
    0x08009558   0x0000004c   Code   RO         3067    i.Main_KeyDigitalInput  appmain.o
    0x080095a4   0x00000070   Code   RO         3068    i.Main_KeyDownFun   appmain.o
    0x08009614   0x00000070   Code   RO         3069    i.Main_KeyUpFun     appmain.o
    0x08009684   0x00000054   Code   RO         6013    i.MenuShowInputChar  displaymenu.o
    0x080096d8   0x000000b0   Code   RO         6014    i.Menu_Display      displaymenu.o
    0x08009788   0x0000005c   Code   RO         3135    i.Menu_Down         appmenu.o
    0x080097e4   0x00000044   Code   RO         3136    i.Menu_EnterMode    appmenu.o
    0x08009828   0x00000104   Code   RO         3137    i.Menu_EnterNextLevel  appmenu.o
    0x0800992c   0x00000070   Code   RO         3138    i.Menu_ExitMode     appmenu.o
    0x0800999c   0x00000040   Code   RO         3139    i.Menu_GetFmSubItemPara  appmenu.o
    0x080099dc   0x000002f0   Code   RO         3140    i.Menu_GetSubItemPara  appmenu.o
    0x08009ccc   0x000005f0   Code   RO         6016    i.Menu_GetSubItemString  displaymenu.o
    0x0800a2bc   0x00000138   Code   RO         3141    i.Menu_KeyDigitalInput  appmenu.o
    0x0800a3f4   0x00000058   Code   RO         3142    i.Menu_PriorLevel   appmenu.o
    0x0800a44c   0x0000003c   Code   RO         3143    i.Menu_SaveFmSelectItem  appmenu.o
    0x0800a488   0x00000320   Code   RO         3144    i.Menu_SaveSelectItem  appmenu.o
    0x0800a7a8   0x0000005c   Code   RO         3145    i.Menu_Up           appmenu.o
    0x0800a804   0x00000002   Code   RO          127    i.NMI_Handler       bt32f0x_it.o
    0x0800a806   0x00000028   Code   RO         2695    i.NVIC_Configuration  board.o
    0x0800a82e   0x00000002   PAD
    0x0800a830   0x00000050   Code   RO         1111    i.NVIC_Init         bt32f0x_misc.o
    0x0800a880   0x00000018   Code   RO         3146    i.NVIC_SystemReset  appmenu.o
    0x0800a898   0x00000018   Code   RO         3963    i.NVIC_SystemReset  progromflash.o
    0x0800a8b0   0x000000a4   Code   RO         5688    i.NumToChar         displayinputbox.o
    0x0800a954   0x00000030   Code   RO         3147    i.OffectFrequency2Buf  appmenu.o
    0x0800a984   0x00000012   Code   RO         4857    i.PTT_GetKeyVal     key_ptt.o
    0x0800a996   0x00000002   PAD
    0x0800a998   0x00000070   Code   RO         4858    i.PTT_ScanTask      key_ptt.o
    0x0800aa08   0x00000002   Code   RO          128    i.PendSV_Handler    bt32f0x_it.o
    0x0800aa0a   0x00000002   PAD
    0x0800aa0c   0x00000074   Code   RO         3675    i.PowerSaveTask     battery.o
    0x0800aa80   0x00000014   Code   RO         3964    i.ProgromInit       progromflash.o
    0x0800aa94   0x00000014   Code   RO         3965    i.ProgromSendAck    progromflash.o
    0x0800aaa8   0x00000058   Code   RO         3966    i.ProgromSendFreqRange  progromflash.o
    0x0800ab00   0x0000011c   Code   RO         3967    i.ProgromWriteReadData  progromflash.o
    0x0800ac1c   0x00000090   Code   RO         6150    i.QTScanDisplay     displayscanqt.o
    0x0800acac   0x0000004c   Code   RO         6151    i.QTScanDisplayHome  displayscanqt.o
    0x0800acf8   0x00000068   Code   RO         6152    i.QTScanDisplayStatus  displayscanqt.o
    0x0800ad60   0x0000001c   Code   RO         1224    i.RCC_AHBPeriphClockCmd  bt32f0x_rcc.o
    0x0800ad7c   0x0000001c   Code   RO         1226    i.RCC_APB1PeriphClockCmd  bt32f0x_rcc.o
    0x0800ad98   0x0000001c   Code   RO         1227    i.RCC_APB1PeriphResetCmd  bt32f0x_rcc.o
    0x0800adb4   0x0000001c   Code   RO         1228    i.RCC_APB2PeriphClockCmd  bt32f0x_rcc.o
    0x0800add0   0x0000001c   Code   RO         1229    i.RCC_APB2PeriphResetCmd  bt32f0x_rcc.o
    0x0800adec   0x0000005c   Code   RO         1237    i.RCC_DeInit        bt32f0x_rcc.o
    0x0800ae48   0x00000114   Code   RO         1238    i.RCC_GetClocksFreq  bt32f0x_rcc.o
    0x0800af5c   0x00000038   Code   RO         1239    i.RCC_GetFlagStatus  bt32f0x_rcc.o
    0x0800af94   0x00000014   Code   RO         1242    i.RCC_HCLKConfig    bt32f0x_rcc.o
    0x0800afa8   0x00000020   Code   RO         1246    i.RCC_HSICmd        bt32f0x_rcc.o
    0x0800afc8   0x00000014   Code   RO         1253    i.RCC_PCLKConfig    bt32f0x_rcc.o
    0x0800afdc   0x00000020   Code   RO         1254    i.RCC_PLLCmd        bt32f0x_rcc.o
    0x0800affc   0x0000001c   Code   RO         1255    i.RCC_PLLConfig     bt32f0x_rcc.o
    0x0800b018   0x00000014   Code   RO         1259    i.RCC_SYSCLKConfig  bt32f0x_rcc.o
    0x0800b02c   0x00000028   Code   RO         5214    i.RDA5802E_SeriesRead  rda5807.o
    0x0800b054   0x00000058   Code   RO         5215    i.RDA5807_FrequencyToTune  rda5807.o
    0x0800b0ac   0x00000020   Code   RO         5216    i.RDA5807_PowerOff  rda5807.o
    0x0800b0cc   0x0000000c   Code   RO         5217    i.RDA5807_PowerOn   rda5807.o
    0x0800b0d8   0x00000050   Code   RO         5218    i.RDA5807_STC       rda5807.o
    0x0800b128   0x00000018   Code   RO         5219    i.RDA5807_Seek      rda5807.o
    0x0800b140   0x0000003c   Code   RO         5220    i.RDA5807_SeriesWrite  rda5807.o
    0x0800b17c   0x000000a2   Code   RO         2794    i.RF_PowerSet       boardfun.o
    0x0800b21e   0x00000002   PAD
    0x0800b220   0x00000050   Code   RO         4251    i.RF_RxEnd          radiotask.o
    0x0800b270   0x00000298   Code   RO         4252    i.RF_RxTask         radiotask.o
    0x0800b508   0x00000064   Code   RO         4378    i.RF_SendTail       devbk4819.o
    0x0800b56c   0x00000020   Code   RO         4253    i.RF_Task           radiotask.o
    0x0800b58c   0x00000064   Code   RO         4254    i.RF_TxEnd          radiotask.o
    0x0800b5f0   0x0000002c   Code   RO         4255    i.RF_TxRoger        radiotask.o
    0x0800b61c   0x000000f8   Code   RO         4256    i.RF_TxTask         radiotask.o
    0x0800b714   0x00000018   Code   RO         4077    i.RadioConfig_Init  radio.o
    0x0800b72c   0x00000034   Code   RO         4078    i.RadioVfoInfo_Init  radio.o
    0x0800b760   0x000000c0   Code   RO         4257    i.Radio_EnterTxMode  radiotask.o
    0x0800b820   0x00000034   Code   RO         4079    i.Radio_ReverseOff  radio.o
    0x0800b854   0x000000b8   Code   RO         4080    i.Radio_ReverseSwitch  radio.o
    0x0800b90c   0x0000003c   Code   RO         4081    i.Radio_SwitchAOrB  radio.o
    0x0800b948   0x00000090   Code   RO         4082    i.Radio_SwitchChannelOrVfo  radio.o
    0x0800b9d8   0x00000108   Code   RO         5459    i.Radio_TxKeyTone   functions.o
    0x0800bae0   0x00000058   Code   RO         5460    i.Radio_TxPowerSWitch  functions.o
    0x0800bb38   0x00000060   Code   RO         5044    i.Reset21Chans      radiodatareset.o
    0x0800bb98   0x0000001c   Code   RO         5045    i.ResetChannelData  radiodatareset.o
    0x0800bbb4   0x0000000c   Code   RO         3837    i.ResetDtmfEditCode  appdtmf.o
    0x0800bbc0   0x0000000c   Code   RO         3748    i.ResetDualRxTime   dualstandby.o
    0x0800bbcc   0x0000001c   Code   RO         5461    i.ResetInputBuf     functions.o
    0x0800bbe8   0x00000024   Code   RO         3148    i.ResetMenuExitTime  appmenu.o
    0x0800bc0c   0x00000088   Code   RO         5047    i.ResetRadioFunData  radiodatareset.o
    0x0800bc94   0x00000030   Code   RO         3676    i.ResetTimeKeyLockAndPowerSave  battery.o
    0x0800bcc4   0x0000002c   Code   RO         5048    i.ResetVfoModeData  radiodatareset.o
    0x0800bcf0   0x00000074   Code   RO         2930    i.ResumeFmMode      appfm.o
    0x0800bd64   0x00000024   Code   RO         4258    i.RfOff             radiotask.o
    0x0800bd88   0x00000080   Code   RO         4381    i.Rfic_BandInitial  devbk4819.o
    0x0800be08   0x00000038   Code   RO         4382    i.Rfic_ByteWrite    devbk4819.o
    0x0800be40   0x0000005c   Code   RO         4259    i.Rfic_CheckCtsState  radiotask.o
    0x0800be9c   0x00000020   Code   RO         4383    i.Rfic_CheckFreqScan  devbk4819.o
    0x0800bebc   0x00000094   Code   RO         4384    i.Rfic_ConfigRxMode  devbk4819.o
    0x0800bf50   0x00000088   Code   RO         4385    i.Rfic_ConfigTxMode  devbk4819.o
    0x0800bfd8   0x00000030   Code   RO         4386    i.Rfic_CtcDcsScan_Setup  devbk4819.o
    0x0800c008   0x0000002c   Code   RO         4387    i.Rfic_EnterDTMFMode  devbk4819.o
    0x0800c034   0x00000034   Code   RO         4390    i.Rfic_ExitDTMFMode  devbk4819.o
    0x0800c068   0x00000010   Code   RO         4393    i.Rfic_FreqScan_Disable  devbk4819.o
    0x0800c078   0x00000010   Code   RO         4394    i.Rfic_FreqScan_Enable  devbk4819.o
    0x0800c088   0x00000044   Code   RO         4396    i.Rfic_GetCtsDcsData  devbk4819.o
    0x0800c0cc   0x00000010   Code   RO         4401    i.Rfic_GetRssiVal   devbk4819.o
    0x0800c0dc   0x00000014   Code   RO         4402    i.Rfic_GetRxTxState  devbk4819.o
    0x0800c0f0   0x0000000c   Code   RO         4403    i.Rfic_GetSCtsDcsType  devbk4819.o
    0x0800c0fc   0x00000024   Code   RO         4404    i.Rfic_GetSQLinkState  devbk4819.o
    0x0800c120   0x00000024   Code   RO         4405    i.Rfic_GetTail      devbk4819.o
    0x0800c144   0x000000c4   Code   RO         4406    i.Rfic_GetTxPAPara  devbk4819.o
    0x0800c208   0x00000026   Code   RO         4407    i.Rfic_GpioSetBit   devbk4819.o
    0x0800c22e   0x00000002   PAD
    0x0800c230   0x0000020c   Code   RO         4408    i.Rfic_Init         devbk4819.o
    0x0800c43c   0x00000014   Code   RO         4415    i.Rfic_ReadStatuesReg  devbk4819.o
    0x0800c450   0x00000094   Code   RO         4416    i.Rfic_ReadWord     devbk4819.o
    0x0800c4e4   0x00000078   Code   RO         4417    i.Rfic_RxTxOnOffSetup  devbk4819.o
    0x0800c55c   0x00000180   Code   RO         4418    i.Rfic_SQLSetup     devbk4819.o
    0x0800c6dc   0x0000001a   Code   RO         4420    i.Rfic_ScanQT_Enable  devbk4819.o
    0x0800c6f6   0x00000002   PAD
    0x0800c6f8   0x00000094   Code   RO         4421    i.Rfic_SetAfout     devbk4819.o
    0x0800c78c   0x00000016   Code   RO         4422    i.Rfic_SetDtmfFreq  devbk4819.o
    0x0800c7a2   0x00000002   PAD
    0x0800c7a4   0x00000048   Code   RO         4423    i.Rfic_SetPA        devbk4819.o
    0x0800c7ec   0x000000a0   Code   RO         4424    i.Rfic_SetScramble  devbk4819.o
    0x0800c88c   0x00000020   Code   RO         4425    i.Rfic_SetToneFreq  devbk4819.o
    0x0800c8ac   0x00000016   Code   RO         4426    i.Rfic_Sleep        devbk4819.o
    0x0800c8c2   0x00000002   PAD
    0x0800c8c4   0x0000002c   Code   RO         4427    i.Rfic_SubaudioDetect  devbk4819.o
    0x0800c8f0   0x0000001c   Code   RO         4428    i.Rfic_SwitchFM_AM  devbk4819.o
    0x0800c90c   0x0000004c   Code   RO         4429    i.Rfic_TxSingleTone_Off  devbk4819.o
    0x0800c958   0x0000003c   Code   RO         4430    i.Rfic_TxSingleTone_On  devbk4819.o
    0x0800c994   0x00000010   Code   RO         4431    i.Rfic_WakeUp       devbk4819.o
    0x0800c9a4   0x0000003c   Code   RO         4432    i.Rfic_WriteWord    devbk4819.o
    0x0800c9e0   0x00000028   Code   RO         4260    i.RxReset           radiotask.o
    0x0800ca08   0x00000054   Code   RO         2696    i.SPI2_Init         board.o
    0x0800ca5c   0x00000016   Code   RO         1482    i.SPI_Cmd           bt32f0x_spi.o
    0x0800ca72   0x0000000a   Code   RO         1486    i.SPI_GetReceptionFIFOStatus  bt32f0x_spi.o
    0x0800ca7c   0x00000040   Code   RO         1490    i.SPI_I2S_DeInit    bt32f0x_spi.o
    0x0800cabc   0x0000000e   Code   RO         1491    i.SPI_I2S_GetFlagStatus  bt32f0x_spi.o
    0x0800caca   0x00000002   PAD
    0x0800cacc   0x00000054   Code   RO         1496    i.SPI_Init          bt32f0x_spi.o
    0x0800cb20   0x00000004   Code   RO         1500    i.SPI_ReceiveData8  bt32f0x_spi.o
    0x0800cb24   0x00000004   Code   RO         1503    i.SPI_SendData8     bt32f0x_spi.o
    0x0800cb28   0x00000012   Code   RO         5277    i.ST7735S_Clear     st7735s.o
    0x0800cb3a   0x00000042   Code   RO         5278    i.ST7735S_ClearArea  st7735s.o
    0x0800cb7c   0x00000050   Code   RO         5279    i.ST7735S_Command_Write  st7735s.o
    0x0800cbcc   0x0000002c   Code   RO         5280    i.ST7735S_Cursor_Set  st7735s.o
    0x0800cbf8   0x00000050   Code   RO         5281    i.ST7735S_Data_Write  st7735s.o
    0x0800cc48   0x00000076   Code   RO         5282    i.ST7735S_DisplayArea  st7735s.o
    0x0800ccbe   0x00000062   Code   RO         5283    i.ST7735S_DisplayColorArea  st7735s.o
    0x0800cd20   0x0000004a   Code   RO         5286    i.ST7735S_DrawHorizonLine  st7735s.o
    0x0800cd6a   0x0000004a   Code   RO         5290    i.ST7735S_DrawVerticalLine  st7735s.o
    0x0800cdb4   0x0000000a   Code   RO         5291    i.ST7735S_GRAM_Write  st7735s.o
    0x0800cdbe   0x00000002   PAD
    0x0800cdc0   0x00000200   Code   RO         5292    i.ST7735S_Init      st7735s.o
    0x0800cfc0   0x00000034   Code   RO         5293    i.ST7735S_SetRamAddr  st7735s.o
    0x0800cff4   0x00000050   Code   RO         5295    i.ST7735S_Window    st7735s.o
    0x0800d044   0x00000050   Code   RO         5296    i.ST7735S_Window_Set  st7735s.o
    0x0800d094   0x00000002   Code   RO          129    i.SVC_Handler       bt32f0x_it.o
    0x0800d096   0x00000002   PAD
    0x0800d098   0x00000014   Code   RO         2633    i.SYSCFG_MemoryRemapConfig  bt32f0x_syscfg.o
    0x0800d0ac   0x0000010c   Code   RO         3149    i.SaveChDelete      appmenu.o
    0x0800d1b8   0x00000240   Code   RO         3150    i.SaveChMemory      appmenu.o
    0x0800d3f8   0x0000015c   Code   RO         3428    i.SaveQTScanResult  appscanqt.o
    0x0800d554   0x000000a4   Code   RO         3151    i.SaveRadioCtcss    appmenu.o
    0x0800d5f8   0x00000090   Code   RO         3152    i.SaveRadioDcs      appmenu.o
    0x0800d688   0x00000080   Code   RO         3371    i.ScanNextChannel   appscan.o
    0x0800d708   0x0000002c   Code   RO         3372    i.ScanOff           appscan.o
    0x0800d734   0x00000064   Code   RO         3154    i.ScanRangeTypeIn   appmenu.o
    0x0800d798   0x00000060   Code   RO         3373    i.ScanStart         appscan.o
    0x0800d7f8   0x000000cc   Code   RO         3374    i.ScanTask          appscan.o
    0x0800d8c4   0x0000000a   Code   RO         6182    i.SearchFreqDisplayHome  displaysearch.o
    0x0800d8ce   0x00000002   PAD
    0x0800d8d0   0x00000050   Code   RO         3478    i.SearchFreqModeBandSwitch  appsearch.o
    0x0800d920   0x00000090   Code   RO         6183    i.SearchFreqModeDisplayDCSData  displaysearch.o
    0x0800d9b0   0x00000054   Code   RO         6184    i.SearchFreqModeDisplayStepMsg  displaysearch.o
    0x0800da04   0x0000036c   Code   RO         3479    i.SearchFreqTask    appsearch.o
    0x0800dd70   0x00000164   Code   RO         5689    i.SearchPyIndex     displayinputbox.o
    0x0800ded4   0x00000048   Code   RO         4083    i.SeekActiveChannel_Down  radio.o
    0x0800df1c   0x00000040   Code   RO         4084    i.SeekActiveChannel_Up  radio.o
    0x0800df5c   0x00000036   Code   RO         2931    i.SeekActiveFmChDown  appfm.o
    0x0800df92   0x00000032   Code   RO         2932    i.SeekActiveFmChUp  appfm.o
    0x0800dfc4   0x00000030   Code   RO         5690    i.SelectBD          displayinputbox.o
    0x0800dff4   0x00000030   Code   RO         5691    i.SelectHZ          displayinputbox.o
    0x0800e024   0x00000030   Code   RO         5692    i.SelectPinYin      displayinputbox.o
    0x0800e054   0x0000003c   Code   RO         2865    i.SetAlarmCode      appalarm.o
    0x0800e090   0x0000000c   Code   RO         5693    i.SetInputDisMode   displayinputbox.o
    0x0800e09c   0x0000005a   Code   RO           12    i.SetSysClock       system_bt32f0x.o
    0x0800e0f6   0x00000002   PAD
    0x0800e0f8   0x00000030   Code   RO         6017    i.ShowCtcssList     displaymenu.o
    0x0800e128   0x00000088   Code   RO         3070    i.SideKey_Process   appmain.o
    0x0800e1b0   0x00000048   Code   RO         3071    i.Sidekey_GetRemapEvent  appmain.o
    0x0800e1f8   0x00000018   Code   RO         2795    i.SpeakerSwitch     boardfun.o
    0x0800e210   0x00000014   Code   RO         4941    i.SpiFlash_CheckBusy  norflash.o
    0x0800e224   0x00000064   Code   RO         4942    i.SpiFlash_Erase32kBlock  norflash.o
    0x0800e288   0x00000068   Code   RO         4943    i.SpiFlash_Erase64kBlock  norflash.o
    0x0800e2f0   0x0000004c   Code   RO         4944    i.SpiFlash_EraseChip  norflash.o
    0x0800e33c   0x0000005c   Code   RO         4945    i.SpiFlash_EraseSector  norflash.o
    0x0800e398   0x00000058   Code   RO         4946    i.SpiFlash_Init     norflash.o
    0x0800e3f0   0x00000054   Code   RO         4947    i.SpiFlash_ReadBytes  norflash.o
    0x0800e444   0x00000040   Code   RO         4948    i.SpiFlash_ReadStatus  norflash.o
    0x0800e484   0x00000054   Code   RO         4949    i.SpiFlash_SendByte  norflash.o
    0x0800e4d8   0x00000078   Code   RO         4950    i.SpiFlash_WriteByte_InPage  norflash.o
    0x0800e550   0x00000062   Code   RO         4951    i.SpiFlash_WriteBytes  norflash.o
    0x0800e5b2   0x00000002   PAD
    0x0800e5b4   0x00000024   Code   RO         4953    i.SpiFlash_WriteEnable  norflash.o
    0x0800e5d8   0x0000005c   Code   RO         3968    i.StatusAck         progromflash.o
    0x0800e634   0x000001c0   Code   RO         5429    i.SysTickHandler    systick.o
    0x0800e7f4   0x00000008   Code   RO          130    i.SysTick_Handler   bt32f0x_it.o
    0x0800e7fc   0x0000004c   Code   RO         2697    i.SysTick_Init      board.o
    0x0800e848   0x00000060   Code   RO           14    i.SystemInit        system_bt32f0x.o
    0x0800e8a8   0x00000050   Code   RO         5694    i.T9Select          displayinputbox.o
    0x0800e8f8   0x00000018   Code   RO         1695    i.TIM_Cmd           bt32f0x_tim.o
    0x0800e910   0x0000001c   Code   RO         1697    i.TIM_CtrlPWMOutputs  bt32f0x_tim.o
    0x0800e92c   0x00000014   Code   RO         1698    i.TIM_DMACmd        bt32f0x_tim.o
    0x0800e940   0x00000008   Code   RO         1699    i.TIM_DMAConfig     bt32f0x_tim.o
    0x0800e948   0x0000006c   Code   RO         1739    i.TIM_OC4Init       bt32f0x_tim.o
    0x0800e9b4   0x00000074   Code   RO         1768    i.TIM_TimeBaseInit  bt32f0x_tim.o
    0x0800ea28   0x000000fc   Code   RO         3429    i.TaskRemoteScanQT  appscanqt.o
    0x0800eb24   0x00000084   Code   RO         4261    i.TotTimeWarning    radiotask.o
    0x0800eba8   0x00000046   Code   RO         5863    i.TranStrToMiddle   displaymain.o
    0x0800ebee   0x00000002   PAD
    0x0800ebf0   0x0000007c   Code   RO         6130    i.UI_DisplayPowerOn  displaypoweron.o
    0x0800ec6c   0x00000028   Code   RO         2698    i.USART1_Handler    board.o
    0x0800ec94   0x00000008   Code   RO          131    i.USART1_IRQHandler  bt32f0x_it.o
    0x0800ec9c   0x00000002   Code   RO          132    i.USART2_IRQHandler  bt32f0x_it.o
    0x0800ec9e   0x00000018   Code   RO         2257    i.USART_Cmd         bt32f0x_usart.o
    0x0800ecb6   0x0000003c   Code   RO         2266    i.USART_GetITStatus  bt32f0x_usart.o
    0x0800ecf2   0x0000002e   Code   RO         2268    i.USART_ITConfig    bt32f0x_usart.o
    0x0800ed20   0x00000094   Code   RO         2269    i.USART_Init        bt32f0x_usart.o
    0x0800edb4   0x00000008   Code   RO         2281    i.USART_ReceiveData  bt32f0x_usart.o
    0x0800edbc   0x0000001a   Code   RO         3969    i.UartSendBuf       progromflash.o
    0x0800edd6   0x00000002   PAD
    0x0800edd8   0x000000e0   Code   RO         6018    i.UpdateMenuDisplay  displaymenu.o
    0x0800eeb8   0x00000088   Code   RO         2699    i.Usart_Init        board.o
    0x0800ef40   0x0000003c   Code   RO         2700    i.UserADC_GetValOfBatt  board.o
    0x0800ef7c   0x0000003c   Code   RO         2701    i.UserADC_GetValOfVox  board.o
    0x0800efb8   0x00000068   Code   RO         2702    i.UserADC_Init      board.o
    0x0800f020   0x0000002c   Code   RO         4085    i.VfoFreqCalculate  radio.o
    0x0800f04c   0x00000128   Code   RO         4086    i.VfoFreqDown       radio.o
    0x0800f174   0x00000038   Code   RO         4087    i.VfoFreqSave       radio.o
    0x0800f1ac   0x000000cc   Code   RO         4088    i.VfoFreqTypeIn     radio.o
    0x0800f278   0x000000e4   Code   RO         4089    i.VfoFreqUp         radio.o
    0x0800f35c   0x00000030   Code   RO         4090    i.VfoFrequency2Buf  radio.o
    0x0800f38c   0x0000001c   Code   RO         4091    i.VfoOffsetCalculate  radio.o
    0x0800f3a8   0x00000020   Code   RO         6337    i.VoiceBroadcastWithBeepLock  voicebroadcast.o
    0x0800f3c8   0x00000074   Code   RO         6338    i.VoiceOutput_Interrupt  voicebroadcast.o
    0x0800f43c   0x000000b8   Code   RO         5462    i.VoxCheckTask      functions.o
    0x0800f4f4   0x00000070   Code   RO         4262    i.WaitPttRelease    radiotask.o
    0x0800f564   0x00000034   Code   RO         3583    i.WeatherChannelDown  appweather.o
    0x0800f598   0x00000030   Code   RO         3584    i.WeatherChannelUp  appweather.o
    0x0800f5c8   0x00000050   Code   RO         6215    i.WeatherDisplayFreq  displayweather.o
    0x0800f618   0x00000008   Code   RO         6216    i.WeatherDisplayHome  displayweather.o
    0x0800f620   0x00000028   Code   RO         3585    i.WeatherInit       appweather.o
    0x0800f648   0x00000030   Code   RO         3586    i.WeatherScanNextChannel  appweather.o
    0x0800f678   0x00000024   Code   RO         3587    i.WeatherScanOff    appweather.o
    0x0800f69c   0x00000024   Code   RO         3588    i.WeatherScanStart  appweather.o
    0x0800f6c0   0x000000c4   Code   RO         3589    i.WeatherScanTask   appweather.o
    0x0800f784   0x00000012   Code   RO         5298    i.WriteWord         st7735s.o
    0x0800f796   0x00000002   PAD
    0x0800f798   0x00000028   Code   RO         6806    i.__0sprintf$8      mc_p.l(printf8.o)
    0x0800f7c0   0x0000001a   Code   RO         3055    i.__ARM_common_switch8  appfm.o
    0x0800f7da   0x00000002   PAD
    0x0800f7dc   0x00000008   Code   RO         6885    i.__aeabi_errno_addr  mc_p.l(errno.o)
    0x0800f7e4   0x0000000e   Code   RO         6925    i.__scatterload_copy  mc_p.l(handlers.o)
    0x0800f7f2   0x00000002   Code   RO         6926    i.__scatterload_null  mc_p.l(handlers.o)
    0x0800f7f4   0x0000000e   Code   RO         6927    i.__scatterload_zeroinit  mc_p.l(handlers.o)
    0x0800f802   0x00000002   PAD
    0x0800f804   0x00000428   Code   RO         6811    i._printf_core      mc_p.l(printf8.o)
    0x0800fc2c   0x00000020   Code   RO         6812    i._printf_post_padding  mc_p.l(printf8.o)
    0x0800fc4c   0x0000002c   Code   RO         6813    i._printf_pre_padding  mc_p.l(printf8.o)
    0x0800fc78   0x0000000a   Code   RO         6815    i._sputc            mc_p.l(printf8.o)
    0x0800fc82   0x00000002   PAD
    0x0800fc84   0x0000001c   Code   RO         3155    i.checkInputCharMode  appmenu.o
    0x0800fca0   0x00000044   Code   RO         3156    i.loadCtcssVal      appmenu.o
    0x0800fce4   0x000000cc   Code   RO         3795    i.main              main.o
    0x0800fdb0   0x00000014   Code   RO         2703    i.uartSendChar      board.o
    0x0800fdc4   0x00000007   Data   RO         3072    .constdata          appmain.o
    0x0800fdcb   0x00000001   PAD
    0x0800fdcc   0x0000001a   Data   RO         3158    .constdata          appmenu.o
    0x0800fde6   0x00000002   PAD
    0x0800fde8   0x00000028   Data   RO         3592    .constdata          appweather.o
    0x0800fe10   0x00000007   Data   RO         3678    .constdata          battery.o
    0x0800fe17   0x00000001   PAD
    0x0800fe18   0x0000005e   Data   RO         3840    .constdata          appdtmf.o
    0x0800fe76   0x00000011   Data   RO         3973    .constdata          progromflash.o
    0x0800fe87   0x00000001   PAD
    0x0800fe88   0x0000001c   Data   RO         4092    .constdata          radio.o
    0x0800fea4   0x0000005c   Data   RO         4263    .constdata          radiotask.o
    0x0800ff00   0x00000044   Data   RO         4433    .constdata          devbk4819.o
    0x0800ff44   0x000000d2   Data   RO         4758    .constdata          devbk4819data.o
    0x08010016   0x00000066   Data   RO         4759    .constdata          devbk4819data.o
    0x0801007c   0x00000028   Data   RO         4890    .constdata          keyboard.o
    0x080100a4   0x00000140   Data   RO         5049    .constdata          radiodatareset.o
    0x080101e4   0x00000024   Data   RO         5113    .constdata          radiodatastorage.o
    0x08010208   0x0000000b   Data   RO         5463    .constdata          functions.o
    0x08010213   0x00000001   PAD
    0x08010214   0x000000a0   Data   RO         5696    .constdata          displayinputbox.o
    0x080102b4   0x00000008   Data   RO         5864    .constdata          displaymain.o
    0x080102bc   0x00000781   Data   RO         6020    .constdata          displaymenu.o
    0x08010a3d   0x00000003   PAD
    0x08010a40   0x0000000d   Data   RO         6185    .constdata          displaysearch.o
    0x08010a4d   0x00000036   Data   RO         6298    .constdata          beep.o
    0x08010a83   0x00000001   PAD
    0x08010a84   0x000000f2   Data   RO         6340    .constdata          voicebroadcast.o
    0x08010b76   0x00000030   Data   RO         6437    .constdata          bitmap.o
    0x08010ba6   0x00000030   Data   RO         6438    .constdata          bitmap.o
    0x08010bd6   0x00000030   Data   RO         6439    .constdata          bitmap.o
    0x08010c06   0x00000030   Data   RO         6440    .constdata          bitmap.o
    0x08010c36   0x00000030   Data   RO         6441    .constdata          bitmap.o
    0x08010c66   0x00000010   Data   RO         6442    .constdata          bitmap.o
    0x08010c76   0x00000005   Data   RO         6443    .constdata          bitmap.o
    0x08010c7b   0x00000005   Data   RO         6444    .constdata          bitmap.o
    0x08010c80   0x00000005   Data   RO         6445    .constdata          bitmap.o
    0x08010c85   0x00000011   Data   RO         6446    .constdata          bitmap.o
    0x08010c96   0x00000011   Data   RO         6447    .constdata          bitmap.o
    0x08010ca7   0x0000000d   Data   RO         6448    .constdata          bitmap.o
    0x08010cb4   0x00000020   Data   RO         6449    .constdata          bitmap.o
    0x08010cd4   0x00000020   Data   RO         6450    .constdata          bitmap.o
    0x08010cf4   0x0000002e   Data   RO         6451    .constdata          bitmap.o
    0x08010d22   0x00000007   Data   RO         6452    .constdata          bitmap.o
    0x08010d29   0x00000007   Data   RO         6453    .constdata          bitmap.o
    0x08010d30   0x00000005   Data   RO         6454    .constdata          bitmap.o
    0x08010d35   0x00000005   Data   RO         6455    .constdata          bitmap.o
    0x08010d3a   0x00000007   Data   RO         6456    .constdata          bitmap.o
    0x08010d41   0x00000012   Data   RO         6457    .constdata          bitmap.o
    0x08010d53   0x0000000b   Data   RO         6459    .constdata          bitmap.o
    0x08010d5e   0x00000011   Data   RO         6460    .constdata          bitmap.o
    0x08010d6f   0x00000007   Data   RO         6463    .constdata          bitmap.o
    0x08010d76   0x00000007   Data   RO         6464    .constdata          bitmap.o
    0x08010d7d   0x00000080   Data   RO         6466    .constdata          bitmap.o
    0x08010dfd   0x00000081   Data   RO         6556    .constdata          mc_p.l(ctype_o.o)
    0x08010e7e   0x00000002   PAD
    0x08010e80   0x00000004   Data   RO         6557    .constdata          mc_p.l(ctype_o.o)
    0x08010e84   0x00000086   Data   RO         5697    .conststring        displayinputbox.o
    0x08010f0a   0x00000002   PAD
    0x08010f0c   0x00000355   Data   RO         6022    .conststring        displaymenu.o
    0x08011261   0x00000003   PAD
    0x08011264   0x00000020   Data   RO         6923    Region$$Table       anon$$obj.o


    Execution Region RW_IRAM1 (Base: 0x200000c0, Size: 0x00004eb8, Max: 0x00008000, ABSOLUTE, COMPRESSED[0x000001d8])

    Base Addr    Size         Type   Attr      Idx    E Section Name        Object

    0x200000c0   0x00000014   Data   RW           15    .data               system_bt32f0x.o
    0x200000d4   0x00000010   Data   RW         1262    .data               bt32f0x_rcc.o
    0x200000e4   0x00000003   Data   RW         2796    .data               boardfun.o
    0x200000e7   0x00000001   PAD
    0x200000e8   0x00000006   Data   RW         3375    .data               appscan.o
    0x200000ee   0x00000001   Data   RW         3431    .data               appscanqt.o
    0x200000ef   0x00000001   Data   RW         3481    .data               appsearch.o
    0x200000f0   0x00000001   Data   RW         3593    .data               appweather.o
    0x200000f1   0x00000003   PAD
    0x200000f4   0x0000001c   Data   RW         3679    .data               battery.o
    0x20000110   0x00000006   Data   RW         3749    .data               dualstandby.o
    0x20000116   0x00000001   Data   RW         3976    .data               progromflash.o
    0x20000117   0x00000005   Data   RW         4264    .data               radiotask.o
    0x2000011c   0x00000006   Data   RW         4434    .data               devbk4819.o
    0x20000122   0x00000010   Data   RW         4760    .data               devbk4819data.o
    0x20000132   0x00000010   Data   RW         4761    .data               devbk4819data.o
    0x20000142   0x00000010   Data   RW         4762    .data               devbk4819data.o
    0x20000152   0x00000010   Data   RW         4763    .data               devbk4819data.o
    0x20000162   0x00000010   Data   RW         4764    .data               devbk4819data.o
    0x20000172   0x00000010   Data   RW         4765    .data               devbk4819data.o
    0x20000182   0x00000010   Data   RW         4766    .data               devbk4819data.o
    0x20000192   0x00000010   Data   RW         4767    .data               devbk4819data.o
    0x200001a2   0x00000010   Data   RW         4768    .data               devbk4819data.o
    0x200001b2   0x00000010   Data   RW         4769    .data               devbk4819data.o
    0x200001c2   0x00000010   Data   RW         4770    .data               devbk4819data.o
    0x200001d2   0x00000010   Data   RW         4771    .data               devbk4819data.o
    0x200001e2   0x00000010   Data   RW         4772    .data               devbk4819data.o
    0x200001f2   0x00000010   Data   RW         4773    .data               devbk4819data.o
    0x20000202   0x00000010   Data   RW         4774    .data               devbk4819data.o
    0x20000212   0x00000010   Data   RW         4775    .data               devbk4819data.o
    0x20000222   0x00000010   Data   RW         4776    .data               devbk4819data.o
    0x20000232   0x00000002   PAD
    0x20000234   0x0000000c   Data   RW         4777    .data               devbk4819data.o
    0x20000240   0x0000000c   Data   RW         4778    .data               devbk4819data.o
    0x2000024c   0x0000000c   Data   RW         4779    .data               devbk4819data.o
    0x20000258   0x0000000c   Data   RW         4780    .data               devbk4819data.o
    0x20000264   0x00000001   Data   RW         4859    .data               key_ptt.o
    0x20000265   0x00000008   Data   RW         4891    .data               keyboard.o
    0x2000026d   0x00000005   Data   RW         5114    .data               radiodatastorage.o
    0x20000272   0x00000008   Data   RW         5221    .data               rda5807.o
    0x2000027a   0x0000000e   Data   RW         5698    .data               displayinputbox.o
    0x20000288   0x000001e0   Data   RW         6035    .data               displaymenu.o
    0x20000468   0x00000004   Data   RW         6299    .data               beep.o
    0x2000046c   0x00000001   Data   RW         6341    .data               voicebroadcast.o
    0x2000046d   0x00000001   PAD
    0x2000046e   0x00000004   Data   RW         6342    .data               voicebroadcast.o
    0x20000472   0x00000002   PAD
    0x20000474   0x00000004   Data   RW         6519    .data               globe.o
    0x20000478   0x00000001   Data   RW         6520    .data               globe.o
    0x20000479   0x00000001   Data   RW         6521    .data               globe.o
    0x2000047a   0x00000001   Data   RW         6522    .data               globe.o
    0x2000047b   0x00000001   Data   RW         6523    .data               globe.o
    0x2000047c   0x00000001   Data   RW         6524    .data               globe.o
    0x2000047d   0x00000001   Data   RW         6525    .data               globe.o
    0x2000047e   0x00000001   Data   RW         6526    .data               globe.o
    0x2000047f   0x00000001   Data   RW         6527    .data               globe.o
    0x20000480   0x00000001   Data   RW         6529    .data               globe.o
    0x20000481   0x00000001   Data   RW         6530    .data               globe.o
    0x20000482   0x00000001   Data   RW         6531    .data               globe.o
    0x20000483   0x00000001   Data   RW         6532    .data               globe.o
    0x20000484   0x00000004   Data   RW         6888    .data               mc_p.l(errno.o)
    0x20000488   0x0000000a   Zero   RW         2866    .bss                appalarm.o
    0x20000492   0x0000000c   Zero   RW         2933    .bss                appfm.o
    0x2000049e   0x00000002   PAD
    0x200004a0   0x0000001c   Zero   RW         3157    .bss                appmenu.o
    0x200004bc   0x00000010   Zero   RW         3430    .bss                appscanqt.o
    0x200004cc   0x00000020   Zero   RW         3480    .bss                appsearch.o
    0x200004ec   0x0000000c   Zero   RW         3591    .bss                appweather.o
    0x200004f8   0x0000000b   Zero   RW         3677    .bss                battery.o
    0x20000503   0x00000001   PAD
    0x20000504   0x000001be   Zero   RW         3839    .bss                appdtmf.o
    0x200006c2   0x00000002   PAD
    0x200006c4   0x000004ac   Zero   RW         3972    .bss                progromflash.o
    0x20000b70   0x00000010   Zero   RW         4755    .bss                devbk4819data.o
    0x20000b80   0x00000010   Zero   RW         4756    .bss                devbk4819data.o
    0x20000b90   0x00000020   Zero   RW         4757    .bss                devbk4819data.o
    0x20000bb0   0x00000084   Zero   RW         5112    .bss                radiodatastorage.o
    0x20000c34   0x00000042   Zero   RW         5695    .bss                displayinputbox.o
    0x20000c76   0x00000011   Zero   RW         6019    .bss                displaymenu.o
    0x20000c87   0x00000001   PAD
    0x20000c88   0x00001024   Zero   RW         6339    .bss                voicebroadcast.o
    0x20001cac   0x00000038   Zero   RW         6514    .bss                globe.o
    0x20001ce4   0x00000040   Zero   RW         6515    .bss                globe.o
    0x20001d24   0x0000003c   Zero   RW         6516    .bss                globe.o
    0x20001d60   0x0000001a   Zero   RW         6517    .bss                globe.o
    0x20001d7a   0x00000002   PAD
    0x20001d7c   0x000001f8   Zero   RW         6518    .bss                globe.o
    0x20001f74   0x00000004   PAD
    0x20001f78   0x00003000   Zero   RW            1    STACK               startup_bt32f0x.o


==============================================================================

Image component sizes


      Code (inc. data)   RO Data    RW Data    ZI Data      Debug   Object Name

       644         88          0          0         10       3137   appalarm.o
      1388        152         94          0        446      10930   appdtmf.o
      2022        252          0          0         12      12380   appfm.o
       852        122          7          0          0       5185   appmain.o
      5512        676         26          0         28      22340   appmenu.o
       148         22          0          0          0       1485   appmoni.o
       588         68          0          6          0       3638   appscan.o
       792         60          0          1         16       3404   appscanqt.o
      1392        156          0          1         32       6160   appsearch.o
       324         52          0          0          0       2575   apptask.o
       740        102         40          1         12       6089   appweather.o
       608        102          7         28         11       6092   battery.o
       252         32         54          4          0       2208   beep.o
         0          0        647          0          0       2023   bitmap.o
      1068         94          0          0          0      13101   board.o
       718         96          0          3          0       5596   boardfun.o
       220         10          0          0          0      14527   bt32f0x_adc.o
       264         26          0          0          0      20303   bt32f0x_dma.o
        68         24          0          0          0       1559   bt32f0x_flash.o
       160          0          0          0          0       8597   bt32f0x_gpio.o
        56          8          0          0          0      17210   bt32f0x_it.o
        80          8          0          0          0       2084   bt32f0x_misc.o
       716        106          0         16          0      21232   bt32f0x_rcc.o
       202         20          0          0          0      13754   bt32f0x_spi.o
        20          6          0          0          0        587   bt32f0x_syscfg.o
       304         54          0          0          0      24609   bt32f0x_tim.o
       286         12          0          0          0      14278   bt32f0x_usart.o
        60          4          0          0          0       1053   crc.o
        46          0          0          0          0        980   delay.o
      3564        600         68          6          0      26108   devbk4819.o
         0          0        312        320         64       1974   devbk4819data.o
         2          0          0          0          0        476   displaybattery.o
        34          6          0          0          0        929   displaydtmf.o
       266         44          0          0          0       3200   displayfm.o
      2144        186        294         14         66      16585   displayinputbox.o
      2986        418          8          0          0      16082   displaymain.o
      2868        548       2774        480         17      12922   displaymenu.o
       124         18          0          0          0        740   displaypoweron.o
       324        122          0          0          0       1810   displayscanqt.o
       238         74         13          0          0       1846   displaysearch.o
        88         28          0          0          0        986   displayweather.o
       272         72          0          6          0       3060   dualstandby.o
       464         48          0          0          0       5666   flashfont.o
       900        128         11          0          0       5719   functions.o
         0          0          0         16        710       1288   globe.o
       524         38          0          0          0       3767   i2c.o
       130         18          0          1          0       1087   key_ptt.o
       668         56         40          8          0       5755   keyboard.o
       650          0          0          0          0       5479   lcdfilldot.o
       214         46          0          0          0       1021   main.o
       980         76          0          0          0       8794   norflash.o
      1666        136         41          1       1196      11226   progromflash.o
      2978        294         28          0          0      17930   radio.o
       304         36        320          0          0       3254   radiodatareset.o
      1772        182         36          5        132      11209   radiodatastorage.o
      2276        262         92          5          0      10435   radiotask.o
       336         52          0          8          0       4415   rda5807.o
      1404         24          0          0          0      11319   st7735s.o
        28          8        192          0      12288        696   startup_bt32f0x.o
       186         12          0         20          0     171373   system_bt32f0x.o
       448         68          0          0          0        789   systick.o
      1876        162        242          5       4132      12230   voicebroadcast.o

    ----------------------------------------------------------------------
     50316       6114       5393        964      19184     627286   Object Totals
         0          0         32          0          0          0   (incl. Generated)
        72          0         15          9         12          0   (incl. Padding)

    ----------------------------------------------------------------------

      Code (inc. data)   RO Data    RW Data    ZI Data      Debug   Library Member Name

        86          0          0          0          0          0   __dczerorl2.o
        30          0          0          0          0         60   _chval.o
       166          0          0          0          0         84   _strtoul.o
        26          0          0          0          0         72   atoi.o
        26          0          0          0          0         72   atol.o
         8          4        133          0          0         60   ctype_o.o
         0          0          0          0          0          0   entry.o
         0          0          0          0          0          0   entry10a.o
         0          0          0          0          0          0   entry11a.o
         8          4          0          0          0          0   entry2.o
         4          0          0          0          0          0   entry5.o
         0          0          0          0          0          0   entry7b.o
         0          0          0          0          0          0   entry8b.o
         8          4          0          0          0          0   entry9a.o
         8          4          0          4          0         60   errno.o
        30          0          0          0          0          0   handlers.o
        36          8          0          0          0         68   init.o
        32          0          0          0          0         68   llshl.o
        34          0          0          0          0         68   llushr.o
        26          0          0          0          0         72   memcmp.o
        36          0          0          0          0         60   memcpya.o
        36          0          0          0          0        100   memseta.o
      1190         48          0          0          0        384   printf8.o
        18          0          0          0          0         60   strcpy.o
        14          0          0          0          0         60   strlen.o
        26          0          0          0          0         68   strncpy.o
       112          4          0          0          0         76   strtol.o
        44          0          0          0          0         72   uidiv.o
        96          0          0          0          0         84   uldiv.o
        20          0          0          0          0         60   uread4.o
        18          0          0          0          0         60   uwrite4.o

    ----------------------------------------------------------------------
      2144         76        135          4          0       1768   Library Totals
         6          0          2          0          0          0   (incl. Padding)

    ----------------------------------------------------------------------

      Code (inc. data)   RO Data    RW Data    ZI Data      Debug   Library Name

      2138         76        133          4          0       1768   mc_p.l

    ----------------------------------------------------------------------
      2144         76        135          4          0       1768   Library Totals

    ----------------------------------------------------------------------

==============================================================================


      Code (inc. data)   RO Data    RW Data    ZI Data      Debug   

     52460       6190       5528        968      19184     606266   Grand Totals
     52460       6190       5528        472      19184     606266   ELF Image Totals (compressed)
     52460       6190       5528        472          0          0   ROM Totals

==============================================================================

    Total RO  Size (Code + RO Data)                57988 (  56.63kB)
    Total RW  Size (RW Data + ZI Data)             20152 (  19.68kB)
    Total ROM Size (Code + RO Data + RW Data)      58460 (  57.09kB)

==============================================================================

